-- Found ament_cmake: 1.3.14 (/opt/ros/humble/share/ament_cmake/cmake)
-- Found rosidl_default_generators: 1.2.1 (/opt/ros/humble/share/rosidl_default_generators/cmake)
-- Using all available rosidl_typesupport_c: rosidl_typesupport_fastrtps_c;rosidl_typesupport_introspection_c
-- Found rosidl_adapter: 3.1.8 (/opt/ros/humble/share/rosidl_adapter/cmake)
-- Using all available rosidl_typesupport_cpp: rosidl_typesupport_fastrtps_cpp;rosidl_typesupport_introspection_cpp
-- Found ament_cmake_ros: 0.10.0 (/opt/ros/humble/share/ament_cmake_ros/cmake)
-- Using all available rosidl_typesupport_c: rosidl_typesupport_fastrtps_c;rosidl_typesupport_introspection_c
-- Using all available rosidl_typesupport_cpp: rosidl_typesupport_fastrtps_cpp;rosidl_typesupport_introspection_cpp
-- Found python_cmake_module: 0.10.0 (/opt/ros/humble/share/python_cmake_module/cmake)
-- Using PYTHON_EXECUTABLE: /usr/bin/python3
-- Using PYTHON_INCLUDE_DIRS: /usr/include/python3.10
-- Using PYTHON_LIBRARIES: /usr/lib/x86_64-linux-gnu/libpython3.10.so
-- Found ament_lint_auto: 0.12.15 (/opt/ros/humble/share/ament_lint_auto/cmake)
-- Added test 'lint_cmake' to check CMake code style
-- Added test 'xmllint' to check XML markup files
-- Configuring done
-- Generating done
-- Build files have been written to: /home/bruithwirr/uni/ros2_ws/build/robot_msgs
[  3%] Built target robot_msgs__cpp
[  6%] Built target robot_msgs__rs
[  6%] Built target ament_cmake_python_copy_robot_msgs
[35m[1mConsolidate compiler generated dependencies of target robot_msgs__rosidl_generator_c[0m
[35m[1mConsolidate compiler generated dependencies of target robot_msgs__rosidl_typesupport_cpp[0m
[35m[1mConsolidate compiler generated dependencies of target robot_msgs__rosidl_typesupport_introspection_cpp[0m
[35m[1mConsolidate compiler generated dependencies of target robot_msgs__rosidl_typesupport_fastrtps_cpp[0m
[ 34%] Built target robot_msgs__rosidl_generator_c
[ 34%] Built target robot_msgs__rosidl_typesupport_cpp
[ 34%] Built target robot_msgs__rosidl_typesupport_introspection_cpp
[ 43%] Built target robot_msgs__rosidl_typesupport_fastrtps_cpp
[35m[1mConsolidate compiler generated dependencies of target robot_msgs__rosidl_typesupport_c[0m
[35m[1mConsolidate compiler generated dependencies of target robot_msgs__rosidl_typesupport_introspection_c[0m
[35m[1mConsolidate compiler generated dependencies of target robot_msgs__rosidl_typesupport_fastrtps_c[0m
[ 59%] Built target robot_msgs__rosidl_typesupport_c
[ 62%] Built target robot_msgs__rosidl_typesupport_introspection_c
[ 71%] Built target robot_msgs__rosidl_typesupport_fastrtps_c
[ 71%] Built target robot_msgs
[ 75%] Built target robot_msgs__py
[35m[1mConsolidate compiler generated dependencies of target robot_msgs__rosidl_generator_py[0m
[ 81%] Built target robot_msgs__rosidl_generator_py
running egg_info
writing robot_msgs.egg-info/PKG-INFO
writing dependency_links to robot_msgs.egg-info/dependency_links.txt
writing top-level names to robot_msgs.egg-info/top_level.txt
reading manifest file 'robot_msgs.egg-info/SOURCES.txt'
writing manifest file 'robot_msgs.egg-info/SOURCES.txt'
[35m[1mConsolidate compiler generated dependencies of target robot_msgs__rosidl_typesupport_c__pyext[0m
[35m[1mConsolidate compiler generated dependencies of target robot_msgs__rosidl_typesupport_fastrtps_c__pyext[0m
[35m[1mConsolidate compiler generated dependencies of target robot_msgs__rosidl_typesupport_introspection_c__pyext[0m
[100%] Built target robot_msgs__rosidl_typesupport_fastrtps_c__pyext
[100%] Built target robot_msgs__rosidl_typesupport_introspection_c__pyext
[100%] Built target robot_msgs__rosidl_typesupport_c__pyext
[100%] Built target ament_cmake_python_build_robot_msgs_egg
