[0.012s] Invoking command in '/home/bruithwirr/uni/ros2_ws/build/robot_old': CMAKE_PREFIX_PATH=/opt/ros/humble /usr/bin/cmake --build /home/bruithwirr/uni/ros2_ws/build/robot_old -- -j12 -l12
[0.057s] -- Found ament_cmake: 1.3.14 (/opt/ros/humble/share/ament_cmake/cmake)
[0.185s] -- Found ament_lint_auto: 0.12.15 (/opt/ros/humble/share/ament_lint_auto/cmake)
[0.249s] -- Added test 'cppcheck' to perform static code analysis on C / C++ code
[0.249s] -- Configured cppcheck include dirs: 
[0.249s] -- Configured cppcheck exclude dirs and/or files: 
[0.250s] -- Added test 'lint_cmake' to check CMake code style
[0.253s] -- Added test 'uncrustify' to check C / C++ code style
[0.253s] -- Configured uncrustify additional arguments: 
[0.254s] -- Added test 'xmllint' to check XML markup files
[0.255s] -- Configuring done
[0.260s] -- Generating done
[0.262s] -- Build files have been written to: /home/bruithwirr/uni/ros2_ws/build/robot_old
[0.283s] Invoked command in '/home/bruithwirr/uni/ros2_ws/build/robot_old' returned '0': CMAKE_PREFIX_PATH=/opt/ros/humble /usr/bin/cmake --build /home/bruithwirr/uni/ros2_ws/build/robot_old -- -j12 -l12
[0.357s] Invoking command in '/home/bruithwirr/uni/ros2_ws/build/robot_old': CMAKE_PREFIX_PATH=/opt/ros/humble /usr/bin/cmake --install /home/bruithwirr/uni/ros2_ws/build/robot_old
[0.364s] -- Install configuration: ""
[0.365s] -- Up-to-date: /home/bruithwirr/uni/ros2_ws/install/robot_old/share/ament_index/resource_index/package_run_dependencies/robot_old
[0.365s] -- Installing: /home/bruithwirr/uni/ros2_ws/install/robot_old/share/ament_index/resource_index/parent_prefix_path/robot_old
[0.365s] -- Up-to-date: /home/bruithwirr/uni/ros2_ws/install/robot_old/share/robot_old/environment/ament_prefix_path.sh
[0.365s] -- Installing: /home/bruithwirr/uni/ros2_ws/install/robot_old/share/robot_old/environment/ament_prefix_path.dsv
[0.365s] -- Up-to-date: /home/bruithwirr/uni/ros2_ws/install/robot_old/share/robot_old/environment/path.sh
[0.365s] -- Installing: /home/bruithwirr/uni/ros2_ws/install/robot_old/share/robot_old/environment/path.dsv
[0.365s] -- Up-to-date: /home/bruithwirr/uni/ros2_ws/install/robot_old/share/robot_old/local_setup.bash
[0.365s] -- Up-to-date: /home/bruithwirr/uni/ros2_ws/install/robot_old/share/robot_old/local_setup.sh
[0.365s] -- Up-to-date: /home/bruithwirr/uni/ros2_ws/install/robot_old/share/robot_old/local_setup.zsh
[0.365s] -- Installing: /home/bruithwirr/uni/ros2_ws/install/robot_old/share/robot_old/local_setup.dsv
[0.366s] -- Installing: /home/bruithwirr/uni/ros2_ws/install/robot_old/share/robot_old/package.dsv
[0.366s] -- Up-to-date: /home/bruithwirr/uni/ros2_ws/install/robot_old/share/ament_index/resource_index/packages/robot_old
[0.366s] -- Up-to-date: /home/bruithwirr/uni/ros2_ws/install/robot_old/share/robot_old/cmake/robot_oldConfig.cmake
[0.366s] -- Up-to-date: /home/bruithwirr/uni/ros2_ws/install/robot_old/share/robot_old/cmake/robot_oldConfig-version.cmake
[0.366s] -- Installing: /home/bruithwirr/uni/ros2_ws/install/robot_old/share/robot_old/package.xml
[0.368s] Invoked command in '/home/bruithwirr/uni/ros2_ws/build/robot_old' returned '0': CMAKE_PREFIX_PATH=/opt/ros/humble /usr/bin/cmake --install /home/bruithwirr/uni/ros2_ws/build/robot_old
