In file included from [01m[K/home/bruithwirr/uni/ros2_ws/src/robot_game/include/GameNode.h:6[m[K,
                 from [01m[K/home/bruithwirr/uni/ros2_ws/src/robot_game/src/GameNode.cpp:1[m[K:
[01m[K/home/bruithwirr/uni/ros2_ws/src/robot_game/include/waste/WasteGenerator.h:[m[K In member function ‘[01m[Kstd::shared_ptr<waste::WasteItem> waste::WasteGenerator::generate()[m[K’:
[01m[K/home/bruithwirr/uni/ros2_ws/src/robot_game/include/waste/WasteGenerator.h:33:66:[m[K [01;31m[Kerror: [m[K‘[01m[Kusing element_type = class environment::Environment[m[K’ {aka ‘[01m[Kclass environment::Environment[m[K’} has no member named ‘[01m[KgetResolution[m[K’; did you mean ‘[01m[Kdouble environment::Environment::resolution_[m[K’? (not accessible from this context)
   33 |                 x = randomDouble(10.0, env_->getWidth()  / env_->[01;31m[KgetResolution[m[K() - 10.0);
      |                                                                  [01;31m[K^~~~~~~~~~~~~[m[K
In file included from [01m[K/home/bruithwirr/uni/ros2_ws/src/robot_game/include/waste/WasteGenerator.h:4[m[K,
                 from [01m[K/home/bruithwirr/uni/ros2_ws/src/robot_game/include/GameNode.h:6[m[K,
                 from [01m[K/home/bruithwirr/uni/ros2_ws/src/robot_game/src/GameNode.cpp:1[m[K:
[01m[K/home/bruithwirr/uni/ros2_ws/src/robot_game/../robot_old/include/environment/Environment.h:24:12:[m[K [01;36m[Knote: [m[Kdeclared private here
   24 |     double [01;36m[Kresolution_[m[K;
      |            [01;36m[K^~~~~~~~~~~[m[K
In file included from [01m[K/home/bruithwirr/uni/ros2_ws/src/robot_game/include/GameNode.h:6[m[K,
                 from [01m[K/home/bruithwirr/uni/ros2_ws/src/robot_game/src/GameNode.cpp:1[m[K:
[01m[K/home/bruithwirr/uni/ros2_ws/src/robot_game/include/waste/WasteGenerator.h:34:66:[m[K [01;31m[Kerror: [m[K‘[01m[Kusing element_type = class environment::Environment[m[K’ {aka ‘[01m[Kclass environment::Environment[m[K’} has no member named ‘[01m[KgetResolution[m[K’; did you mean ‘[01m[Kdouble environment::Environment::resolution_[m[K’? (not accessible from this context)
   34 |                 y = randomDouble(10.0, env_->getHeight() / env_->[01;31m[KgetResolution[m[K() - 10.0);
      |                                                                  [01;31m[K^~~~~~~~~~~~~[m[K
In file included from [01m[K/home/bruithwirr/uni/ros2_ws/src/robot_game/include/waste/WasteGenerator.h:4[m[K,
                 from [01m[K/home/bruithwirr/uni/ros2_ws/src/robot_game/include/GameNode.h:6[m[K,
                 from [01m[K/home/bruithwirr/uni/ros2_ws/src/robot_game/src/GameNode.cpp:1[m[K:
[01m[K/home/bruithwirr/uni/ros2_ws/src/robot_game/../robot_old/include/environment/Environment.h:24:12:[m[K [01;36m[Knote: [m[Kdeclared private here
   24 |     double [01;36m[Kresolution_[m[K;
      |            [01;36m[K^~~~~~~~~~~[m[K
gmake[2]: *** [CMakeFiles/game_node.dir/build.make:76: CMakeFiles/game_node.dir/src/GameNode.cpp.o] Error 1
gmake[1]: *** [CMakeFiles/Makefile2:193: CMakeFiles/game_node.dir/all] Error 2
gmake: *** [Makefile:146: all] Error 2
