-- Found ament_cmake: 1.3.14 (/opt/ros/humble/share/ament_cmake/cmake)
-- Found rclcpp: 16.0.19 (/opt/ros/humble/share/rclcpp/cmake)
-- Found rosidl_generator_c: 3.1.8 (/opt/ros/humble/share/rosidl_generator_c/cmake)
-- Found rosidl_adapter: 3.1.8 (/opt/ros/humble/share/rosidl_adapter/cmake)
-- Found rosidl_generator_cpp: 3.1.8 (/opt/ros/humble/share/rosidl_generator_cpp/cmake)
-- Using all available rosidl_typesupport_c: rosidl_typesupport_fastrtps_c;rosidl_typesupport_introspection_c
-- Using all available rosidl_typesupport_cpp: rosidl_typesupport_fastrtps_cpp;rosidl_typesupport_introspection_cpp
-- Found rmw_implementation_cmake: 6.1.2 (/opt/ros/humble/share/rmw_implementation_cmake/cmake)
-- Found rmw_fastrtps_cpp: 6.2.10 (/opt/ros/humble/share/rmw_fastrtps_cpp/cmake)
-- Using RMW implementation 'rmw_fastrtps_cpp' as default
-- Found robot_msgs: 0.0.0 (/home/bruithwirr/uni/ros2_ws/install/robot_msgs/share/robot_msgs/cmake)
-- Found geometry_msgs: 4.9.1 (/opt/ros/humble/share/geometry_msgs/cmake)
-- Found visualization_msgs: 4.9.1 (/opt/ros/humble/share/visualization_msgs/cmake)
-- Found nav_msgs: 4.9.1 (/opt/ros/humble/share/nav_msgs/cmake)
-- Configuring done
-- Generating done
-- Build files have been written to: /home/bruithwirr/uni/ros2_ws/build/robot_game
[35m[1mConsolidate compiler generated dependencies of target keyboard_node[0m
[35m[1mConsolidate compiler generated dependencies of target robot_node[0m
[ 10%] [32mBuilding CXX object CMakeFiles/game_node.dir/src/GameNode.cpp.o[0m
[ 30%] Built target keyboard_node
[ 90%] Built target robot_node
In file included from [01m[K/home/bruithwirr/uni/ros2_ws/src/robot_game/include/GameNode.h:6[m[K,
                 from [01m[K/home/bruithwirr/uni/ros2_ws/src/robot_game/src/GameNode.cpp:1[m[K:
[01m[K/home/bruithwirr/uni/ros2_ws/src/robot_game/include/waste/WasteGenerator.h:[m[K In member function ‘[01m[Kstd::shared_ptr<waste::WasteItem> waste::WasteGenerator::generate()[m[K’:
[01m[K/home/bruithwirr/uni/ros2_ws/src/robot_game/include/waste/WasteGenerator.h:33:66:[m[K [01;31m[Kerror: [m[K‘[01m[Kusing element_type = class environment::Environment[m[K’ {aka ‘[01m[Kclass environment::Environment[m[K’} has no member named ‘[01m[KgetResolution[m[K’; did you mean ‘[01m[Kdouble environment::Environment::resolution_[m[K’? (not accessible from this context)
   33 |                 x = randomDouble(10.0, env_->getWidth()  / env_->[01;31m[KgetResolution[m[K() - 10.0);
      |                                                                  [01;31m[K^~~~~~~~~~~~~[m[K
In file included from [01m[K/home/bruithwirr/uni/ros2_ws/src/robot_game/include/waste/WasteGenerator.h:4[m[K,
                 from [01m[K/home/bruithwirr/uni/ros2_ws/src/robot_game/include/GameNode.h:6[m[K,
                 from [01m[K/home/bruithwirr/uni/ros2_ws/src/robot_game/src/GameNode.cpp:1[m[K:
[01m[K/home/bruithwirr/uni/ros2_ws/src/robot_game/../robot_old/include/environment/Environment.h:24:12:[m[K [01;36m[Knote: [m[Kdeclared private here
   24 |     double [01;36m[Kresolution_[m[K;
      |            [01;36m[K^~~~~~~~~~~[m[K
In file included from [01m[K/home/bruithwirr/uni/ros2_ws/src/robot_game/include/GameNode.h:6[m[K,
                 from [01m[K/home/bruithwirr/uni/ros2_ws/src/robot_game/src/GameNode.cpp:1[m[K:
[01m[K/home/bruithwirr/uni/ros2_ws/src/robot_game/include/waste/WasteGenerator.h:34:66:[m[K [01;31m[Kerror: [m[K‘[01m[Kusing element_type = class environment::Environment[m[K’ {aka ‘[01m[Kclass environment::Environment[m[K’} has no member named ‘[01m[KgetResolution[m[K’; did you mean ‘[01m[Kdouble environment::Environment::resolution_[m[K’? (not accessible from this context)
   34 |                 y = randomDouble(10.0, env_->getHeight() / env_->[01;31m[KgetResolution[m[K() - 10.0);
      |                                                                  [01;31m[K^~~~~~~~~~~~~[m[K
In file included from [01m[K/home/bruithwirr/uni/ros2_ws/src/robot_game/include/waste/WasteGenerator.h:4[m[K,
                 from [01m[K/home/bruithwirr/uni/ros2_ws/src/robot_game/include/GameNode.h:6[m[K,
                 from [01m[K/home/bruithwirr/uni/ros2_ws/src/robot_game/src/GameNode.cpp:1[m[K:
[01m[K/home/bruithwirr/uni/ros2_ws/src/robot_game/../robot_old/include/environment/Environment.h:24:12:[m[K [01;36m[Knote: [m[Kdeclared private here
   24 |     double [01;36m[Kresolution_[m[K;
      |            [01;36m[K^~~~~~~~~~~[m[K
gmake[2]: *** [CMakeFiles/game_node.dir/build.make:76: CMakeFiles/game_node.dir/src/GameNode.cpp.o] Error 1
gmake[1]: *** [CMakeFiles/Makefile2:193: CMakeFiles/game_node.dir/all] Error 2
gmake: *** [Makefile:146: all] Error 2
