-- Found ament_cmake: 1.3.14 (/opt/ros/humble/share/ament_cmake/cmake)
-- Found rclcpp: 16.0.19 (/opt/ros/humble/share/rclcpp/cmake)
-- Found rosidl_generator_c: 3.1.8 (/opt/ros/humble/share/rosidl_generator_c/cmake)
-- Found rosidl_adapter: 3.1.8 (/opt/ros/humble/share/rosidl_adapter/cmake)
-- Found rosidl_generator_cpp: 3.1.8 (/opt/ros/humble/share/rosidl_generator_cpp/cmake)
-- Using all available rosidl_typesupport_c: rosidl_typesupport_fastrtps_c;rosidl_typesupport_introspection_c
-- Using all available rosidl_typesupport_cpp: rosidl_typesupport_fastrtps_cpp;rosidl_typesupport_introspection_cpp
-- Found rmw_implementation_cmake: 6.1.2 (/opt/ros/humble/share/rmw_implementation_cmake/cmake)
-- Found rmw_fastrtps_cpp: 6.2.10 (/opt/ros/humble/share/rmw_fastrtps_cpp/cmake)
-- Using RMW implementation 'rmw_fastrtps_cpp' as default
-- Found robot_msgs: 0.0.0 (/home/bruithwirr/uni/ros2_ws/install/robot_msgs/share/robot_msgs/cmake)
-- Found geometry_msgs: 4.9.1 (/opt/ros/humble/share/geometry_msgs/cmake)
-- Found visualization_msgs: 4.9.1 (/opt/ros/humble/share/visualization_msgs/cmake)
[31mCMake Error at CMakeLists.txt:15 (target_include_directories):
  Cannot specify include directories for target "keyboard_node" which is not
  built by this project.

[0m
[31mCMake Error at CMakeLists.txt:20 (target_link_libraries):
  Cannot specify link libraries for target "keyboard_node" which is not built
  by this project.

[0m
-- Configuring incomplete, errors occurred!
See also "/home/bruithwirr/uni/ros2_ws/build/robot_game/CMakeFiles/CMakeOutput.log".
gmake: *** [Makefile:416: cmake_check_build_system] Error 1
