[0.014s] Invoking command in '/home/bruithwirr/uni/ros2_ws/build/robot_game': CMAKE_PREFIX_PATH=/home/bruithwirr/uni/ros2_ws/install/robot_msgs:/home/bruithwirr/uni/ros2_ws/install/robot_old:/home/bruithwirr/uni/ros2_ws/install/robot_game:/opt/ros/humble /usr/bin/cmake --build /home/bruithwirr/uni/ros2_ws/build/robot_game -- -j12 -l12
[0.083s] [35m[1mConsolidate compiler generated dependencies of target game_node[0m
[0.104s] [ 15%] Built target keyboard_node
[0.107s] [ 69%] Built target robot_node
[0.120s] [ 76%] [32mBuilding CXX object CMakeFiles/game_node.dir/src/GameNode.cpp.o[0m
[4.131s] In file included from [01m[K/home/bruithwirr/uni/ros2_ws/src/robot_game/src/GameNode.cpp:1[m[K:
[4.131s] [01m[K/home/bruithwirr/uni/ros2_ws/src/robot_game/include/GameNode.h:38:41:[m[K [01;31m[Kerror: [m[K‘[01m[KEmpty[m[K’ is not a member of ‘[01m[Kstd_msgs::msg[m[K’; did you mean ‘[01m[Krclcpp::Empty[m[K’?
[4.131s]    38 |     rclcpp::Subscription<std_msgs::msg::[01;31m[KEmpty[m[K>::SharedPtr bot_toggle_sub_;
[4.131s]       |                                         [01;31m[K^~~~~[m[K
[4.131s] In file included from [01m[K/opt/ros/humble/include/rclcpp/rclcpp/wait_result.hpp:25[m[K,
[4.131s]                  from [01m[K/opt/ros/humble/include/rclcpp/rclcpp/wait_set_policies/sequential_synchronization.hpp:32[m[K,
[4.131s]                  from [01m[K/opt/ros/humble/include/rclcpp/rclcpp/wait_set.hpp:26[m[K,
[4.131s]                  from [01m[K/opt/ros/humble/include/rclcpp/rclcpp/rclcpp.hpp:168[m[K,
[4.131s]                  from [01m[K/home/bruithwirr/uni/ros2_ws/src/robot_game/include/GameNode.h:3[m[K,
[4.131s]                  from [01m[K/home/bruithwirr/uni/ros2_ws/src/robot_game/src/GameNode.cpp:1[m[K:
[4.132s] [01m[K/opt/ros/humble/include/rclcpp/rclcpp/wait_result_kind.hpp:28:3:[m[K [01;36m[Knote: [m[K‘[01m[Krclcpp::Empty[m[K’ declared here
[4.132s]    28 |   [01;36m[KEmpty[m[K,  //<! Kind used when trying to wait on an empty wait set.
[4.132s]       |   [01;36m[K^~~~~[m[K
[4.132s] In file included from [01m[K/home/bruithwirr/uni/ros2_ws/src/robot_game/src/GameNode.cpp:1[m[K:
[4.132s] [01m[K/home/bruithwirr/uni/ros2_ws/src/robot_game/include/GameNode.h:38:46:[m[K [01;31m[Kerror: [m[Ktemplate argument 1 is invalid
[4.132s]    38 |     rclcpp::Subscription<std_msgs::msg::Empty[01;31m[K>[m[K::SharedPtr bot_toggle_sub_;
[4.132s]       |                                              [01;31m[K^[m[K
[4.132s] [01m[K/home/bruithwirr/uni/ros2_ws/src/robot_game/include/GameNode.h:38:46:[m[K [01;31m[Kerror: [m[Ktemplate argument 3 is invalid
[4.132s] [01m[K/home/bruithwirr/uni/ros2_ws/src/robot_game/include/GameNode.h:38:46:[m[K [01;31m[Kerror: [m[Ktemplate argument 4 is invalid
[4.132s] [01m[K/home/bruithwirr/uni/ros2_ws/src/robot_game/include/GameNode.h:38:46:[m[K [01;31m[Kerror: [m[Ktemplate argument 5 is invalid
[4.134s] [01m[K/home/bruithwirr/uni/ros2_ws/src/robot_game/include/GameNode.h:38:49:[m[K [01;31m[Kerror: [m[Kexpected ‘[01m[K;[m[K’ at end of member declaration
[4.135s]    38 |     rclcpp::Subscription<std_msgs::msg::Empty>::[01;31m[KSharedPtr[m[K bot_toggle_sub_;
[4.135s]       |                                                 [01;31m[K^~~~~~~~~[m[K
[4.135s]       |                                                          [32m[K;[m[K
[4.139s] [01m[K/home/bruithwirr/uni/ros2_ws/src/robot_game/include/GameNode.h:38:59:[m[K [01;31m[Kerror: [m[K‘[01m[Kbot_toggle_sub_[m[K’ does not name a type
[4.139s]    38 |     rclcpp::Subscription<std_msgs::msg::Empty>::SharedPtr [01;31m[Kbot_toggle_sub_[m[K;
[4.139s]       |                                                           [01;31m[K^~~~~~~~~~~~~~~[m[K
[4.189s] [01m[K/home/bruithwirr/uni/ros2_ws/src/robot_game/src/GameNode.cpp:[m[K In constructor ‘[01m[KGameNode::GameNode()[m[K’:
[4.189s] [01m[K/home/bruithwirr/uni/ros2_ws/src/robot_game/src/GameNode.cpp:55:5:[m[K [01;31m[Kerror: [m[K‘[01m[Kbot_toggle_sub_[m[K’ was not declared in this scope
[4.190s]    55 |     [01;31m[Kbot_toggle_sub_[m[K = this->create_subscription<std_msgs::msg::Empty>(
[4.190s]       |     [01;31m[K^~~~~~~~~~~~~~~[m[K
[4.190s] [01m[K/home/bruithwirr/uni/ros2_ws/src/robot_game/src/GameNode.cpp:55:64:[m[K [01;31m[Kerror: [m[K‘[01m[KEmpty[m[K’ is not a member of ‘[01m[Kstd_msgs::msg[m[K’; did you mean ‘[01m[Krclcpp::Empty[m[K’?
[4.191s]    55 |     bot_toggle_sub_ = this->create_subscription<std_msgs::msg::[01;31m[KEmpty[m[K>(
[4.191s]       |                                                                [01;31m[K^~~~~[m[K
[4.191s] In file included from [01m[K/opt/ros/humble/include/rclcpp/rclcpp/wait_result.hpp:25[m[K,
[4.191s]                  from [01m[K/opt/ros/humble/include/rclcpp/rclcpp/wait_set_policies/sequential_synchronization.hpp:32[m[K,
[4.191s]                  from [01m[K/opt/ros/humble/include/rclcpp/rclcpp/wait_set.hpp:26[m[K,
[4.191s]                  from [01m[K/opt/ros/humble/include/rclcpp/rclcpp/rclcpp.hpp:168[m[K,
[4.191s]                  from [01m[K/home/bruithwirr/uni/ros2_ws/src/robot_game/include/GameNode.h:3[m[K,
[4.192s]                  from [01m[K/home/bruithwirr/uni/ros2_ws/src/robot_game/src/GameNode.cpp:1[m[K:
[4.192s] [01m[K/opt/ros/humble/include/rclcpp/rclcpp/wait_result_kind.hpp:28:3:[m[K [01;36m[Knote: [m[K‘[01m[Krclcpp::Empty[m[K’ declared here
[4.192s]    28 |   [01;36m[KEmpty[m[K,  //<! Kind used when trying to wait on an empty wait set.
[4.192s]       |   [01;36m[K^~~~~[m[K
[4.194s] [01m[K/home/bruithwirr/uni/ros2_ws/src/robot_game/src/GameNode.cpp:55:70:[m[K [01;31m[Kerror: [m[Kno matching function for call to ‘[01m[KGameNode::create_subscription<<expression error> >(const char [12], int, std::_Bind_helper<false, void (GameNode::*)(std::shared_ptr<std_msgs::msg::Bool_<std::allocator<void> > >), GameNode*, const std::_Placeholder<1>&>::type)[m[K’
[4.194s]    55 |     bot_toggle_sub_ = [01;31m[Kthis->create_subscription<std_msgs::msg::Empty>([m[K
[4.194s]       |                       [01;31m[K~~~~~~~~~~~~~~~~~~~~~~~~~~~~~~~~~~~~~~~~~~~~~~~^[m[K
[4.194s]    56 | [01;31m[K    "/bot_toggle", 10,[m[K
[4.195s]       |     [01;31m[K~~~~~~~~~~~~~~~~~~[m[K                                                
[4.195s]    57 | [01;31m[K    std::bind(&GameNode::onBotToggle, this, std::placeholders::_1)[m[K
[4.195s]       |     [01;31m[K~~~~~~~~~~~~~~~~~~~~~~~~~~~~~~~~~~~~~~~~~~~~~~~~~~~~~~~~~~~~~~[m[K    
[4.195s]    58 | [01;31m[K)[m[K;
[4.195s]       | [01;31m[K~[m[K                                                                     
[4.195s] In file included from [01m[K/opt/ros/humble/include/rclcpp/rclcpp/node.hpp:1321[m[K,
[4.195s]                  from [01m[K/opt/ros/humble/include/rclcpp/rclcpp/executors/single_threaded_executor.hpp:28[m[K,
[4.196s]                  from [01m[K/opt/ros/humble/include/rclcpp/rclcpp/executors.hpp:22[m[K,
[4.196s]                  from [01m[K/opt/ros/humble/include/rclcpp/rclcpp/rclcpp.hpp:155[m[K,
[4.196s]                  from [01m[K/home/bruithwirr/uni/ros2_ws/src/robot_game/include/GameNode.h:3[m[K,
[4.196s]                  from [01m[K/home/bruithwirr/uni/ros2_ws/src/robot_game/src/GameNode.cpp:1[m[K:
[4.196s] [01m[K/opt/ros/humble/include/rclcpp/rclcpp/node_impl.hpp:92:1:[m[K [01;36m[Knote: [m[Kcandidate: ‘[01m[Ktemplate<class MessageT, class CallbackT, class AllocatorT, class SubscriptionT, class MessageMemoryStrategyT> std::shared_ptr<ROSMessageT> rclcpp::Node::create_subscription(const string&, const rclcpp::QoS&, CallbackT&&, const rclcpp::SubscriptionOptionsWithAllocator<AllocatorT>&, typename MessageMemoryStrategyT::SharedPtr)[m[K’
[4.196s]    92 | [01;36m[KNode[m[K::create_subscription(
[4.197s]       | [01;36m[K^~~~[m[K
[4.197s] [01m[K/opt/ros/humble/include/rclcpp/rclcpp/node_impl.hpp:92:1:[m[K [01;36m[Knote: [m[K  template argument deduction/substitution failed:
[4.197s] [01m[K/home/bruithwirr/uni/ros2_ws/src/robot_game/src/GameNode.cpp:55:70:[m[K [01;31m[Kerror: [m[Ktemplate argument 1 is invalid
[4.197s]    55 |     bot_toggle_sub_ = [01;31m[Kthis->create_subscription<std_msgs::msg::Empty>([m[K
[4.197s]       |                       [01;31m[K~~~~~~~~~~~~~~~~~~~~~~~~~~~~~~~~~~~~~~~~~~~~~~~^[m[K
[4.197s]    56 | [01;31m[K    "/bot_toggle", 10,[m[K
[4.197s]       |     [01;31m[K~~~~~~~~~~~~~~~~~~[m[K                                                
[4.197s]    57 | [01;31m[K    std::bind(&GameNode::onBotToggle, this, std::placeholders::_1)[m[K
[4.197s]       |     [01;31m[K~~~~~~~~~~~~~~~~~~~~~~~~~~~~~~~~~~~~~~~~~~~~~~~~~~~~~~~~~~~~~~[m[K    
[4.197s]    58 | [01;31m[K)[m[K;
[4.197s]       | [01;31m[K~[m[K                                                                     
[8.009s] gmake[2]: *** [CMakeFiles/game_node.dir/build.make:76: CMakeFiles/game_node.dir/src/GameNode.cpp.o] Error 1
[8.009s] gmake[1]: *** [CMakeFiles/Makefile2:193: CMakeFiles/game_node.dir/all] Error 2
[8.009s] gmake: *** [Makefile:146: all] Error 2
[8.013s] Invoked command in '/home/bruithwirr/uni/ros2_ws/build/robot_game' returned '2': CMAKE_PREFIX_PATH=/home/bruithwirr/uni/ros2_ws/install/robot_msgs:/home/bruithwirr/uni/ros2_ws/install/robot_old:/home/bruithwirr/uni/ros2_ws/install/robot_game:/opt/ros/humble /usr/bin/cmake --build /home/bruithwirr/uni/ros2_ws/build/robot_game -- -j12 -l12
