-- Found ament_cmake: 1.3.14 (/opt/ros/humble/share/ament_cmake/cmake)
-- Found ament_lint_auto: 0.12.15 (/opt/ros/humble/share/ament_lint_auto/cmake)
-- Added test 'cppcheck' to perform static code analysis on C / C++ code
-- Configured cppcheck include dirs: 
-- Configured cppcheck exclude dirs and/or files: 
-- Added test 'lint_cmake' to check CMake code style
-- Added test 'uncrustify' to check C / C++ code style
-- Configured uncrustify additional arguments: 
-- Added test 'xmllint' to check XML markup files
-- Configuring done
-- Generating done
-- Build files have been written to: /home/bruithwirr/uni/ros2_ws/build/robot_old
-- Install configuration: ""
-- Up-to-date: /home/bruithwirr/uni/ros2_ws/install/robot_old/share/ament_index/resource_index/package_run_dependencies/robot_old
-- Installing: /home/bruithwirr/uni/ros2_ws/install/robot_old/share/ament_index/resource_index/parent_prefix_path/robot_old
-- Up-to-date: /home/bruithwirr/uni/ros2_ws/install/robot_old/share/robot_old/environment/ament_prefix_path.sh
-- Installing: /home/bruithwirr/uni/ros2_ws/install/robot_old/share/robot_old/environment/ament_prefix_path.dsv
-- Up-to-date: /home/bruithwirr/uni/ros2_ws/install/robot_old/share/robot_old/environment/path.sh
-- Installing: /home/bruithwirr/uni/ros2_ws/install/robot_old/share/robot_old/environment/path.dsv
-- Up-to-date: /home/bruithwirr/uni/ros2_ws/install/robot_old/share/robot_old/local_setup.bash
-- Up-to-date: /home/bruithwirr/uni/ros2_ws/install/robot_old/share/robot_old/local_setup.sh
-- Up-to-date: /home/bruithwirr/uni/ros2_ws/install/robot_old/share/robot_old/local_setup.zsh
-- Installing: /home/bruithwirr/uni/ros2_ws/install/robot_old/share/robot_old/local_setup.dsv
-- Installing: /home/bruithwirr/uni/ros2_ws/install/robot_old/share/robot_old/package.dsv
-- Up-to-date: /home/bruithwirr/uni/ros2_ws/install/robot_old/share/ament_index/resource_index/packages/robot_old
-- Up-to-date: /home/bruithwirr/uni/ros2_ws/install/robot_old/share/robot_old/cmake/robot_oldConfig.cmake
-- Up-to-date: /home/bruithwirr/uni/ros2_ws/install/robot_old/share/robot_old/cmake/robot_oldConfig-version.cmake
-- Installing: /home/bruithwirr/uni/ros2_ws/install/robot_old/share/robot_old/package.xml
