[0.011s] Invoking command in '/home/bruithwirr/uni/ros2_ws/build/robot_old': CMAKE_PREFIX_PATH=${CMAKE_PREFIX_PATH}:/opt/ros/humble /usr/bin/cmake --build /home/bruithwirr/uni/ros2_ws/build/robot_old -- -j12 -l12
[0.033s] -- Found ament_cmake: 1.3.14 (/opt/ros/humble/share/ament_cmake/cmake)
[0.160s] -- Found ament_lint_auto: 0.12.15 (/opt/ros/humble/share/ament_lint_auto/cmake)
[0.227s] -- Added test 'cppcheck' to perform static code analysis on C / C++ code
[0.227s] -- Configured cppcheck include dirs: 
[0.227s] -- Configured cppcheck exclude dirs and/or files: 
[0.228s] -- Added test 'lint_cmake' to check CMake code style
[0.231s] -- Added test 'uncrustify' to check C / C++ code style
[0.231s] -- Configured uncrustify additional arguments: 
[0.231s] -- Added test 'xmllint' to check XML markup files
[0.232s] -- Configuring done
[0.236s] -- Generating done
[0.238s] -- Build files have been written to: /home/bruithwirr/uni/ros2_ws/build/robot_old
[0.260s] Invoked command in '/home/bruithwirr/uni/ros2_ws/build/robot_old' returned '0': CMAKE_PREFIX_PATH=${CMAKE_PREFIX_PATH}:/opt/ros/humble /usr/bin/cmake --build /home/bruithwirr/uni/ros2_ws/build/robot_old -- -j12 -l12
[0.272s] Invoking command in '/home/bruithwirr/uni/ros2_ws/build/robot_old': CMAKE_PREFIX_PATH=${CMAKE_PREFIX_PATH}:/opt/ros/humble /usr/bin/cmake --install /home/bruithwirr/uni/ros2_ws/build/robot_old
[0.279s] -- Install configuration: ""
[0.279s] -- Up-to-date: /home/bruithwirr/uni/ros2_ws/install/robot_old/share/ament_index/resource_index/package_run_dependencies/robot_old
[0.279s] -- Installing: /home/bruithwirr/uni/ros2_ws/install/robot_old/share/ament_index/resource_index/parent_prefix_path/robot_old
[0.279s] -- Up-to-date: /home/bruithwirr/uni/ros2_ws/install/robot_old/share/robot_old/environment/ament_prefix_path.sh
[0.279s] -- Installing: /home/bruithwirr/uni/ros2_ws/install/robot_old/share/robot_old/environment/ament_prefix_path.dsv
[0.280s] -- Up-to-date: /home/bruithwirr/uni/ros2_ws/install/robot_old/share/robot_old/environment/path.sh
[0.280s] -- Installing: /home/bruithwirr/uni/ros2_ws/install/robot_old/share/robot_old/environment/path.dsv
[0.280s] -- Up-to-date: /home/bruithwirr/uni/ros2_ws/install/robot_old/share/robot_old/local_setup.bash
[0.280s] -- Up-to-date: /home/bruithwirr/uni/ros2_ws/install/robot_old/share/robot_old/local_setup.sh
[0.280s] -- Up-to-date: /home/bruithwirr/uni/ros2_ws/install/robot_old/share/robot_old/local_setup.zsh
[0.280s] -- Installing: /home/bruithwirr/uni/ros2_ws/install/robot_old/share/robot_old/local_setup.dsv
[0.280s] -- Installing: /home/bruithwirr/uni/ros2_ws/install/robot_old/share/robot_old/package.dsv
[0.280s] -- Up-to-date: /home/bruithwirr/uni/ros2_ws/install/robot_old/share/ament_index/resource_index/packages/robot_old
[0.281s] -- Up-to-date: /home/bruithwirr/uni/ros2_ws/install/robot_old/share/robot_old/cmake/robot_oldConfig.cmake
[0.281s] -- Up-to-date: /home/bruithwirr/uni/ros2_ws/install/robot_old/share/robot_old/cmake/robot_oldConfig-version.cmake
[0.281s] -- Installing: /home/bruithwirr/uni/ros2_ws/install/robot_old/share/robot_old/package.xml
[0.283s] Invoked command in '/home/bruithwirr/uni/ros2_ws/build/robot_old' returned '0': CMAKE_PREFIX_PATH=${CMAKE_PREFIX_PATH}:/opt/ros/humble /usr/bin/cmake --install /home/bruithwirr/uni/ros2_ws/build/robot_old
