[0.010s] Invoking command in '/home/bruithwirr/uni/ros2_ws/build/robot_game': CMAKE_PREFIX_PATH=${CMAKE_PREFIX_PATH}:/opt/ros/humble /usr/bin/cmake --build /home/bruithwirr/uni/ros2_ws/build/robot_game -- -j12 -l12
[0.052s] [35m[1mConsolidate compiler generated dependencies of target robot_node[0m
[0.061s] [ 12%] [32mBuilding CXX object CMakeFiles/keyboard_node.dir/src/KeyboardNode.cpp.o[0m
[0.069s] [ 25%] [32mBuilding CXX object CMakeFiles/robot_node.dir/src/RobotNode.cpp.o[0m
[0.412s] In file included from [01m[K/home/bruithwirr/uni/ros2_ws/src/robot_game/src/RobotNode.cpp:1[m[K:
[0.412s] [01m[K/home/bruithwirr/uni/ros2_ws/src/robot_game/include/RobotNode.h:6:10:[m[K [01;31m[Kfatal error: [m[Kenvironment/Environment.hpp: No such file or directory
[0.412s]     6 | #include [01;31m[K"environment/Environment.hpp"[m[K
[0.412s]       |          [01;31m[K^~~~~~~~~~~~~~~~~~~~~~~~~~~~~[m[K
[0.412s] compilation terminated.
[0.416s] gmake[2]: *** [CMakeFiles/robot_node.dir/build.make:76: CMakeFiles/robot_node.dir/src/RobotNode.cpp.o] Error 1
[0.416s] gmake[1]: *** [CMakeFiles/Makefile2:165: CMakeFiles/robot_node.dir/all] Error 2
[0.416s] gmake[1]: *** Waiting for unfinished jobs....
[2.683s] [01m[K/home/bruithwirr/uni/ros2_ws/src/robot_game/src/KeyboardNode.cpp:[m[K In constructor ‘[01m[KKeyboardNode::KeyboardNode()[m[K’:
[2.683s] [01m[K/home/bruithwirr/uni/ros2_ws/src/robot_game/src/KeyboardNode.cpp:10:52:[m[K [01;31m[Kerror: [m[K‘[01m[Kmiliseconds[m[K’ is not a member of ‘[01m[Kstd::chrono[m[K’; did you mean ‘[01m[Kmilliseconds[m[K’?
[2.683s]    10 |     timer_ = this->create_wall_timer( std::chrono::[01;31m[Kmiliseconds[m[K(60) ,std::bind(&KeyboardNode::timerCallback, this));
[2.683s]       |                                                    [01;31m[K^~~~~~~~~~~[m[K
[2.683s]       |                                                    [32m[Kmilliseconds[m[K
[4.074s] gmake[2]: *** [CMakeFiles/keyboard_node.dir/build.make:76: CMakeFiles/keyboard_node.dir/src/KeyboardNode.cpp.o] Error 1
[4.074s] gmake[1]: *** [CMakeFiles/Makefile2:139: CMakeFiles/keyboard_node.dir/all] Error 2
[4.074s] gmake: *** [Makefile:146: all] Error 2
[4.076s] Invoked command in '/home/bruithwirr/uni/ros2_ws/build/robot_game' returned '2': CMAKE_PREFIX_PATH=${CMAKE_PREFIX_PATH}:/opt/ros/humble /usr/bin/cmake --build /home/bruithwirr/uni/ros2_ws/build/robot_game -- -j12 -l12
