[0.273s] DEBUG:colcon:Command line arguments: ['/usr/bin/colcon', 'build']
[0.274s] DEBUG:colcon:Parsed command line arguments: Namespace(log_base=None, log_level=None, verb_name='build', build_base='build', install_base='install', merge_install=False, symlink_install=False, test_result_base=None, continue_on_error=False, executor='parallel', parallel_workers=12, event_handlers=None, ignore_user_meta=False, metas=['./colcon.meta'], base_paths=['.'], packages_ignore=None, packages_ignore_regex=None, paths=None, packages_up_to=None, packages_up_to_regex=None, packages_above=None, packages_above_and_dependencies=None, packages_above_depth=None, packages_select_by_dep=None, packages_skip_by_dep=None, packages_skip_up_to=None, packages_select_build_failed=False, packages_skip_build_finished=False, packages_select_test_failures=False, packages_skip_test_passed=False, packages_select=None, packages_skip=None, packages_select_regex=None, packages_skip_regex=None, packages_start=None, packages_end=None, allow_overriding=[], cmake_args=None, cmake_target=None, cmake_target_skip_unavailable=False, cmake_clean_cache=False, cmake_clean_first=False, cmake_force_configure=False, ament_cmake_args=None, catkin_cmake_args=None, catkin_skip_building_tests=False, verb_parser=<colcon_defaults.argument_parser.defaults.DefaultArgumentsDecorator object at 0x75caf291f6a0>, verb_extension=<colcon_core.verb.build.BuildVerb object at 0x75caf291f1c0>, main=<bound method BuildVerb.main of <colcon_core.verb.build.BuildVerb object at 0x75caf291f1c0>>)
[0.716s] Level 1:colcon.colcon_core.package_discovery:discover_packages(colcon_meta) check parameters
[0.717s] Level 1:colcon.colcon_core.package_discovery:discover_packages(recursive) check parameters
[0.717s] Level 1:colcon.colcon_core.package_discovery:discover_packages(ignore) check parameters
[0.717s] Level 1:colcon.colcon_core.package_discovery:discover_packages(path) check parameters
[0.717s] Level 1:colcon.colcon_core.package_discovery:discover_packages(colcon_meta) discover
[0.717s] Level 1:colcon.colcon_core.package_discovery:discover_packages(recursive) discover
[0.717s] INFO:colcon.colcon_core.package_discovery:Crawling recursively for packages in '/home/bruithwirr/uni/ros2_ws'
[0.717s] Level 1:colcon.colcon_core.package_identification:_identify(.) by extensions ['ignore', 'ignore_ament_install']
[0.718s] Level 1:colcon.colcon_core.package_identification:_identify(.) by extension 'ignore'
[0.718s] Level 1:colcon.colcon_core.package_identification:_identify(.) by extension 'ignore_ament_install'
[0.718s] Level 1:colcon.colcon_core.package_identification:_identify(.) by extensions ['colcon_pkg']
[0.718s] Level 1:colcon.colcon_core.package_identification:_identify(.) by extension 'colcon_pkg'
[0.718s] Level 1:colcon.colcon_core.package_identification:_identify(.) by extensions ['colcon_meta']
[0.718s] Level 1:colcon.colcon_core.package_identification:_identify(.) by extension 'colcon_meta'
[0.718s] Level 1:colcon.colcon_core.package_identification:_identify(.) by extensions ['ros']
[0.718s] Level 1:colcon.colcon_core.package_identification:_identify(.) by extension 'ros'
[0.746s] Level 1:colcon.colcon_core.package_identification:_identify(.) by extensions ['cmake', 'python']
[0.747s] Level 1:colcon.colcon_core.package_identification:_identify(.) by extension 'cmake'
[0.747s] Level 1:colcon.colcon_core.package_identification:_identify(.) by extension 'python'
[0.747s] Level 1:colcon.colcon_core.package_identification:_identify(.) by extensions ['python_setup_py']
[0.747s] Level 1:colcon.colcon_core.package_identification:_identify(.) by extension 'python_setup_py'
[0.747s] Level 1:colcon.colcon_core.package_identification:_identify(build) by extensions ['ignore', 'ignore_ament_install']
[0.748s] Level 1:colcon.colcon_core.package_identification:_identify(build) by extension 'ignore'
[0.748s] Level 1:colcon.colcon_core.package_identification:_identify(build) ignored
[0.748s] Level 1:colcon.colcon_core.package_identification:_identify(install) by extensions ['ignore', 'ignore_ament_install']
[0.748s] Level 1:colcon.colcon_core.package_identification:_identify(install) by extension 'ignore'
[0.748s] Level 1:colcon.colcon_core.package_identification:_identify(install) ignored
[0.749s] Level 1:colcon.colcon_core.package_identification:_identify(log) by extensions ['ignore', 'ignore_ament_install']
[0.749s] Level 1:colcon.colcon_core.package_identification:_identify(log) by extension 'ignore'
[0.749s] Level 1:colcon.colcon_core.package_identification:_identify(log) ignored
[0.750s] Level 1:colcon.colcon_core.package_identification:_identify(src) by extensions ['ignore', 'ignore_ament_install']
[0.750s] Level 1:colcon.colcon_core.package_identification:_identify(src) by extension 'ignore'
[0.750s] Level 1:colcon.colcon_core.package_identification:_identify(src) by extension 'ignore_ament_install'
[0.750s] Level 1:colcon.colcon_core.package_identification:_identify(src) by extensions ['colcon_pkg']
[0.750s] Level 1:colcon.colcon_core.package_identification:_identify(src) by extension 'colcon_pkg'
[0.750s] Level 1:colcon.colcon_core.package_identification:_identify(src) by extensions ['colcon_meta']
[0.750s] Level 1:colcon.colcon_core.package_identification:_identify(src) by extension 'colcon_meta'
[0.751s] Level 1:colcon.colcon_core.package_identification:_identify(src) by extensions ['ros']
[0.751s] Level 1:colcon.colcon_core.package_identification:_identify(src) by extension 'ros'
[0.751s] Level 1:colcon.colcon_core.package_identification:_identify(src) by extensions ['cmake', 'python']
[0.751s] Level 1:colcon.colcon_core.package_identification:_identify(src) by extension 'cmake'
[0.751s] Level 1:colcon.colcon_core.package_identification:_identify(src) by extension 'python'
[0.751s] Level 1:colcon.colcon_core.package_identification:_identify(src) by extensions ['python_setup_py']
[0.751s] Level 1:colcon.colcon_core.package_identification:_identify(src) by extension 'python_setup_py'
[0.752s] Level 1:colcon.colcon_core.package_identification:_identify(src/robot_game) by extensions ['ignore', 'ignore_ament_install']
[0.752s] Level 1:colcon.colcon_core.package_identification:_identify(src/robot_game) by extension 'ignore'
[0.752s] Level 1:colcon.colcon_core.package_identification:_identify(src/robot_game) by extension 'ignore_ament_install'
[0.752s] Level 1:colcon.colcon_core.package_identification:_identify(src/robot_game) by extensions ['colcon_pkg']
[0.752s] Level 1:colcon.colcon_core.package_identification:_identify(src/robot_game) by extension 'colcon_pkg'
[0.752s] Level 1:colcon.colcon_core.package_identification:_identify(src/robot_game) by extensions ['colcon_meta']
[0.752s] Level 1:colcon.colcon_core.package_identification:_identify(src/robot_game) by extension 'colcon_meta'
[0.753s] Level 1:colcon.colcon_core.package_identification:_identify(src/robot_game) by extensions ['ros']
[0.753s] Level 1:colcon.colcon_core.package_identification:_identify(src/robot_game) by extension 'ros'
[0.759s] DEBUG:colcon.colcon_core.package_identification:Package 'src/robot_game' with type 'ros.ament_cmake' and name 'robot_game'
[0.760s] Level 1:colcon.colcon_core.package_identification:_identify(src/robot_msgs) by extensions ['ignore', 'ignore_ament_install']
[0.760s] Level 1:colcon.colcon_core.package_identification:_identify(src/robot_msgs) by extension 'ignore'
[0.760s] Level 1:colcon.colcon_core.package_identification:_identify(src/robot_msgs) by extension 'ignore_ament_install'
[0.760s] Level 1:colcon.colcon_core.package_identification:_identify(src/robot_msgs) by extensions ['colcon_pkg']
[0.760s] Level 1:colcon.colcon_core.package_identification:_identify(src/robot_msgs) by extension 'colcon_pkg'
[0.761s] Level 1:colcon.colcon_core.package_identification:_identify(src/robot_msgs) by extensions ['colcon_meta']
[0.761s] Level 1:colcon.colcon_core.package_identification:_identify(src/robot_msgs) by extension 'colcon_meta'
[0.761s] Level 1:colcon.colcon_core.package_identification:_identify(src/robot_msgs) by extensions ['ros']
[0.761s] Level 1:colcon.colcon_core.package_identification:_identify(src/robot_msgs) by extension 'ros'
[0.762s] DEBUG:colcon.colcon_core.package_identification:Package 'src/robot_msgs' with type 'ros.ament_cmake' and name 'robot_msgs'
[0.763s] Level 1:colcon.colcon_core.package_identification:_identify(src/robot_old) by extensions ['ignore', 'ignore_ament_install']
[0.763s] Level 1:colcon.colcon_core.package_identification:_identify(src/robot_old) by extension 'ignore'
[0.763s] Level 1:colcon.colcon_core.package_identification:_identify(src/robot_old) by extension 'ignore_ament_install'
[0.763s] Level 1:colcon.colcon_core.package_identification:_identify(src/robot_old) by extensions ['colcon_pkg']
[0.763s] Level 1:colcon.colcon_core.package_identification:_identify(src/robot_old) by extension 'colcon_pkg'
[0.763s] Level 1:colcon.colcon_core.package_identification:_identify(src/robot_old) by extensions ['colcon_meta']
[0.763s] Level 1:colcon.colcon_core.package_identification:_identify(src/robot_old) by extension 'colcon_meta'
[0.764s] Level 1:colcon.colcon_core.package_identification:_identify(src/robot_old) by extensions ['ros']
[0.764s] Level 1:colcon.colcon_core.package_identification:_identify(src/robot_old) by extension 'ros'
[0.765s] DEBUG:colcon.colcon_core.package_identification:Package 'src/robot_old' with type 'ros.ament_cmake' and name 'robot_old'
[0.765s] Level 1:colcon.colcon_core.package_discovery:discover_packages(recursive) using defaults
[0.765s] Level 1:colcon.colcon_core.package_discovery:discover_packages(ignore) discover
[0.765s] Level 1:colcon.colcon_core.package_discovery:discover_packages(ignore) using defaults
[0.765s] Level 1:colcon.colcon_core.package_discovery:discover_packages(path) discover
[0.765s] Level 1:colcon.colcon_core.package_discovery:discover_packages(path) using defaults
[0.819s] Level 1:colcon.colcon_core.package_discovery:discover_packages(prefix_path) check parameters
[0.820s] Level 1:colcon.colcon_core.package_discovery:discover_packages(prefix_path) discover
[0.825s] DEBUG:colcon.colcon_installed_package_information.package_discovery:Found 3 installed packages in /home/bruithwirr/uni/ros2_ws/install
[0.827s] DEBUG:colcon.colcon_installed_package_information.package_discovery:Found 0 installed packages in /home/bruithwirr/ros2_ws/install
[0.831s] DEBUG:colcon.colcon_installed_package_information.package_discovery:Found 273 installed packages in /opt/ros/humble
[0.837s] Level 1:colcon.colcon_core.package_discovery:discover_packages(prefix_path) using defaults
[0.961s] Level 5:colcon.colcon_core.verb:set package 'robot_msgs' build argument 'cmake_args' from command line to 'None'
[0.961s] Level 5:colcon.colcon_core.verb:set package 'robot_msgs' build argument 'cmake_target' from command line to 'None'
[0.961s] Level 5:colcon.colcon_core.verb:set package 'robot_msgs' build argument 'cmake_target_skip_unavailable' from command line to 'False'
[0.961s] Level 5:colcon.colcon_core.verb:set package 'robot_msgs' build argument 'cmake_clean_cache' from command line to 'False'
[0.961s] Level 5:colcon.colcon_core.verb:set package 'robot_msgs' build argument 'cmake_clean_first' from command line to 'False'
[0.961s] Level 5:colcon.colcon_core.verb:set package 'robot_msgs' build argument 'cmake_force_configure' from command line to 'False'
[0.961s] Level 5:colcon.colcon_core.verb:set package 'robot_msgs' build argument 'ament_cmake_args' from command line to 'None'
[0.961s] Level 5:colcon.colcon_core.verb:set package 'robot_msgs' build argument 'catkin_cmake_args' from command line to 'None'
[0.962s] Level 5:colcon.colcon_core.verb:set package 'robot_msgs' build argument 'catkin_skip_building_tests' from command line to 'False'
[0.962s] DEBUG:colcon.colcon_core.verb:Building package 'robot_msgs' with the following arguments: {'ament_cmake_args': None, 'build_base': '/home/bruithwirr/uni/ros2_ws/build/robot_msgs', 'catkin_cmake_args': None, 'catkin_skip_building_tests': False, 'cmake_args': None, 'cmake_clean_cache': False, 'cmake_clean_first': False, 'cmake_force_configure': False, 'cmake_target': None, 'cmake_target_skip_unavailable': False, 'install_base': '/home/bruithwirr/uni/ros2_ws/install/robot_msgs', 'merge_install': False, 'path': '/home/bruithwirr/uni/ros2_ws/src/robot_msgs', 'symlink_install': False, 'test_result_base': None}
[0.963s] Level 5:colcon.colcon_core.verb:set package 'robot_old' build argument 'cmake_args' from command line to 'None'
[0.963s] Level 5:colcon.colcon_core.verb:set package 'robot_old' build argument 'cmake_target' from command line to 'None'
[0.963s] Level 5:colcon.colcon_core.verb:set package 'robot_old' build argument 'cmake_target_skip_unavailable' from command line to 'False'
[0.963s] Level 5:colcon.colcon_core.verb:set package 'robot_old' build argument 'cmake_clean_cache' from command line to 'False'
[0.963s] Level 5:colcon.colcon_core.verb:set package 'robot_old' build argument 'cmake_clean_first' from command line to 'False'
[0.963s] Level 5:colcon.colcon_core.verb:set package 'robot_old' build argument 'cmake_force_configure' from command line to 'False'
[0.963s] Level 5:colcon.colcon_core.verb:set package 'robot_old' build argument 'ament_cmake_args' from command line to 'None'
[0.964s] Level 5:colcon.colcon_core.verb:set package 'robot_old' build argument 'catkin_cmake_args' from command line to 'None'
[0.964s] Level 5:colcon.colcon_core.verb:set package 'robot_old' build argument 'catkin_skip_building_tests' from command line to 'False'
[0.964s] DEBUG:colcon.colcon_core.verb:Building package 'robot_old' with the following arguments: {'ament_cmake_args': None, 'build_base': '/home/bruithwirr/uni/ros2_ws/build/robot_old', 'catkin_cmake_args': None, 'catkin_skip_building_tests': False, 'cmake_args': None, 'cmake_clean_cache': False, 'cmake_clean_first': False, 'cmake_force_configure': False, 'cmake_target': None, 'cmake_target_skip_unavailable': False, 'install_base': '/home/bruithwirr/uni/ros2_ws/install/robot_old', 'merge_install': False, 'path': '/home/bruithwirr/uni/ros2_ws/src/robot_old', 'symlink_install': False, 'test_result_base': None}
[0.965s] Level 5:colcon.colcon_core.verb:set package 'robot_game' build argument 'cmake_args' from command line to 'None'
[0.965s] Level 5:colcon.colcon_core.verb:set package 'robot_game' build argument 'cmake_target' from command line to 'None'
[0.965s] Level 5:colcon.colcon_core.verb:set package 'robot_game' build argument 'cmake_target_skip_unavailable' from command line to 'False'
[0.965s] Level 5:colcon.colcon_core.verb:set package 'robot_game' build argument 'cmake_clean_cache' from command line to 'False'
[0.965s] Level 5:colcon.colcon_core.verb:set package 'robot_game' build argument 'cmake_clean_first' from command line to 'False'
[0.966s] Level 5:colcon.colcon_core.verb:set package 'robot_game' build argument 'cmake_force_configure' from command line to 'False'
[0.966s] Level 5:colcon.colcon_core.verb:set package 'robot_game' build argument 'ament_cmake_args' from command line to 'None'
[0.966s] Level 5:colcon.colcon_core.verb:set package 'robot_game' build argument 'catkin_cmake_args' from command line to 'None'
[0.966s] Level 5:colcon.colcon_core.verb:set package 'robot_game' build argument 'catkin_skip_building_tests' from command line to 'False'
[0.966s] DEBUG:colcon.colcon_core.verb:Building package 'robot_game' with the following arguments: {'ament_cmake_args': None, 'build_base': '/home/bruithwirr/uni/ros2_ws/build/robot_game', 'catkin_cmake_args': None, 'catkin_skip_building_tests': False, 'cmake_args': None, 'cmake_clean_cache': False, 'cmake_clean_first': False, 'cmake_force_configure': False, 'cmake_target': None, 'cmake_target_skip_unavailable': False, 'install_base': '/home/bruithwirr/uni/ros2_ws/install/robot_game', 'merge_install': False, 'path': '/home/bruithwirr/uni/ros2_ws/src/robot_game', 'symlink_install': False, 'test_result_base': None}
[0.966s] INFO:colcon.colcon_core.executor:Executing jobs using 'parallel' executor
[0.969s] DEBUG:colcon.colcon_parallel_executor.executor.parallel:run_until_complete
[0.970s] INFO:colcon.colcon_ros.task.ament_cmake.build:Building ROS package in '/home/bruithwirr/uni/ros2_ws/src/robot_msgs' with build type 'ament_cmake'
[0.970s] INFO:colcon.colcon_cmake.task.cmake.build:Building CMake package in '/home/bruithwirr/uni/ros2_ws/src/robot_msgs'
[0.977s] INFO:colcon.colcon_core.plugin_system:Skipping extension 'colcon_core.shell.bat': Not used on non-Windows systems
[0.977s] INFO:colcon.colcon_core.shell:Skip shell extension 'powershell' for command environment: Not usable outside of PowerShell
[0.977s] DEBUG:colcon.colcon_core.shell:Skip shell extension 'dsv' for command environment
[0.988s] INFO:colcon.colcon_ros.task.ament_cmake.build:Building ROS package in '/home/bruithwirr/uni/ros2_ws/src/robot_old' with build type 'ament_cmake'
[0.988s] INFO:colcon.colcon_cmake.task.cmake.build:Building CMake package in '/home/bruithwirr/uni/ros2_ws/src/robot_old'
[0.989s] INFO:colcon.colcon_core.shell:Skip shell extension 'powershell' for command environment: Not usable outside of PowerShell
[0.989s] DEBUG:colcon.colcon_core.shell:Skip shell extension 'dsv' for command environment
[1.010s] DEBUG:colcon.colcon_core.event_handler.log_command:Invoking command in '/home/bruithwirr/uni/ros2_ws/build/robot_msgs': CMAKE_PREFIX_PATH=${CMAKE_PREFIX_PATH}:/opt/ros/humble /usr/bin/cmake --build /home/bruithwirr/uni/ros2_ws/build/robot_msgs -- -j12 -l12
[1.024s] DEBUG:colcon.colcon_core.event_handler.log_command:Invoking command in '/home/bruithwirr/uni/ros2_ws/build/robot_old': CMAKE_PREFIX_PATH=${CMAKE_PREFIX_PATH}:/opt/ros/humble /usr/bin/cmake --build /home/bruithwirr/uni/ros2_ws/build/robot_old -- -j12 -l12
[1.139s] DEBUG:colcon.colcon_core.event_handler.log_command:Invoked command in '/home/bruithwirr/uni/ros2_ws/build/robot_old' returned '0': CMAKE_PREFIX_PATH=${CMAKE_PREFIX_PATH}:/opt/ros/humble /usr/bin/cmake --build /home/bruithwirr/uni/ros2_ws/build/robot_old -- -j12 -l12
[1.169s] DEBUG:colcon.colcon_core.event_handler.log_command:Invoking command in '/home/bruithwirr/uni/ros2_ws/build/robot_old': CMAKE_PREFIX_PATH=${CMAKE_PREFIX_PATH}:/opt/ros/humble /usr/bin/cmake --install /home/bruithwirr/uni/ros2_ws/build/robot_old
[1.203s] Level 1:colcon.colcon_core.environment:create_environment_scripts_only(robot_old)
[1.205s] DEBUG:colcon.colcon_core.event_handler.log_command:Invoked command in '/home/bruithwirr/uni/ros2_ws/build/robot_old' returned '0': CMAKE_PREFIX_PATH=${CMAKE_PREFIX_PATH}:/opt/ros/humble /usr/bin/cmake --install /home/bruithwirr/uni/ros2_ws/build/robot_old
[1.213s] Level 1:colcon.colcon_core.environment:checking '/home/bruithwirr/uni/ros2_ws/install/robot_old' for CMake module files
[1.215s] Level 1:colcon.colcon_core.environment:checking '/home/bruithwirr/uni/ros2_ws/install/robot_old' for CMake config files
[1.215s] Level 1:colcon.colcon_core.shell:create_environment_hook('robot_old', 'cmake_prefix_path')
[1.216s] INFO:colcon.colcon_core.shell:Creating environment hook '/home/bruithwirr/uni/ros2_ws/install/robot_old/share/robot_old/hook/cmake_prefix_path.ps1'
[1.218s] INFO:colcon.colcon_core.shell:Creating environment descriptor '/home/bruithwirr/uni/ros2_ws/install/robot_old/share/robot_old/hook/cmake_prefix_path.dsv'
[1.220s] INFO:colcon.colcon_core.shell:Creating environment hook '/home/bruithwirr/uni/ros2_ws/install/robot_old/share/robot_old/hook/cmake_prefix_path.sh'
[1.222s] Level 1:colcon.colcon_core.environment:checking '/home/bruithwirr/uni/ros2_ws/install/robot_old/bin'
[1.222s] Level 1:colcon.colcon_core.environment:checking '/home/bruithwirr/uni/ros2_ws/install/robot_old/lib/pkgconfig/robot_old.pc'
[1.223s] Level 1:colcon.colcon_core.environment:checking '/home/bruithwirr/uni/ros2_ws/install/robot_old/lib/python3.10/site-packages'
[1.224s] Level 1:colcon.colcon_core.environment:checking '/home/bruithwirr/uni/ros2_ws/install/robot_old/bin'
[1.225s] INFO:colcon.colcon_core.shell:Creating package script '/home/bruithwirr/uni/ros2_ws/install/robot_old/share/robot_old/package.ps1'
[1.228s] INFO:colcon.colcon_core.shell:Creating package descriptor '/home/bruithwirr/uni/ros2_ws/install/robot_old/share/robot_old/package.dsv'
[1.229s] INFO:colcon.colcon_core.shell:Creating package script '/home/bruithwirr/uni/ros2_ws/install/robot_old/share/robot_old/package.sh'
[1.231s] INFO:colcon.colcon_core.shell:Creating package script '/home/bruithwirr/uni/ros2_ws/install/robot_old/share/robot_old/package.bash'
[1.234s] INFO:colcon.colcon_core.shell:Creating package script '/home/bruithwirr/uni/ros2_ws/install/robot_old/share/robot_old/package.zsh'
[1.236s] Level 1:colcon.colcon_core.environment:create_file_with_runtime_dependencies(/home/bruithwirr/uni/ros2_ws/install/robot_old/share/colcon-core/packages/robot_old)
[1.238s] Level 1:colcon.colcon_core.environment:create_environment_scripts_only(robot_old)
[1.239s] Level 1:colcon.colcon_core.environment:checking '/home/bruithwirr/uni/ros2_ws/install/robot_old' for CMake module files
[1.242s] Level 1:colcon.colcon_core.environment:checking '/home/bruithwirr/uni/ros2_ws/install/robot_old' for CMake config files
[1.243s] Level 1:colcon.colcon_core.shell:create_environment_hook('robot_old', 'cmake_prefix_path')
[1.243s] INFO:colcon.colcon_core.shell:Creating environment hook '/home/bruithwirr/uni/ros2_ws/install/robot_old/share/robot_old/hook/cmake_prefix_path.ps1'
[1.292s] INFO:colcon.colcon_core.shell:Creating environment descriptor '/home/bruithwirr/uni/ros2_ws/install/robot_old/share/robot_old/hook/cmake_prefix_path.dsv'
[1.293s] INFO:colcon.colcon_core.shell:Creating environment hook '/home/bruithwirr/uni/ros2_ws/install/robot_old/share/robot_old/hook/cmake_prefix_path.sh'
[1.295s] Level 1:colcon.colcon_core.environment:checking '/home/bruithwirr/uni/ros2_ws/install/robot_old/bin'
[1.295s] Level 1:colcon.colcon_core.environment:checking '/home/bruithwirr/uni/ros2_ws/install/robot_old/lib/pkgconfig/robot_old.pc'
[1.296s] Level 1:colcon.colcon_core.environment:checking '/home/bruithwirr/uni/ros2_ws/install/robot_old/lib/python3.10/site-packages'
[1.297s] Level 1:colcon.colcon_core.environment:checking '/home/bruithwirr/uni/ros2_ws/install/robot_old/bin'
[1.297s] INFO:colcon.colcon_core.shell:Creating package script '/home/bruithwirr/uni/ros2_ws/install/robot_old/share/robot_old/package.ps1'
[1.299s] INFO:colcon.colcon_core.shell:Creating package descriptor '/home/bruithwirr/uni/ros2_ws/install/robot_old/share/robot_old/package.dsv'
[1.300s] INFO:colcon.colcon_core.shell:Creating package script '/home/bruithwirr/uni/ros2_ws/install/robot_old/share/robot_old/package.sh'
[1.302s] INFO:colcon.colcon_core.shell:Creating package script '/home/bruithwirr/uni/ros2_ws/install/robot_old/share/robot_old/package.bash'
[1.303s] INFO:colcon.colcon_core.shell:Creating package script '/home/bruithwirr/uni/ros2_ws/install/robot_old/share/robot_old/package.zsh'
[1.305s] Level 1:colcon.colcon_core.environment:create_file_with_runtime_dependencies(/home/bruithwirr/uni/ros2_ws/install/robot_old/share/colcon-core/packages/robot_old)
[1.973s] DEBUG:colcon.colcon_core.event_handler.log_command:Invoked command in '/home/bruithwirr/uni/ros2_ws/build/robot_msgs' returned '0': CMAKE_PREFIX_PATH=${CMAKE_PREFIX_PATH}:/opt/ros/humble /usr/bin/cmake --build /home/bruithwirr/uni/ros2_ws/build/robot_msgs -- -j12 -l12
[1.980s] DEBUG:colcon.colcon_core.event_handler.log_command:Invoking command in '/home/bruithwirr/uni/ros2_ws/build/robot_msgs': CMAKE_PREFIX_PATH=${CMAKE_PREFIX_PATH}:/opt/ros/humble /usr/bin/cmake --install /home/bruithwirr/uni/ros2_ws/build/robot_msgs
[2.149s] Level 1:colcon.colcon_core.environment:create_environment_scripts_only(robot_msgs)
[2.150s] Level 1:colcon.colcon_core.environment:checking '/home/bruithwirr/uni/ros2_ws/install/robot_msgs' for CMake module files
[2.152s] DEBUG:colcon.colcon_core.event_handler.log_command:Invoked command in '/home/bruithwirr/uni/ros2_ws/build/robot_msgs' returned '0': CMAKE_PREFIX_PATH=${CMAKE_PREFIX_PATH}:/opt/ros/humble /usr/bin/cmake --install /home/bruithwirr/uni/ros2_ws/build/robot_msgs
[2.154s] Level 1:colcon.colcon_core.environment:checking '/home/bruithwirr/uni/ros2_ws/install/robot_msgs' for CMake config files
[2.154s] Level 1:colcon.colcon_core.shell:create_environment_hook('robot_msgs', 'cmake_prefix_path')
[2.155s] INFO:colcon.colcon_core.shell:Creating environment hook '/home/bruithwirr/uni/ros2_ws/install/robot_msgs/share/robot_msgs/hook/cmake_prefix_path.ps1'
[2.157s] INFO:colcon.colcon_core.shell:Creating environment descriptor '/home/bruithwirr/uni/ros2_ws/install/robot_msgs/share/robot_msgs/hook/cmake_prefix_path.dsv'
[2.158s] INFO:colcon.colcon_core.shell:Creating environment hook '/home/bruithwirr/uni/ros2_ws/install/robot_msgs/share/robot_msgs/hook/cmake_prefix_path.sh'
[2.160s] Level 1:colcon.colcon_core.environment:checking '/home/bruithwirr/uni/ros2_ws/install/robot_msgs/lib'
[2.160s] Level 1:colcon.colcon_core.shell:create_environment_hook('robot_msgs', 'ld_library_path_lib')
[2.161s] INFO:colcon.colcon_core.shell:Creating environment hook '/home/bruithwirr/uni/ros2_ws/install/robot_msgs/share/robot_msgs/hook/ld_library_path_lib.ps1'
[2.162s] INFO:colcon.colcon_core.shell:Creating environment descriptor '/home/bruithwirr/uni/ros2_ws/install/robot_msgs/share/robot_msgs/hook/ld_library_path_lib.dsv'
[2.164s] INFO:colcon.colcon_core.shell:Creating environment hook '/home/bruithwirr/uni/ros2_ws/install/robot_msgs/share/robot_msgs/hook/ld_library_path_lib.sh'
[2.165s] Level 1:colcon.colcon_core.environment:checking '/home/bruithwirr/uni/ros2_ws/install/robot_msgs/bin'
[2.165s] Level 1:colcon.colcon_core.environment:checking '/home/bruithwirr/uni/ros2_ws/install/robot_msgs/lib/pkgconfig/robot_msgs.pc'
[2.166s] Level 1:colcon.colcon_core.environment:checking '/home/bruithwirr/uni/ros2_ws/install/robot_msgs/lib/python3.10/site-packages'
[2.167s] Level 1:colcon.colcon_core.environment:checking '/home/bruithwirr/uni/ros2_ws/install/robot_msgs/bin'
[2.168s] INFO:colcon.colcon_core.shell:Creating package script '/home/bruithwirr/uni/ros2_ws/install/robot_msgs/share/robot_msgs/package.ps1'
[2.170s] INFO:colcon.colcon_core.shell:Creating package descriptor '/home/bruithwirr/uni/ros2_ws/install/robot_msgs/share/robot_msgs/package.dsv'
[2.171s] INFO:colcon.colcon_core.shell:Creating package script '/home/bruithwirr/uni/ros2_ws/install/robot_msgs/share/robot_msgs/package.sh'
[2.173s] INFO:colcon.colcon_core.shell:Creating package script '/home/bruithwirr/uni/ros2_ws/install/robot_msgs/share/robot_msgs/package.bash'
[2.175s] INFO:colcon.colcon_core.shell:Creating package script '/home/bruithwirr/uni/ros2_ws/install/robot_msgs/share/robot_msgs/package.zsh'
[2.176s] Level 1:colcon.colcon_core.environment:create_file_with_runtime_dependencies(/home/bruithwirr/uni/ros2_ws/install/robot_msgs/share/colcon-core/packages/robot_msgs)
[2.178s] Level 1:colcon.colcon_core.environment:create_environment_scripts_only(robot_msgs)
[2.179s] Level 1:colcon.colcon_core.environment:checking '/home/bruithwirr/uni/ros2_ws/install/robot_msgs' for CMake module files
[2.181s] Level 1:colcon.colcon_core.environment:checking '/home/bruithwirr/uni/ros2_ws/install/robot_msgs' for CMake config files
[2.182s] Level 1:colcon.colcon_core.shell:create_environment_hook('robot_msgs', 'cmake_prefix_path')
[2.182s] INFO:colcon.colcon_core.shell:Creating environment hook '/home/bruithwirr/uni/ros2_ws/install/robot_msgs/share/robot_msgs/hook/cmake_prefix_path.ps1'
[2.184s] INFO:colcon.colcon_core.shell:Creating environment descriptor '/home/bruithwirr/uni/ros2_ws/install/robot_msgs/share/robot_msgs/hook/cmake_prefix_path.dsv'
[2.185s] INFO:colcon.colcon_core.shell:Creating environment hook '/home/bruithwirr/uni/ros2_ws/install/robot_msgs/share/robot_msgs/hook/cmake_prefix_path.sh'
[2.187s] Level 1:colcon.colcon_core.environment:checking '/home/bruithwirr/uni/ros2_ws/install/robot_msgs/lib'
[2.187s] Level 1:colcon.colcon_core.shell:create_environment_hook('robot_msgs', 'ld_library_path_lib')
[2.187s] INFO:colcon.colcon_core.shell:Creating environment hook '/home/bruithwirr/uni/ros2_ws/install/robot_msgs/share/robot_msgs/hook/ld_library_path_lib.ps1'
[2.189s] INFO:colcon.colcon_core.shell:Creating environment descriptor '/home/bruithwirr/uni/ros2_ws/install/robot_msgs/share/robot_msgs/hook/ld_library_path_lib.dsv'
[2.190s] INFO:colcon.colcon_core.shell:Creating environment hook '/home/bruithwirr/uni/ros2_ws/install/robot_msgs/share/robot_msgs/hook/ld_library_path_lib.sh'
[2.190s] Level 1:colcon.colcon_core.environment:checking '/home/bruithwirr/uni/ros2_ws/install/robot_msgs/bin'
[2.191s] Level 1:colcon.colcon_core.environment:checking '/home/bruithwirr/uni/ros2_ws/install/robot_msgs/lib/pkgconfig/robot_msgs.pc'
[2.191s] Level 1:colcon.colcon_core.environment:checking '/home/bruithwirr/uni/ros2_ws/install/robot_msgs/lib/python3.10/site-packages'
[2.192s] Level 1:colcon.colcon_core.environment:checking '/home/bruithwirr/uni/ros2_ws/install/robot_msgs/bin'
[2.193s] INFO:colcon.colcon_core.shell:Creating package script '/home/bruithwirr/uni/ros2_ws/install/robot_msgs/share/robot_msgs/package.ps1'
[2.195s] INFO:colcon.colcon_core.shell:Creating package descriptor '/home/bruithwirr/uni/ros2_ws/install/robot_msgs/share/robot_msgs/package.dsv'
[2.197s] INFO:colcon.colcon_core.shell:Creating package script '/home/bruithwirr/uni/ros2_ws/install/robot_msgs/share/robot_msgs/package.sh'
[2.198s] INFO:colcon.colcon_core.shell:Creating package script '/home/bruithwirr/uni/ros2_ws/install/robot_msgs/share/robot_msgs/package.bash'
[2.200s] INFO:colcon.colcon_core.shell:Creating package script '/home/bruithwirr/uni/ros2_ws/install/robot_msgs/share/robot_msgs/package.zsh'
[2.202s] Level 1:colcon.colcon_core.environment:create_file_with_runtime_dependencies(/home/bruithwirr/uni/ros2_ws/install/robot_msgs/share/colcon-core/packages/robot_msgs)
[2.203s] INFO:colcon.colcon_ros.task.ament_cmake.build:Building ROS package in '/home/bruithwirr/uni/ros2_ws/src/robot_game' with build type 'ament_cmake'
[2.203s] INFO:colcon.colcon_cmake.task.cmake.build:Building CMake package in '/home/bruithwirr/uni/ros2_ws/src/robot_game'
[2.204s] INFO:colcon.colcon_core.shell:Skip shell extension 'powershell' for command environment: Not usable outside of PowerShell
[2.204s] DEBUG:colcon.colcon_core.shell:Skip shell extension 'dsv' for command environment
[2.238s] DEBUG:colcon.colcon_core.event_handler.log_command:Invoking command in '/home/bruithwirr/uni/ros2_ws/build/robot_game': CMAKE_PREFIX_PATH=/home/bruithwirr/uni/ros2_ws/install/robot_msgs:/home/bruithwirr/uni/ros2_ws/install/robot_old:/home/bruithwirr/uni/ros2_ws/install/robot_game:/opt/ros/humble /usr/bin/cmake --build /home/bruithwirr/uni/ros2_ws/build/robot_game -- -j12 -l12
[17.193s] DEBUG:colcon.colcon_core.event_handler.log_command:Invoked command in '/home/bruithwirr/uni/ros2_ws/build/robot_game' returned '0': CMAKE_PREFIX_PATH=/home/bruithwirr/uni/ros2_ws/install/robot_msgs:/home/bruithwirr/uni/ros2_ws/install/robot_old:/home/bruithwirr/uni/ros2_ws/install/robot_game:/opt/ros/humble /usr/bin/cmake --build /home/bruithwirr/uni/ros2_ws/build/robot_game -- -j12 -l12
[17.195s] DEBUG:colcon.colcon_core.event_handler.log_command:Invoking command in '/home/bruithwirr/uni/ros2_ws/build/robot_game': CMAKE_PREFIX_PATH=/home/bruithwirr/uni/ros2_ws/install/robot_msgs:/home/bruithwirr/uni/ros2_ws/install/robot_old:/home/bruithwirr/uni/ros2_ws/install/robot_game:/opt/ros/humble /usr/bin/cmake --install /home/bruithwirr/uni/ros2_ws/build/robot_game
[17.217s] Level 1:colcon.colcon_core.environment:create_environment_scripts_only(robot_game)
[17.217s] Level 1:colcon.colcon_core.environment:checking '/home/bruithwirr/uni/ros2_ws/install/robot_game' for CMake module files
[17.218s] DEBUG:colcon.colcon_core.event_handler.log_command:Invoked command in '/home/bruithwirr/uni/ros2_ws/build/robot_game' returned '0': CMAKE_PREFIX_PATH=/home/bruithwirr/uni/ros2_ws/install/robot_msgs:/home/bruithwirr/uni/ros2_ws/install/robot_old:/home/bruithwirr/uni/ros2_ws/install/robot_game:/opt/ros/humble /usr/bin/cmake --install /home/bruithwirr/uni/ros2_ws/build/robot_game
[17.218s] Level 1:colcon.colcon_core.environment:checking '/home/bruithwirr/uni/ros2_ws/install/robot_game' for CMake config files
[17.218s] Level 1:colcon.colcon_core.shell:create_environment_hook('robot_game', 'cmake_prefix_path')
[17.218s] INFO:colcon.colcon_core.shell:Creating environment hook '/home/bruithwirr/uni/ros2_ws/install/robot_game/share/robot_game/hook/cmake_prefix_path.ps1'
[17.219s] INFO:colcon.colcon_core.shell:Creating environment descriptor '/home/bruithwirr/uni/ros2_ws/install/robot_game/share/robot_game/hook/cmake_prefix_path.dsv'
[17.219s] INFO:colcon.colcon_core.shell:Creating environment hook '/home/bruithwirr/uni/ros2_ws/install/robot_game/share/robot_game/hook/cmake_prefix_path.sh'
[17.220s] Level 1:colcon.colcon_core.environment:checking '/home/bruithwirr/uni/ros2_ws/install/robot_game/lib'
[17.220s] Level 1:colcon.colcon_core.environment:checking '/home/bruithwirr/uni/ros2_ws/install/robot_game/bin'
[17.220s] Level 1:colcon.colcon_core.environment:checking '/home/bruithwirr/uni/ros2_ws/install/robot_game/lib/pkgconfig/robot_game.pc'
[17.220s] Level 1:colcon.colcon_core.environment:checking '/home/bruithwirr/uni/ros2_ws/install/robot_game/lib/python3.10/site-packages'
[17.220s] Level 1:colcon.colcon_core.environment:checking '/home/bruithwirr/uni/ros2_ws/install/robot_game/bin'
[17.220s] INFO:colcon.colcon_core.shell:Creating package script '/home/bruithwirr/uni/ros2_ws/install/robot_game/share/robot_game/package.ps1'
[17.221s] INFO:colcon.colcon_core.shell:Creating package descriptor '/home/bruithwirr/uni/ros2_ws/install/robot_game/share/robot_game/package.dsv'
[17.221s] INFO:colcon.colcon_core.shell:Creating package script '/home/bruithwirr/uni/ros2_ws/install/robot_game/share/robot_game/package.sh'
[17.221s] INFO:colcon.colcon_core.shell:Creating package script '/home/bruithwirr/uni/ros2_ws/install/robot_game/share/robot_game/package.bash'
[17.222s] INFO:colcon.colcon_core.shell:Creating package script '/home/bruithwirr/uni/ros2_ws/install/robot_game/share/robot_game/package.zsh'
[17.222s] Level 1:colcon.colcon_core.environment:create_file_with_runtime_dependencies(/home/bruithwirr/uni/ros2_ws/install/robot_game/share/colcon-core/packages/robot_game)
[17.222s] Level 1:colcon.colcon_core.environment:create_environment_scripts_only(robot_game)
[17.223s] Level 1:colcon.colcon_core.environment:checking '/home/bruithwirr/uni/ros2_ws/install/robot_game' for CMake module files
[17.223s] Level 1:colcon.colcon_core.environment:checking '/home/bruithwirr/uni/ros2_ws/install/robot_game' for CMake config files
[17.223s] Level 1:colcon.colcon_core.shell:create_environment_hook('robot_game', 'cmake_prefix_path')
[17.223s] INFO:colcon.colcon_core.shell:Creating environment hook '/home/bruithwirr/uni/ros2_ws/install/robot_game/share/robot_game/hook/cmake_prefix_path.ps1'
[17.272s] INFO:colcon.colcon_core.shell:Creating environment descriptor '/home/bruithwirr/uni/ros2_ws/install/robot_game/share/robot_game/hook/cmake_prefix_path.dsv'
[17.272s] INFO:colcon.colcon_core.shell:Creating environment hook '/home/bruithwirr/uni/ros2_ws/install/robot_game/share/robot_game/hook/cmake_prefix_path.sh'
[17.273s] Level 1:colcon.colcon_core.environment:checking '/home/bruithwirr/uni/ros2_ws/install/robot_game/lib'
[17.273s] Level 1:colcon.colcon_core.environment:checking '/home/bruithwirr/uni/ros2_ws/install/robot_game/bin'
[17.273s] Level 1:colcon.colcon_core.environment:checking '/home/bruithwirr/uni/ros2_ws/install/robot_game/lib/pkgconfig/robot_game.pc'
[17.273s] Level 1:colcon.colcon_core.environment:checking '/home/bruithwirr/uni/ros2_ws/install/robot_game/lib/python3.10/site-packages'
[17.273s] Level 1:colcon.colcon_core.environment:checking '/home/bruithwirr/uni/ros2_ws/install/robot_game/bin'
[17.274s] INFO:colcon.colcon_core.shell:Creating package script '/home/bruithwirr/uni/ros2_ws/install/robot_game/share/robot_game/package.ps1'
[17.274s] INFO:colcon.colcon_core.shell:Creating package descriptor '/home/bruithwirr/uni/ros2_ws/install/robot_game/share/robot_game/package.dsv'
[17.274s] INFO:colcon.colcon_core.shell:Creating package script '/home/bruithwirr/uni/ros2_ws/install/robot_game/share/robot_game/package.sh'
[17.275s] INFO:colcon.colcon_core.shell:Creating package script '/home/bruithwirr/uni/ros2_ws/install/robot_game/share/robot_game/package.bash'
[17.275s] INFO:colcon.colcon_core.shell:Creating package script '/home/bruithwirr/uni/ros2_ws/install/robot_game/share/robot_game/package.zsh'
[17.275s] Level 1:colcon.colcon_core.environment:create_file_with_runtime_dependencies(/home/bruithwirr/uni/ros2_ws/install/robot_game/share/colcon-core/packages/robot_game)
[17.276s] DEBUG:colcon.colcon_parallel_executor.executor.parallel:closing loop
[17.276s] DEBUG:colcon.colcon_parallel_executor.executor.parallel:loop closed
[17.276s] DEBUG:colcon.colcon_parallel_executor.executor.parallel:run_until_complete finished with '0'
[17.276s] DEBUG:colcon.colcon_core.event_reactor:joining thread
[17.282s] INFO:colcon.colcon_core.plugin_system:Skipping extension 'colcon_notification.desktop_notification.terminal_notifier': Not used on non-Darwin systems
[17.282s] INFO:colcon.colcon_core.plugin_system:Skipping extension 'colcon_notification.desktop_notification.win32': Not used on non-Windows systems
[17.282s] INFO:colcon.colcon_notification.desktop_notification:Sending desktop notification using 'notify2'
[17.291s] DEBUG:colcon.colcon_core.event_reactor:joined thread
[17.292s] INFO:colcon.colcon_core.shell:Creating prefix script '/home/bruithwirr/uni/ros2_ws/install/local_setup.ps1'
[17.293s] INFO:colcon.colcon_core.shell:Creating prefix util module '/home/bruithwirr/uni/ros2_ws/install/_local_setup_util_ps1.py'
[17.294s] INFO:colcon.colcon_core.shell:Creating prefix chain script '/home/bruithwirr/uni/ros2_ws/install/setup.ps1'
[17.296s] INFO:colcon.colcon_core.shell:Creating prefix script '/home/bruithwirr/uni/ros2_ws/install/local_setup.sh'
[17.296s] INFO:colcon.colcon_core.shell:Creating prefix util module '/home/bruithwirr/uni/ros2_ws/install/_local_setup_util_sh.py'
[17.297s] INFO:colcon.colcon_core.shell:Creating prefix chain script '/home/bruithwirr/uni/ros2_ws/install/setup.sh'
[17.298s] INFO:colcon.colcon_core.shell:Creating prefix script '/home/bruithwirr/uni/ros2_ws/install/local_setup.bash'
[17.299s] INFO:colcon.colcon_core.shell:Creating prefix chain script '/home/bruithwirr/uni/ros2_ws/install/setup.bash'
[17.299s] INFO:colcon.colcon_core.shell:Creating prefix script '/home/bruithwirr/uni/ros2_ws/install/local_setup.zsh'
[17.300s] INFO:colcon.colcon_core.shell:Creating prefix chain script '/home/bruithwirr/uni/ros2_ws/install/setup.zsh'
