[ 23%] [32mBuilding CXX object CMakeFiles/game_node.dir/src/GameNode.cpp.o[0m
[ 23%] Built target keyboard_node
[ 76%] Built target robot_node
[01m[K/home/bruithwirr/uni/ros2_ws/src/robot_game/src/GameNode.cpp:84:49:[m[K [01;31m[Kerror: [m[K‘[01m[KBool[m[K’ in namespace ‘[01m[Kstd_msgs::msg[m[K’ does not name a type
   84 | void GameNode::onBotToggle(const std_msgs::msg::[01;31m[KBool[m[K::SharedPtr)
      |                                                 [01;31m[K^~~~[m[K
[01m[K/home/bruithwirr/uni/ros2_ws/src/robot_game/src/GameNode.cpp:84:64:[m[K [01;31m[Kerror: [m[Kexpected unqualified-id before ‘[01m[K)[m[K’ token
   84 | void GameNode::onBotToggle(const std_msgs::msg::Bool::SharedPtr[01;31m[K)[m[K
      |                                                                [01;31m[K^[m[K
[01m[K/home/bruithwirr/uni/ros2_ws/src/robot_game/src/GameNode.cpp:84:6:[m[K [01;31m[Kerror: [m[Kno declaration matches ‘[01m[Kvoid GameNode::onBotToggle(...)[m[K’
   84 | void [01;31m[KGameNode[m[K::onBotToggle(const std_msgs::msg::Bool::SharedPtr)
      |      [01;31m[K^~~~~~~~[m[K
In file included from [01m[K/home/bruithwirr/uni/ros2_ws/src/robot_game/src/GameNode.cpp:1[m[K:
[01m[K/home/bruithwirr/uni/ros2_ws/src/robot_game/include/GameNode.h:26:10:[m[K [01;36m[Knote: [m[Kcandidate is: ‘[01m[Kvoid GameNode::onBotToggle(std_msgs::msg::Empty_<std::allocator<void> >::SharedPtr)[m[K’
   26 |     void [01;36m[KonBotToggle[m[K(const std_msgs::msg::Empty::SharedPtr msg);
      |          [01;36m[K^~~~~~~~~~~[m[K
[01m[K/home/bruithwirr/uni/ros2_ws/src/robot_game/include/GameNode.h:19:7:[m[K [01;36m[Knote: [m[K‘[01m[Kclass GameNode[m[K’ defined here
   19 | class [01;36m[KGameNode[m[K : public rclcpp::Node {
      |       [01;36m[K^~~~~~~~[m[K
gmake[2]: *** [CMakeFiles/game_node.dir/build.make:76: CMakeFiles/game_node.dir/src/GameNode.cpp.o] Error 1
gmake[1]: *** [CMakeFiles/Makefile2:193: CMakeFiles/game_node.dir/all] Error 2
gmake: *** [Makefile:146: all] Error 2
