[35m[1mConsolidate compiler generated dependencies of target robot_node[0m
[ 12%] Built target keyboard_node
[ 31%] Built target bot_node
[ 56%] Built target game_node
[ 62%] [32mBuilding CXX object CMakeFiles/robot_node.dir/src/RobotNode.cpp.o[0m
In file included from [01m[K/home/bruithwirr/uni/ros2_ws/src/robot_game/include/RobotNode.h:9[m[K,
                 from [01m[K/home/bruithwirr/uni/ros2_ws/src/robot_game/src/RobotNode.cpp:1[m[K:
[01m[K/home/bruithwirr/uni/ros2_ws/src/robot_game/../robot_old/include/robot/Robot.h:25:84:[m[K [01;35m[Kwarning: [m[Kmissing initializer for member ‘[01m[Kgeometry::RobotState::velocity[m[K’ [[01;35m[K]8;;https://gcc.gnu.org/onlinedocs/gcc/Warning-Options.html#index-Wmissing-field-initializers-Wmissing-field-initializers]8;;[m[K]
   25 |         geometry::RobotState initial_state = geometry::RobotState{200.0, 200.0, 0.0[01;35m[K}[m[K,
      |                                                                                    [01;35m[K^[m[K
In file included from [01m[K/home/bruithwirr/uni/ros2_ws/src/robot_game/src/RobotNode.cpp:1[m[K:
[01m[K/home/bruithwirr/uni/ros2_ws/src/robot_game/include/RobotNode.h:34:5:[m[K [01;31m[Kerror: [m[K‘[01m[KGameConfig[m[K’ does not name a type
   34 |     [01;31m[KGameConfig[m[K cfg_;
      |     [01;31m[K^~~~~~~~~~[m[K
[01m[K/home/bruithwirr/uni/ros2_ws/src/robot_game/src/RobotNode.cpp:[m[K In constructor ‘[01m[KRobotNode::RobotNode(int)[m[K’:
[01m[K/home/bruithwirr/uni/ros2_ws/src/robot_game/src/RobotNode.cpp:12:9:[m[K [01;31m[Kerror: [m[K‘[01m[Kcfg_[m[K’ was not declared in this scope
   12 |         [01;31m[Kcfg_[m[K = ConfigParser::load(
      |         [01;31m[K^~~~[m[K
[01m[K/home/bruithwirr/uni/ros2_ws/src/robot_game/src/RobotNode.cpp:21:21:[m[K [01;31m[Kerror: [m[K‘[01m[Kcfg[m[K’ was not declared in this scope
   21 |     robot_radius_ = [01;31m[Kcfg[m[K.robot.radius;
      |                     [01;31m[K^~~[m[K
[01m[K/home/bruithwirr/uni/ros2_ws/src/robot_game/src/RobotNode.cpp:[m[K In member function ‘[01m[Kvoid RobotNode::publishState()[m[K’:
[01m[K/home/bruithwirr/uni/ros2_ws/src/robot_game/src/RobotNode.cpp:106:29:[m[K [01;31m[Kerror: [m[K‘[01m[Kcfg_[m[K’ was not declared in this scope
  106 |     if (!(robot_id_ == 1 && [01;31m[Kcfg_[m[K.game_mode == "duel_bot")) {
      |                             [01;31m[K^~~~[m[K
gmake[2]: *** [CMakeFiles/robot_node.dir/build.make:76: CMakeFiles/robot_node.dir/src/RobotNode.cpp.o] Error 1
gmake[1]: *** [CMakeFiles/Makefile2:169: CMakeFiles/robot_node.dir/all] Error 2
gmake: *** [Makefile:146: all] Error 2
