[0.263s] DEBUG:colcon:Command line arguments: ['/usr/bin/colcon', 'build']
[0.263s] DEBUG:colcon:Parsed command line arguments: Namespace(log_base=None, log_level=None, verb_name='build', build_base='build', install_base='install', merge_install=False, symlink_install=False, test_result_base=None, continue_on_error=False, executor='parallel', parallel_workers=12, event_handlers=None, ignore_user_meta=False, metas=['./colcon.meta'], base_paths=['.'], packages_ignore=None, packages_ignore_regex=None, paths=None, packages_up_to=None, packages_up_to_regex=None, packages_above=None, packages_above_and_dependencies=None, packages_above_depth=None, packages_select_by_dep=None, packages_skip_by_dep=None, packages_skip_up_to=None, packages_select_build_failed=False, packages_skip_build_finished=False, packages_select_test_failures=False, packages_skip_test_passed=False, packages_select=None, packages_skip=None, packages_select_regex=None, packages_skip_regex=None, packages_start=None, packages_end=None, allow_overriding=[], cmake_args=None, cmake_target=None, cmake_target_skip_unavailable=False, cmake_clean_cache=False, cmake_clean_first=False, cmake_force_configure=False, ament_cmake_args=None, catkin_cmake_args=None, catkin_skip_building_tests=False, verb_parser=<colcon_defaults.argument_parser.defaults.DefaultArgumentsDecorator object at 0x7571c0d1f6a0>, verb_extension=<colcon_core.verb.build.BuildVerb object at 0x7571c0d1f1c0>, main=<bound method BuildVerb.main of <colcon_core.verb.build.BuildVerb object at 0x7571c0d1f1c0>>)
[0.669s] Level 1:colcon.colcon_core.package_discovery:discover_packages(colcon_meta) check parameters
[0.669s] Level 1:colcon.colcon_core.package_discovery:discover_packages(recursive) check parameters
[0.669s] Level 1:colcon.colcon_core.package_discovery:discover_packages(ignore) check parameters
[0.670s] Level 1:colcon.colcon_core.package_discovery:discover_packages(path) check parameters
[0.670s] Level 1:colcon.colcon_core.package_discovery:discover_packages(colcon_meta) discover
[0.670s] Level 1:colcon.colcon_core.package_discovery:discover_packages(recursive) discover
[0.670s] INFO:colcon.colcon_core.package_discovery:Crawling recursively for packages in '/home/bruithwirr/uni/ros2_ws'
[0.670s] Level 1:colcon.colcon_core.package_identification:_identify(.) by extensions ['ignore', 'ignore_ament_install']
[0.670s] Level 1:colcon.colcon_core.package_identification:_identify(.) by extension 'ignore'
[0.670s] Level 1:colcon.colcon_core.package_identification:_identify(.) by extension 'ignore_ament_install'
[0.671s] Level 1:colcon.colcon_core.package_identification:_identify(.) by extensions ['colcon_pkg']
[0.671s] Level 1:colcon.colcon_core.package_identification:_identify(.) by extension 'colcon_pkg'
[0.671s] Level 1:colcon.colcon_core.package_identification:_identify(.) by extensions ['colcon_meta']
[0.671s] Level 1:colcon.colcon_core.package_identification:_identify(.) by extension 'colcon_meta'
[0.671s] Level 1:colcon.colcon_core.package_identification:_identify(.) by extensions ['ros']
[0.671s] Level 1:colcon.colcon_core.package_identification:_identify(.) by extension 'ros'
[0.699s] Level 1:colcon.colcon_core.package_identification:_identify(.) by extensions ['cmake', 'python']
[0.699s] Level 1:colcon.colcon_core.package_identification:_identify(.) by extension 'cmake'
[0.699s] Level 1:colcon.colcon_core.package_identification:_identify(.) by extension 'python'
[0.699s] Level 1:colcon.colcon_core.package_identification:_identify(.) by extensions ['python_setup_py']
[0.699s] Level 1:colcon.colcon_core.package_identification:_identify(.) by extension 'python_setup_py'
[0.700s] Level 1:colcon.colcon_core.package_identification:_identify(build) by extensions ['ignore', 'ignore_ament_install']
[0.700s] Level 1:colcon.colcon_core.package_identification:_identify(build) by extension 'ignore'
[0.700s] Level 1:colcon.colcon_core.package_identification:_identify(build) ignored
[0.700s] Level 1:colcon.colcon_core.package_identification:_identify(install) by extensions ['ignore', 'ignore_ament_install']
[0.700s] Level 1:colcon.colcon_core.package_identification:_identify(install) by extension 'ignore'
[0.701s] Level 1:colcon.colcon_core.package_identification:_identify(install) ignored
[0.701s] Level 1:colcon.colcon_core.package_identification:_identify(log) by extensions ['ignore', 'ignore_ament_install']
[0.701s] Level 1:colcon.colcon_core.package_identification:_identify(log) by extension 'ignore'
[0.702s] Level 1:colcon.colcon_core.package_identification:_identify(log) ignored
[0.702s] Level 1:colcon.colcon_core.package_identification:_identify(src) by extensions ['ignore', 'ignore_ament_install']
[0.702s] Level 1:colcon.colcon_core.package_identification:_identify(src) by extension 'ignore'
[0.702s] Level 1:colcon.colcon_core.package_identification:_identify(src) by extension 'ignore_ament_install'
[0.702s] Level 1:colcon.colcon_core.package_identification:_identify(src) by extensions ['colcon_pkg']
[0.702s] Level 1:colcon.colcon_core.package_identification:_identify(src) by extension 'colcon_pkg'
[0.702s] Level 1:colcon.colcon_core.package_identification:_identify(src) by extensions ['colcon_meta']
[0.703s] Level 1:colcon.colcon_core.package_identification:_identify(src) by extension 'colcon_meta'
[0.703s] Level 1:colcon.colcon_core.package_identification:_identify(src) by extensions ['ros']
[0.703s] Level 1:colcon.colcon_core.package_identification:_identify(src) by extension 'ros'
[0.703s] Level 1:colcon.colcon_core.package_identification:_identify(src) by extensions ['cmake', 'python']
[0.703s] Level 1:colcon.colcon_core.package_identification:_identify(src) by extension 'cmake'
[0.703s] Level 1:colcon.colcon_core.package_identification:_identify(src) by extension 'python'
[0.703s] Level 1:colcon.colcon_core.package_identification:_identify(src) by extensions ['python_setup_py']
[0.703s] Level 1:colcon.colcon_core.package_identification:_identify(src) by extension 'python_setup_py'
[0.704s] Level 1:colcon.colcon_core.package_identification:_identify(src/robot_game) by extensions ['ignore', 'ignore_ament_install']
[0.704s] Level 1:colcon.colcon_core.package_identification:_identify(src/robot_game) by extension 'ignore'
[0.704s] Level 1:colcon.colcon_core.package_identification:_identify(src/robot_game) by extension 'ignore_ament_install'
[0.704s] Level 1:colcon.colcon_core.package_identification:_identify(src/robot_game) by extensions ['colcon_pkg']
[0.704s] Level 1:colcon.colcon_core.package_identification:_identify(src/robot_game) by extension 'colcon_pkg'
[0.704s] Level 1:colcon.colcon_core.package_identification:_identify(src/robot_game) by extensions ['colcon_meta']
[0.704s] Level 1:colcon.colcon_core.package_identification:_identify(src/robot_game) by extension 'colcon_meta'
[0.705s] Level 1:colcon.colcon_core.package_identification:_identify(src/robot_game) by extensions ['ros']
[0.705s] Level 1:colcon.colcon_core.package_identification:_identify(src/robot_game) by extension 'ros'
[0.711s] DEBUG:colcon.colcon_core.package_identification:Package 'src/robot_game' with type 'ros.ament_cmake' and name 'robot_game'
[0.711s] Level 1:colcon.colcon_core.package_identification:_identify(src/robot_msgs) by extensions ['ignore', 'ignore_ament_install']
[0.712s] Level 1:colcon.colcon_core.package_identification:_identify(src/robot_msgs) by extension 'ignore'
[0.712s] Level 1:colcon.colcon_core.package_identification:_identify(src/robot_msgs) by extension 'ignore_ament_install'
[0.712s] Level 1:colcon.colcon_core.package_identification:_identify(src/robot_msgs) by extensions ['colcon_pkg']
[0.712s] Level 1:colcon.colcon_core.package_identification:_identify(src/robot_msgs) by extension 'colcon_pkg'
[0.712s] Level 1:colcon.colcon_core.package_identification:_identify(src/robot_msgs) by extensions ['colcon_meta']
[0.712s] Level 1:colcon.colcon_core.package_identification:_identify(src/robot_msgs) by extension 'colcon_meta'
[0.713s] Level 1:colcon.colcon_core.package_identification:_identify(src/robot_msgs) by extensions ['ros']
[0.713s] Level 1:colcon.colcon_core.package_identification:_identify(src/robot_msgs) by extension 'ros'
[0.714s] DEBUG:colcon.colcon_core.package_identification:Package 'src/robot_msgs' with type 'ros.ament_cmake' and name 'robot_msgs'
[0.715s] Level 1:colcon.colcon_core.package_identification:_identify(src/robot_old) by extensions ['ignore', 'ignore_ament_install']
[0.715s] Level 1:colcon.colcon_core.package_identification:_identify(src/robot_old) by extension 'ignore'
[0.715s] Level 1:colcon.colcon_core.package_identification:_identify(src/robot_old) by extension 'ignore_ament_install'
[0.715s] Level 1:colcon.colcon_core.package_identification:_identify(src/robot_old) by extensions ['colcon_pkg']
[0.715s] Level 1:colcon.colcon_core.package_identification:_identify(src/robot_old) by extension 'colcon_pkg'
[0.715s] Level 1:colcon.colcon_core.package_identification:_identify(src/robot_old) by extensions ['colcon_meta']
[0.715s] Level 1:colcon.colcon_core.package_identification:_identify(src/robot_old) by extension 'colcon_meta'
[0.715s] Level 1:colcon.colcon_core.package_identification:_identify(src/robot_old) by extensions ['ros']
[0.715s] Level 1:colcon.colcon_core.package_identification:_identify(src/robot_old) by extension 'ros'
[0.717s] DEBUG:colcon.colcon_core.package_identification:Package 'src/robot_old' with type 'ros.ament_cmake' and name 'robot_old'
[0.717s] Level 1:colcon.colcon_core.package_discovery:discover_packages(recursive) using defaults
[0.717s] Level 1:colcon.colcon_core.package_discovery:discover_packages(ignore) discover
[0.717s] Level 1:colcon.colcon_core.package_discovery:discover_packages(ignore) using defaults
[0.717s] Level 1:colcon.colcon_core.package_discovery:discover_packages(path) discover
[0.717s] Level 1:colcon.colcon_core.package_discovery:discover_packages(path) using defaults
[0.762s] Level 1:colcon.colcon_core.package_discovery:discover_packages(prefix_path) check parameters
[0.762s] Level 1:colcon.colcon_core.package_discovery:discover_packages(prefix_path) discover
[0.767s] DEBUG:colcon.colcon_installed_package_information.package_discovery:Found 3 installed packages in /home/bruithwirr/uni/ros2_ws/install
[0.768s] DEBUG:colcon.colcon_installed_package_information.package_discovery:Found 0 installed packages in /home/bruithwirr/ros2_ws/install
[0.772s] DEBUG:colcon.colcon_installed_package_information.package_discovery:Found 273 installed packages in /opt/ros/humble
[0.777s] Level 1:colcon.colcon_core.package_discovery:discover_packages(prefix_path) using defaults
[0.890s] Level 5:colcon.colcon_core.verb:set package 'robot_msgs' build argument 'cmake_args' from command line to 'None'
[0.891s] Level 5:colcon.colcon_core.verb:set package 'robot_msgs' build argument 'cmake_target' from command line to 'None'
[0.891s] Level 5:colcon.colcon_core.verb:set package 'robot_msgs' build argument 'cmake_target_skip_unavailable' from command line to 'False'
[0.891s] Level 5:colcon.colcon_core.verb:set package 'robot_msgs' build argument 'cmake_clean_cache' from command line to 'False'
[0.891s] Level 5:colcon.colcon_core.verb:set package 'robot_msgs' build argument 'cmake_clean_first' from command line to 'False'
[0.891s] Level 5:colcon.colcon_core.verb:set package 'robot_msgs' build argument 'cmake_force_configure' from command line to 'False'
[0.891s] Level 5:colcon.colcon_core.verb:set package 'robot_msgs' build argument 'ament_cmake_args' from command line to 'None'
[0.891s] Level 5:colcon.colcon_core.verb:set package 'robot_msgs' build argument 'catkin_cmake_args' from command line to 'None'
[0.891s] Level 5:colcon.colcon_core.verb:set package 'robot_msgs' build argument 'catkin_skip_building_tests' from command line to 'False'
[0.891s] DEBUG:colcon.colcon_core.verb:Building package 'robot_msgs' with the following arguments: {'ament_cmake_args': None, 'build_base': '/home/bruithwirr/uni/ros2_ws/build/robot_msgs', 'catkin_cmake_args': None, 'catkin_skip_building_tests': False, 'cmake_args': None, 'cmake_clean_cache': False, 'cmake_clean_first': False, 'cmake_force_configure': False, 'cmake_target': None, 'cmake_target_skip_unavailable': False, 'install_base': '/home/bruithwirr/uni/ros2_ws/install/robot_msgs', 'merge_install': False, 'path': '/home/bruithwirr/uni/ros2_ws/src/robot_msgs', 'symlink_install': False, 'test_result_base': None}
[0.892s] Level 5:colcon.colcon_core.verb:set package 'robot_old' build argument 'cmake_args' from command line to 'None'
[0.892s] Level 5:colcon.colcon_core.verb:set package 'robot_old' build argument 'cmake_target' from command line to 'None'
[0.892s] Level 5:colcon.colcon_core.verb:set package 'robot_old' build argument 'cmake_target_skip_unavailable' from command line to 'False'
[0.892s] Level 5:colcon.colcon_core.verb:set package 'robot_old' build argument 'cmake_clean_cache' from command line to 'False'
[0.892s] Level 5:colcon.colcon_core.verb:set package 'robot_old' build argument 'cmake_clean_first' from command line to 'False'
[0.893s] Level 5:colcon.colcon_core.verb:set package 'robot_old' build argument 'cmake_force_configure' from command line to 'False'
[0.893s] Level 5:colcon.colcon_core.verb:set package 'robot_old' build argument 'ament_cmake_args' from command line to 'None'
[0.893s] Level 5:colcon.colcon_core.verb:set package 'robot_old' build argument 'catkin_cmake_args' from command line to 'None'
[0.893s] Level 5:colcon.colcon_core.verb:set package 'robot_old' build argument 'catkin_skip_building_tests' from command line to 'False'
[0.893s] DEBUG:colcon.colcon_core.verb:Building package 'robot_old' with the following arguments: {'ament_cmake_args': None, 'build_base': '/home/bruithwirr/uni/ros2_ws/build/robot_old', 'catkin_cmake_args': None, 'catkin_skip_building_tests': False, 'cmake_args': None, 'cmake_clean_cache': False, 'cmake_clean_first': False, 'cmake_force_configure': False, 'cmake_target': None, 'cmake_target_skip_unavailable': False, 'install_base': '/home/bruithwirr/uni/ros2_ws/install/robot_old', 'merge_install': False, 'path': '/home/bruithwirr/uni/ros2_ws/src/robot_old', 'symlink_install': False, 'test_result_base': None}
[0.893s] Level 5:colcon.colcon_core.verb:set package 'robot_game' build argument 'cmake_args' from command line to 'None'
[0.894s] Level 5:colcon.colcon_core.verb:set package 'robot_game' build argument 'cmake_target' from command line to 'None'
[0.894s] Level 5:colcon.colcon_core.verb:set package 'robot_game' build argument 'cmake_target_skip_unavailable' from command line to 'False'
[0.894s] Level 5:colcon.colcon_core.verb:set package 'robot_game' build argument 'cmake_clean_cache' from command line to 'False'
[0.894s] Level 5:colcon.colcon_core.verb:set package 'robot_game' build argument 'cmake_clean_first' from command line to 'False'
[0.894s] Level 5:colcon.colcon_core.verb:set package 'robot_game' build argument 'cmake_force_configure' from command line to 'False'
[0.894s] Level 5:colcon.colcon_core.verb:set package 'robot_game' build argument 'ament_cmake_args' from command line to 'None'
[0.894s] Level 5:colcon.colcon_core.verb:set package 'robot_game' build argument 'catkin_cmake_args' from command line to 'None'
[0.894s] Level 5:colcon.colcon_core.verb:set package 'robot_game' build argument 'catkin_skip_building_tests' from command line to 'False'
[0.894s] DEBUG:colcon.colcon_core.verb:Building package 'robot_game' with the following arguments: {'ament_cmake_args': None, 'build_base': '/home/bruithwirr/uni/ros2_ws/build/robot_game', 'catkin_cmake_args': None, 'catkin_skip_building_tests': False, 'cmake_args': None, 'cmake_clean_cache': False, 'cmake_clean_first': False, 'cmake_force_configure': False, 'cmake_target': None, 'cmake_target_skip_unavailable': False, 'install_base': '/home/bruithwirr/uni/ros2_ws/install/robot_game', 'merge_install': False, 'path': '/home/bruithwirr/uni/ros2_ws/src/robot_game', 'symlink_install': False, 'test_result_base': None}
[0.894s] INFO:colcon.colcon_core.executor:Executing jobs using 'parallel' executor
[0.897s] DEBUG:colcon.colcon_parallel_executor.executor.parallel:run_until_complete
[0.897s] INFO:colcon.colcon_ros.task.ament_cmake.build:Building ROS package in '/home/bruithwirr/uni/ros2_ws/src/robot_msgs' with build type 'ament_cmake'
[0.898s] INFO:colcon.colcon_cmake.task.cmake.build:Building CMake package in '/home/bruithwirr/uni/ros2_ws/src/robot_msgs'
[0.903s] INFO:colcon.colcon_core.plugin_system:Skipping extension 'colcon_core.shell.bat': Not used on non-Windows systems
[0.904s] INFO:colcon.colcon_core.shell:Skip shell extension 'powershell' for command environment: Not usable outside of PowerShell
[0.904s] DEBUG:colcon.colcon_core.shell:Skip shell extension 'dsv' for command environment
[0.915s] INFO:colcon.colcon_ros.task.ament_cmake.build:Building ROS package in '/home/bruithwirr/uni/ros2_ws/src/robot_old' with build type 'ament_cmake'
[0.915s] INFO:colcon.colcon_cmake.task.cmake.build:Building CMake package in '/home/bruithwirr/uni/ros2_ws/src/robot_old'
[0.916s] INFO:colcon.colcon_core.shell:Skip shell extension 'powershell' for command environment: Not usable outside of PowerShell
[0.916s] DEBUG:colcon.colcon_core.shell:Skip shell extension 'dsv' for command environment
[0.940s] DEBUG:colcon.colcon_core.event_handler.log_command:Invoking command in '/home/bruithwirr/uni/ros2_ws/build/robot_msgs': CMAKE_PREFIX_PATH=${CMAKE_PREFIX_PATH}:/opt/ros/humble /usr/bin/cmake --build /home/bruithwirr/uni/ros2_ws/build/robot_msgs -- -j12 -l12
[0.950s] DEBUG:colcon.colcon_core.event_handler.log_command:Invoking command in '/home/bruithwirr/uni/ros2_ws/build/robot_old': CMAKE_PREFIX_PATH=${CMAKE_PREFIX_PATH}:/opt/ros/humble /usr/bin/cmake --build /home/bruithwirr/uni/ros2_ws/build/robot_old -- -j12 -l12
[1.040s] DEBUG:colcon.colcon_core.event_handler.log_command:Invoked command in '/home/bruithwirr/uni/ros2_ws/build/robot_old' returned '0': CMAKE_PREFIX_PATH=${CMAKE_PREFIX_PATH}:/opt/ros/humble /usr/bin/cmake --build /home/bruithwirr/uni/ros2_ws/build/robot_old -- -j12 -l12
[1.066s] DEBUG:colcon.colcon_core.event_handler.log_command:Invoking command in '/home/bruithwirr/uni/ros2_ws/build/robot_old': CMAKE_PREFIX_PATH=${CMAKE_PREFIX_PATH}:/opt/ros/humble /usr/bin/cmake --install /home/bruithwirr/uni/ros2_ws/build/robot_old
[1.099s] Level 1:colcon.colcon_core.environment:create_environment_scripts_only(robot_old)
[1.101s] DEBUG:colcon.colcon_core.event_handler.log_command:Invoked command in '/home/bruithwirr/uni/ros2_ws/build/robot_old' returned '0': CMAKE_PREFIX_PATH=${CMAKE_PREFIX_PATH}:/opt/ros/humble /usr/bin/cmake --install /home/bruithwirr/uni/ros2_ws/build/robot_old
[1.106s] Level 1:colcon.colcon_core.environment:checking '/home/bruithwirr/uni/ros2_ws/install/robot_old' for CMake module files
[1.108s] Level 1:colcon.colcon_core.environment:checking '/home/bruithwirr/uni/ros2_ws/install/robot_old' for CMake config files
[1.109s] Level 1:colcon.colcon_core.shell:create_environment_hook('robot_old', 'cmake_prefix_path')
[1.110s] INFO:colcon.colcon_core.shell:Creating environment hook '/home/bruithwirr/uni/ros2_ws/install/robot_old/share/robot_old/hook/cmake_prefix_path.ps1'
[1.112s] INFO:colcon.colcon_core.shell:Creating environment descriptor '/home/bruithwirr/uni/ros2_ws/install/robot_old/share/robot_old/hook/cmake_prefix_path.dsv'
[1.114s] INFO:colcon.colcon_core.shell:Creating environment hook '/home/bruithwirr/uni/ros2_ws/install/robot_old/share/robot_old/hook/cmake_prefix_path.sh'
[1.116s] Level 1:colcon.colcon_core.environment:checking '/home/bruithwirr/uni/ros2_ws/install/robot_old/bin'
[1.117s] Level 1:colcon.colcon_core.environment:checking '/home/bruithwirr/uni/ros2_ws/install/robot_old/lib/pkgconfig/robot_old.pc'
[1.117s] Level 1:colcon.colcon_core.environment:checking '/home/bruithwirr/uni/ros2_ws/install/robot_old/lib/python3.10/site-packages'
[1.118s] Level 1:colcon.colcon_core.environment:checking '/home/bruithwirr/uni/ros2_ws/install/robot_old/bin'
[1.119s] INFO:colcon.colcon_core.shell:Creating package script '/home/bruithwirr/uni/ros2_ws/install/robot_old/share/robot_old/package.ps1'
[1.124s] INFO:colcon.colcon_core.shell:Creating package descriptor '/home/bruithwirr/uni/ros2_ws/install/robot_old/share/robot_old/package.dsv'
[1.126s] INFO:colcon.colcon_core.shell:Creating package script '/home/bruithwirr/uni/ros2_ws/install/robot_old/share/robot_old/package.sh'
[1.129s] INFO:colcon.colcon_core.shell:Creating package script '/home/bruithwirr/uni/ros2_ws/install/robot_old/share/robot_old/package.bash'
[1.132s] INFO:colcon.colcon_core.shell:Creating package script '/home/bruithwirr/uni/ros2_ws/install/robot_old/share/robot_old/package.zsh'
[1.134s] Level 1:colcon.colcon_core.environment:create_file_with_runtime_dependencies(/home/bruithwirr/uni/ros2_ws/install/robot_old/share/colcon-core/packages/robot_old)
[1.135s] Level 1:colcon.colcon_core.environment:create_environment_scripts_only(robot_old)
[1.135s] Level 1:colcon.colcon_core.environment:checking '/home/bruithwirr/uni/ros2_ws/install/robot_old' for CMake module files
[1.136s] Level 1:colcon.colcon_core.environment:checking '/home/bruithwirr/uni/ros2_ws/install/robot_old' for CMake config files
[1.137s] Level 1:colcon.colcon_core.shell:create_environment_hook('robot_old', 'cmake_prefix_path')
[1.137s] INFO:colcon.colcon_core.shell:Creating environment hook '/home/bruithwirr/uni/ros2_ws/install/robot_old/share/robot_old/hook/cmake_prefix_path.ps1'
[1.138s] INFO:colcon.colcon_core.shell:Creating environment descriptor '/home/bruithwirr/uni/ros2_ws/install/robot_old/share/robot_old/hook/cmake_prefix_path.dsv'
[1.139s] INFO:colcon.colcon_core.shell:Creating environment hook '/home/bruithwirr/uni/ros2_ws/install/robot_old/share/robot_old/hook/cmake_prefix_path.sh'
[1.140s] Level 1:colcon.colcon_core.environment:checking '/home/bruithwirr/uni/ros2_ws/install/robot_old/bin'
[1.140s] Level 1:colcon.colcon_core.environment:checking '/home/bruithwirr/uni/ros2_ws/install/robot_old/lib/pkgconfig/robot_old.pc'
[1.141s] Level 1:colcon.colcon_core.environment:checking '/home/bruithwirr/uni/ros2_ws/install/robot_old/lib/python3.10/site-packages'
[1.141s] Level 1:colcon.colcon_core.environment:checking '/home/bruithwirr/uni/ros2_ws/install/robot_old/bin'
[1.142s] INFO:colcon.colcon_core.shell:Creating package script '/home/bruithwirr/uni/ros2_ws/install/robot_old/share/robot_old/package.ps1'
[1.143s] INFO:colcon.colcon_core.shell:Creating package descriptor '/home/bruithwirr/uni/ros2_ws/install/robot_old/share/robot_old/package.dsv'
[1.144s] INFO:colcon.colcon_core.shell:Creating package script '/home/bruithwirr/uni/ros2_ws/install/robot_old/share/robot_old/package.sh'
[1.145s] INFO:colcon.colcon_core.shell:Creating package script '/home/bruithwirr/uni/ros2_ws/install/robot_old/share/robot_old/package.bash'
[1.146s] INFO:colcon.colcon_core.shell:Creating package script '/home/bruithwirr/uni/ros2_ws/install/robot_old/share/robot_old/package.zsh'
[1.147s] Level 1:colcon.colcon_core.environment:create_file_with_runtime_dependencies(/home/bruithwirr/uni/ros2_ws/install/robot_old/share/colcon-core/packages/robot_old)
[1.658s] DEBUG:colcon.colcon_core.event_handler.log_command:Invoked command in '/home/bruithwirr/uni/ros2_ws/build/robot_msgs' returned '0': CMAKE_PREFIX_PATH=${CMAKE_PREFIX_PATH}:/opt/ros/humble /usr/bin/cmake --build /home/bruithwirr/uni/ros2_ws/build/robot_msgs -- -j12 -l12
[1.662s] DEBUG:colcon.colcon_core.event_handler.log_command:Invoking command in '/home/bruithwirr/uni/ros2_ws/build/robot_msgs': CMAKE_PREFIX_PATH=${CMAKE_PREFIX_PATH}:/opt/ros/humble /usr/bin/cmake --install /home/bruithwirr/uni/ros2_ws/build/robot_msgs
[1.763s] Level 1:colcon.colcon_core.environment:create_environment_scripts_only(robot_msgs)
[1.763s] Level 1:colcon.colcon_core.environment:checking '/home/bruithwirr/uni/ros2_ws/install/robot_msgs' for CMake module files
[1.764s] DEBUG:colcon.colcon_core.event_handler.log_command:Invoked command in '/home/bruithwirr/uni/ros2_ws/build/robot_msgs' returned '0': CMAKE_PREFIX_PATH=${CMAKE_PREFIX_PATH}:/opt/ros/humble /usr/bin/cmake --install /home/bruithwirr/uni/ros2_ws/build/robot_msgs
[1.765s] Level 1:colcon.colcon_core.environment:checking '/home/bruithwirr/uni/ros2_ws/install/robot_msgs' for CMake config files
[1.765s] Level 1:colcon.colcon_core.shell:create_environment_hook('robot_msgs', 'cmake_prefix_path')
[1.766s] INFO:colcon.colcon_core.shell:Creating environment hook '/home/bruithwirr/uni/ros2_ws/install/robot_msgs/share/robot_msgs/hook/cmake_prefix_path.ps1'
[1.767s] INFO:colcon.colcon_core.shell:Creating environment descriptor '/home/bruithwirr/uni/ros2_ws/install/robot_msgs/share/robot_msgs/hook/cmake_prefix_path.dsv'
[1.767s] INFO:colcon.colcon_core.shell:Creating environment hook '/home/bruithwirr/uni/ros2_ws/install/robot_msgs/share/robot_msgs/hook/cmake_prefix_path.sh'
[1.768s] Level 1:colcon.colcon_core.environment:checking '/home/bruithwirr/uni/ros2_ws/install/robot_msgs/lib'
[1.768s] Level 1:colcon.colcon_core.shell:create_environment_hook('robot_msgs', 'ld_library_path_lib')
[1.769s] INFO:colcon.colcon_core.shell:Creating environment hook '/home/bruithwirr/uni/ros2_ws/install/robot_msgs/share/robot_msgs/hook/ld_library_path_lib.ps1'
[1.769s] INFO:colcon.colcon_core.shell:Creating environment descriptor '/home/bruithwirr/uni/ros2_ws/install/robot_msgs/share/robot_msgs/hook/ld_library_path_lib.dsv'
[1.770s] INFO:colcon.colcon_core.shell:Creating environment hook '/home/bruithwirr/uni/ros2_ws/install/robot_msgs/share/robot_msgs/hook/ld_library_path_lib.sh'
[1.770s] Level 1:colcon.colcon_core.environment:checking '/home/bruithwirr/uni/ros2_ws/install/robot_msgs/bin'
[1.770s] Level 1:colcon.colcon_core.environment:checking '/home/bruithwirr/uni/ros2_ws/install/robot_msgs/lib/pkgconfig/robot_msgs.pc'
[1.771s] Level 1:colcon.colcon_core.environment:checking '/home/bruithwirr/uni/ros2_ws/install/robot_msgs/lib/python3.10/site-packages'
[1.771s] Level 1:colcon.colcon_core.environment:checking '/home/bruithwirr/uni/ros2_ws/install/robot_msgs/bin'
[1.772s] INFO:colcon.colcon_core.shell:Creating package script '/home/bruithwirr/uni/ros2_ws/install/robot_msgs/share/robot_msgs/package.ps1'
[1.773s] INFO:colcon.colcon_core.shell:Creating package descriptor '/home/bruithwirr/uni/ros2_ws/install/robot_msgs/share/robot_msgs/package.dsv'
[1.774s] INFO:colcon.colcon_core.shell:Creating package script '/home/bruithwirr/uni/ros2_ws/install/robot_msgs/share/robot_msgs/package.sh'
[1.774s] INFO:colcon.colcon_core.shell:Creating package script '/home/bruithwirr/uni/ros2_ws/install/robot_msgs/share/robot_msgs/package.bash'
[1.775s] INFO:colcon.colcon_core.shell:Creating package script '/home/bruithwirr/uni/ros2_ws/install/robot_msgs/share/robot_msgs/package.zsh'
[1.775s] Level 1:colcon.colcon_core.environment:create_file_with_runtime_dependencies(/home/bruithwirr/uni/ros2_ws/install/robot_msgs/share/colcon-core/packages/robot_msgs)
[1.776s] Level 1:colcon.colcon_core.environment:create_environment_scripts_only(robot_msgs)
[1.777s] Level 1:colcon.colcon_core.environment:checking '/home/bruithwirr/uni/ros2_ws/install/robot_msgs' for CMake module files
[1.778s] Level 1:colcon.colcon_core.environment:checking '/home/bruithwirr/uni/ros2_ws/install/robot_msgs' for CMake config files
[1.778s] Level 1:colcon.colcon_core.shell:create_environment_hook('robot_msgs', 'cmake_prefix_path')
[1.779s] INFO:colcon.colcon_core.shell:Creating environment hook '/home/bruithwirr/uni/ros2_ws/install/robot_msgs/share/robot_msgs/hook/cmake_prefix_path.ps1'
[1.779s] INFO:colcon.colcon_core.shell:Creating environment descriptor '/home/bruithwirr/uni/ros2_ws/install/robot_msgs/share/robot_msgs/hook/cmake_prefix_path.dsv'
[1.780s] INFO:colcon.colcon_core.shell:Creating environment hook '/home/bruithwirr/uni/ros2_ws/install/robot_msgs/share/robot_msgs/hook/cmake_prefix_path.sh'
[1.781s] Level 1:colcon.colcon_core.environment:checking '/home/bruithwirr/uni/ros2_ws/install/robot_msgs/lib'
[1.781s] Level 1:colcon.colcon_core.shell:create_environment_hook('robot_msgs', 'ld_library_path_lib')
[1.782s] INFO:colcon.colcon_core.shell:Creating environment hook '/home/bruithwirr/uni/ros2_ws/install/robot_msgs/share/robot_msgs/hook/ld_library_path_lib.ps1'
[1.782s] INFO:colcon.colcon_core.shell:Creating environment descriptor '/home/bruithwirr/uni/ros2_ws/install/robot_msgs/share/robot_msgs/hook/ld_library_path_lib.dsv'
[1.783s] INFO:colcon.colcon_core.shell:Creating environment hook '/home/bruithwirr/uni/ros2_ws/install/robot_msgs/share/robot_msgs/hook/ld_library_path_lib.sh'
[1.783s] Level 1:colcon.colcon_core.environment:checking '/home/bruithwirr/uni/ros2_ws/install/robot_msgs/bin'
[1.784s] Level 1:colcon.colcon_core.environment:checking '/home/bruithwirr/uni/ros2_ws/install/robot_msgs/lib/pkgconfig/robot_msgs.pc'
[1.784s] Level 1:colcon.colcon_core.environment:checking '/home/bruithwirr/uni/ros2_ws/install/robot_msgs/lib/python3.10/site-packages'
[1.784s] Level 1:colcon.colcon_core.environment:checking '/home/bruithwirr/uni/ros2_ws/install/robot_msgs/bin'
[1.785s] INFO:colcon.colcon_core.shell:Creating package script '/home/bruithwirr/uni/ros2_ws/install/robot_msgs/share/robot_msgs/package.ps1'
[1.786s] INFO:colcon.colcon_core.shell:Creating package descriptor '/home/bruithwirr/uni/ros2_ws/install/robot_msgs/share/robot_msgs/package.dsv'
[1.787s] INFO:colcon.colcon_core.shell:Creating package script '/home/bruithwirr/uni/ros2_ws/install/robot_msgs/share/robot_msgs/package.sh'
[1.788s] INFO:colcon.colcon_core.shell:Creating package script '/home/bruithwirr/uni/ros2_ws/install/robot_msgs/share/robot_msgs/package.bash'
[1.788s] INFO:colcon.colcon_core.shell:Creating package script '/home/bruithwirr/uni/ros2_ws/install/robot_msgs/share/robot_msgs/package.zsh'
[1.789s] Level 1:colcon.colcon_core.environment:create_file_with_runtime_dependencies(/home/bruithwirr/uni/ros2_ws/install/robot_msgs/share/colcon-core/packages/robot_msgs)
[1.790s] INFO:colcon.colcon_ros.task.ament_cmake.build:Building ROS package in '/home/bruithwirr/uni/ros2_ws/src/robot_game' with build type 'ament_cmake'
[1.790s] INFO:colcon.colcon_cmake.task.cmake.build:Building CMake package in '/home/bruithwirr/uni/ros2_ws/src/robot_game'
[1.791s] INFO:colcon.colcon_core.shell:Skip shell extension 'powershell' for command environment: Not usable outside of PowerShell
[1.791s] DEBUG:colcon.colcon_core.shell:Skip shell extension 'dsv' for command environment
[1.810s] DEBUG:colcon.colcon_core.event_handler.log_command:Invoking command in '/home/bruithwirr/uni/ros2_ws/build/robot_game': CMAKE_PREFIX_PATH=/home/bruithwirr/uni/ros2_ws/install/robot_msgs:/home/bruithwirr/uni/ros2_ws/install/robot_old:/home/bruithwirr/uni/ros2_ws/install/robot_game:/opt/ros/humble /usr/bin/cmake --build /home/bruithwirr/uni/ros2_ws/build/robot_game -- -j12 -l12
[12.889s] DEBUG:colcon.colcon_core.event_handler.log_command:Invoked command in '/home/bruithwirr/uni/ros2_ws/build/robot_game' returned '0': CMAKE_PREFIX_PATH=/home/bruithwirr/uni/ros2_ws/install/robot_msgs:/home/bruithwirr/uni/ros2_ws/install/robot_old:/home/bruithwirr/uni/ros2_ws/install/robot_game:/opt/ros/humble /usr/bin/cmake --build /home/bruithwirr/uni/ros2_ws/build/robot_game -- -j12 -l12
[12.891s] DEBUG:colcon.colcon_core.event_handler.log_command:Invoking command in '/home/bruithwirr/uni/ros2_ws/build/robot_game': CMAKE_PREFIX_PATH=/home/bruithwirr/uni/ros2_ws/install/robot_msgs:/home/bruithwirr/uni/ros2_ws/install/robot_old:/home/bruithwirr/uni/ros2_ws/install/robot_game:/opt/ros/humble /usr/bin/cmake --install /home/bruithwirr/uni/ros2_ws/build/robot_game
[12.910s] Level 1:colcon.colcon_core.environment:create_environment_scripts_only(robot_game)
[12.910s] Level 1:colcon.colcon_core.environment:checking '/home/bruithwirr/uni/ros2_ws/install/robot_game' for CMake module files
[12.911s] DEBUG:colcon.colcon_core.event_handler.log_command:Invoked command in '/home/bruithwirr/uni/ros2_ws/build/robot_game' returned '0': CMAKE_PREFIX_PATH=/home/bruithwirr/uni/ros2_ws/install/robot_msgs:/home/bruithwirr/uni/ros2_ws/install/robot_old:/home/bruithwirr/uni/ros2_ws/install/robot_game:/opt/ros/humble /usr/bin/cmake --install /home/bruithwirr/uni/ros2_ws/build/robot_game
[12.911s] Level 1:colcon.colcon_core.environment:checking '/home/bruithwirr/uni/ros2_ws/install/robot_game' for CMake config files
[12.911s] Level 1:colcon.colcon_core.shell:create_environment_hook('robot_game', 'cmake_prefix_path')
[12.912s] INFO:colcon.colcon_core.shell:Creating environment hook '/home/bruithwirr/uni/ros2_ws/install/robot_game/share/robot_game/hook/cmake_prefix_path.ps1'
[12.912s] INFO:colcon.colcon_core.shell:Creating environment descriptor '/home/bruithwirr/uni/ros2_ws/install/robot_game/share/robot_game/hook/cmake_prefix_path.dsv'
[12.912s] INFO:colcon.colcon_core.shell:Creating environment hook '/home/bruithwirr/uni/ros2_ws/install/robot_game/share/robot_game/hook/cmake_prefix_path.sh'
[12.913s] Level 1:colcon.colcon_core.environment:checking '/home/bruithwirr/uni/ros2_ws/install/robot_game/lib'
[12.913s] Level 1:colcon.colcon_core.environment:checking '/home/bruithwirr/uni/ros2_ws/install/robot_game/bin'
[12.913s] Level 1:colcon.colcon_core.environment:checking '/home/bruithwirr/uni/ros2_ws/install/robot_game/lib/pkgconfig/robot_game.pc'
[12.913s] Level 1:colcon.colcon_core.environment:checking '/home/bruithwirr/uni/ros2_ws/install/robot_game/lib/python3.10/site-packages'
[12.913s] Level 1:colcon.colcon_core.environment:checking '/home/bruithwirr/uni/ros2_ws/install/robot_game/bin'
[12.914s] INFO:colcon.colcon_core.shell:Creating package script '/home/bruithwirr/uni/ros2_ws/install/robot_game/share/robot_game/package.ps1'
[12.914s] INFO:colcon.colcon_core.shell:Creating package descriptor '/home/bruithwirr/uni/ros2_ws/install/robot_game/share/robot_game/package.dsv'
[12.914s] INFO:colcon.colcon_core.shell:Creating package script '/home/bruithwirr/uni/ros2_ws/install/robot_game/share/robot_game/package.sh'
[12.915s] INFO:colcon.colcon_core.shell:Creating package script '/home/bruithwirr/uni/ros2_ws/install/robot_game/share/robot_game/package.bash'
[12.915s] INFO:colcon.colcon_core.shell:Creating package script '/home/bruithwirr/uni/ros2_ws/install/robot_game/share/robot_game/package.zsh'
[12.915s] Level 1:colcon.colcon_core.environment:create_file_with_runtime_dependencies(/home/bruithwirr/uni/ros2_ws/install/robot_game/share/colcon-core/packages/robot_game)
[12.916s] Level 1:colcon.colcon_core.environment:create_environment_scripts_only(robot_game)
[12.916s] Level 1:colcon.colcon_core.environment:checking '/home/bruithwirr/uni/ros2_ws/install/robot_game' for CMake module files
[12.916s] Level 1:colcon.colcon_core.environment:checking '/home/bruithwirr/uni/ros2_ws/install/robot_game' for CMake config files
[12.916s] Level 1:colcon.colcon_core.shell:create_environment_hook('robot_game', 'cmake_prefix_path')
[12.917s] INFO:colcon.colcon_core.shell:Creating environment hook '/home/bruithwirr/uni/ros2_ws/install/robot_game/share/robot_game/hook/cmake_prefix_path.ps1'
[12.917s] INFO:colcon.colcon_core.shell:Creating environment descriptor '/home/bruithwirr/uni/ros2_ws/install/robot_game/share/robot_game/hook/cmake_prefix_path.dsv'
[12.917s] INFO:colcon.colcon_core.shell:Creating environment hook '/home/bruithwirr/uni/ros2_ws/install/robot_game/share/robot_game/hook/cmake_prefix_path.sh'
[12.918s] Level 1:colcon.colcon_core.environment:checking '/home/bruithwirr/uni/ros2_ws/install/robot_game/lib'
[12.918s] Level 1:colcon.colcon_core.environment:checking '/home/bruithwirr/uni/ros2_ws/install/robot_game/bin'
[12.918s] Level 1:colcon.colcon_core.environment:checking '/home/bruithwirr/uni/ros2_ws/install/robot_game/lib/pkgconfig/robot_game.pc'
[12.918s] Level 1:colcon.colcon_core.environment:checking '/home/bruithwirr/uni/ros2_ws/install/robot_game/lib/python3.10/site-packages'
[12.918s] Level 1:colcon.colcon_core.environment:checking '/home/bruithwirr/uni/ros2_ws/install/robot_game/bin'
[12.918s] INFO:colcon.colcon_core.shell:Creating package script '/home/bruithwirr/uni/ros2_ws/install/robot_game/share/robot_game/package.ps1'
[12.919s] INFO:colcon.colcon_core.shell:Creating package descriptor '/home/bruithwirr/uni/ros2_ws/install/robot_game/share/robot_game/package.dsv'
[12.919s] INFO:colcon.colcon_core.shell:Creating package script '/home/bruithwirr/uni/ros2_ws/install/robot_game/share/robot_game/package.sh'
[12.919s] INFO:colcon.colcon_core.shell:Creating package script '/home/bruithwirr/uni/ros2_ws/install/robot_game/share/robot_game/package.bash'
[12.920s] INFO:colcon.colcon_core.shell:Creating package script '/home/bruithwirr/uni/ros2_ws/install/robot_game/share/robot_game/package.zsh'
[12.920s] Level 1:colcon.colcon_core.environment:create_file_with_runtime_dependencies(/home/bruithwirr/uni/ros2_ws/install/robot_game/share/colcon-core/packages/robot_game)
[12.920s] DEBUG:colcon.colcon_parallel_executor.executor.parallel:closing loop
[12.921s] DEBUG:colcon.colcon_parallel_executor.executor.parallel:loop closed
[12.921s] DEBUG:colcon.colcon_parallel_executor.executor.parallel:run_until_complete finished with '0'
[12.921s] DEBUG:colcon.colcon_core.event_reactor:joining thread
[12.925s] INFO:colcon.colcon_core.plugin_system:Skipping extension 'colcon_notification.desktop_notification.terminal_notifier': Not used on non-Darwin systems
[12.925s] INFO:colcon.colcon_core.plugin_system:Skipping extension 'colcon_notification.desktop_notification.win32': Not used on non-Windows systems
[12.925s] INFO:colcon.colcon_notification.desktop_notification:Sending desktop notification using 'notify2'
[12.936s] DEBUG:colcon.colcon_core.event_reactor:joined thread
[12.936s] INFO:colcon.colcon_core.shell:Creating prefix script '/home/bruithwirr/uni/ros2_ws/install/local_setup.ps1'
[12.937s] INFO:colcon.colcon_core.shell:Creating prefix util module '/home/bruithwirr/uni/ros2_ws/install/_local_setup_util_ps1.py'
[12.938s] INFO:colcon.colcon_core.shell:Creating prefix chain script '/home/bruithwirr/uni/ros2_ws/install/setup.ps1'
[12.939s] INFO:colcon.colcon_core.shell:Creating prefix script '/home/bruithwirr/uni/ros2_ws/install/local_setup.sh'
[12.940s] INFO:colcon.colcon_core.shell:Creating prefix util module '/home/bruithwirr/uni/ros2_ws/install/_local_setup_util_sh.py'
[12.940s] INFO:colcon.colcon_core.shell:Creating prefix chain script '/home/bruithwirr/uni/ros2_ws/install/setup.sh'
[12.941s] INFO:colcon.colcon_core.shell:Creating prefix script '/home/bruithwirr/uni/ros2_ws/install/local_setup.bash'
[12.942s] INFO:colcon.colcon_core.shell:Creating prefix chain script '/home/bruithwirr/uni/ros2_ws/install/setup.bash'
[12.943s] INFO:colcon.colcon_core.shell:Creating prefix script '/home/bruithwirr/uni/ros2_ws/install/local_setup.zsh'
[12.943s] INFO:colcon.colcon_core.shell:Creating prefix chain script '/home/bruithwirr/uni/ros2_ws/install/setup.zsh'
