[0.014s] Invoking command in '/home/bruithwirr/uni/ros2_ws/build/robot_game': AMENT_PREFIX_PATH=/home/bruithwirr/uni/ros2_ws/install/robot_msgs:${AMENT_PREFIX_PATH} CMAKE_PREFIX_PATH=/home/bruithwirr/uni/ros2_ws/install/robot_msgs:/opt/ros/humble LD_LIBRARY_PATH=/home/bruithwirr/uni/ros2_ws/install/robot_msgs/lib:${LD_LIBRARY_PATH} PYTHONPATH=/home/bruithwirr/uni/ros2_ws/install/robot_msgs/local/lib/python3.10/dist-packages:${PYTHONPATH} /usr/bin/cmake --build /home/bruithwirr/uni/ros2_ws/build/robot_game -- -j12 -l12
[0.051s] -- Found ament_cmake: 1.3.14 (/opt/ros/humble/share/ament_cmake/cmake)
[0.222s] -- Found rclcpp: 16.0.19 (/opt/ros/humble/share/rclcpp/cmake)
[0.258s] -- Found rosidl_generator_c: 3.1.8 (/opt/ros/humble/share/rosidl_generator_c/cmake)
[0.261s] -- Found rosidl_adapter: 3.1.8 (/opt/ros/humble/share/rosidl_adapter/cmake)
[0.268s] -- Found rosidl_generator_cpp: 3.1.8 (/opt/ros/humble/share/rosidl_generator_cpp/cmake)
[0.281s] -- Using all available rosidl_typesupport_c: rosidl_typesupport_fastrtps_c;rosidl_typesupport_introspection_c
[0.297s] -- Using all available rosidl_typesupport_cpp: rosidl_typesupport_fastrtps_cpp;rosidl_typesupport_introspection_cpp
[0.338s] -- Found rmw_implementation_cmake: 6.1.2 (/opt/ros/humble/share/rmw_implementation_cmake/cmake)
[0.339s] -- Found rmw_fastrtps_cpp: 6.2.10 (/opt/ros/humble/share/rmw_fastrtps_cpp/cmake)
[0.476s] -- Using RMW implementation 'rmw_fastrtps_cpp' as default
[0.535s] -- Found robot_msgs: 0.0.0 (/home/bruithwirr/uni/ros2_ws/install/robot_msgs/share/robot_msgs/cmake)
[0.545s] -- Found geometry_msgs: 4.9.1 (/opt/ros/humble/share/geometry_msgs/cmake)
[0.559s] -- Found visualization_msgs: 4.9.1 (/opt/ros/humble/share/visualization_msgs/cmake)
[0.602s] -- Found nav_msgs: 4.9.1 (/opt/ros/humble/share/nav_msgs/cmake)
[0.775s] -- Found X11: /usr/include   
[0.776s] -- Looking for XOpenDisplay in /usr/lib/x86_64-linux-gnu/libX11.so;/usr/lib/x86_64-linux-gnu/libXext.so
[0.932s] -- Looking for XOpenDisplay in /usr/lib/x86_64-linux-gnu/libX11.so;/usr/lib/x86_64-linux-gnu/libXext.so - found
[0.934s] -- Looking for gethostbyname
[1.036s] -- Looking for gethostbyname - found
[1.036s] -- Looking for connect
[1.135s] -- Looking for connect - found
[1.135s] -- Looking for remove
[1.282s] -- Looking for remove - found
[1.283s] -- Looking for shmat
[1.429s] -- Looking for shmat - found
[1.429s] -- Looking for IceConnectionNumber in ICE
[1.528s] -- Looking for IceConnectionNumber in ICE - found
[1.529s] [31mCMake Error at CMakeLists.txt:25 (tadd_executable):
[1.530s]   Unknown CMake command "tadd_executable".
[1.530s] 
[1.530s] [0m
[1.530s] -- Configuring incomplete, errors occurred!
[1.530s] See also "/home/bruithwirr/uni/ros2_ws/build/robot_game/CMakeFiles/CMakeOutput.log".
[1.541s] gmake: *** [Makefile:460: cmake_check_build_system] Error 1
[1.544s] Invoked command in '/home/bruithwirr/uni/ros2_ws/build/robot_game' returned '2': AMENT_PREFIX_PATH=/home/bruithwirr/uni/ros2_ws/install/robot_msgs:${AMENT_PREFIX_PATH} CMAKE_PREFIX_PATH=/home/bruithwirr/uni/ros2_ws/install/robot_msgs:/opt/ros/humble LD_LIBRARY_PATH=/home/bruithwirr/uni/ros2_ws/install/robot_msgs/lib:${LD_LIBRARY_PATH} PYTHONPATH=/home/bruithwirr/uni/ros2_ws/install/robot_msgs/local/lib/python3.10/dist-packages:${PYTHONPATH} /usr/bin/cmake --build /home/bruithwirr/uni/ros2_ws/build/robot_game -- -j12 -l12
