-- Found ament_cmake: 1.3.14 (/opt/ros/humble/share/ament_cmake/cmake)
-- Found rosidl_default_generators: 1.2.1 (/opt/ros/humble/share/rosidl_default_generators/cmake)
-- Using all available rosidl_typesupport_c: rosidl_typesupport_fastrtps_c;rosidl_typesupport_introspection_c
-- Found rosidl_adapter: 3.1.8 (/opt/ros/humble/share/rosidl_adapter/cmake)
-- Using all available rosidl_typesupport_cpp: rosidl_typesupport_fastrtps_cpp;rosidl_typesupport_introspection_cpp
-- Found ament_cmake_ros: 0.10.0 (/opt/ros/humble/share/ament_cmake_ros/cmake)
-- Using all available rosidl_typesupport_c: rosidl_typesupport_fastrtps_c;rosidl_typesupport_introspection_c
-- Using all available rosidl_typesupport_cpp: rosidl_typesupport_fastrtps_cpp;rosidl_typesupport_introspection_cpp
-- Found python_cmake_module: 0.10.0 (/opt/ros/humble/share/python_cmake_module/cmake)
-- Using PYTHON_EXECUTABLE: /usr/bin/python3
-- Using PYTHON_INCLUDE_DIRS: /usr/include/python3.10
-- Using PYTHON_LIBRARIES: /usr/lib/x86_64-linux-gnu/libpython3.10.so
-- Found ament_lint_auto: 0.12.15 (/opt/ros/humble/share/ament_lint_auto/cmake)
-- Added test 'lint_cmake' to check CMake code style
-- Added test 'xmllint' to check XML markup files
-- Configuring done
-- Generating done
-- Build files have been written to: /home/bruithwirr/uni/ros2_ws/build/robot_msgs
[  3%] [34m[1mGenerating C code for ROS interfaces[0m
[  9%] [34m[1mGenerating C++ code for ROS interfaces[0m
[  9%] [34m[1mGenerating Rust code for ROS interfaces[0m
[  9%] Built target ament_cmake_python_copy_robot_msgs
[35m[1mConsolidate compiler generated dependencies of target robot_msgs__rosidl_generator_c[0m
[ 12%] [32mBuilding C object CMakeFiles/robot_msgs__rosidl_generator_c.dir/rosidl_generator_c/robot_msgs/msg/detail/robot_state__functions.c.o[0m
[ 12%] Built target robot_msgs__rs
[ 12%] Built target robot_msgs__cpp
[ 21%] [34m[1mGenerating C++ type support dispatch for ROS interfaces[0m
[ 21%] [34m[1mGenerating C++ type support for eProsima Fast-RTPS[0m
[ 21%] [34m[1mGenerating C++ introspection for ROS interfaces[0m
running egg_info
writing robot_msgs.egg-info/PKG-INFO
writing dependency_links to robot_msgs.egg-info/dependency_links.txt
writing top-level names to robot_msgs.egg-info/top_level.txt
reading manifest file 'robot_msgs.egg-info/SOURCES.txt'
writing manifest file 'robot_msgs.egg-info/SOURCES.txt'
[ 25%] [32m[1mLinking C shared library librobot_msgs__rosidl_generator_c.so[0m
[ 25%] Built target ament_cmake_python_build_robot_msgs_egg
[ 25%] Built target robot_msgs__rosidl_generator_c
[ 31%] [34m[1mGenerating C introspection for ROS interfaces[0m
[ 31%] [34m[1mGenerating C type support for eProsima Fast-RTPS[0m
[ 34%] [34m[1mGenerating C type support dispatch for ROS interfaces[0m
[35m[1mConsolidate compiler generated dependencies of target robot_msgs__rosidl_typesupport_cpp[0m
[ 37%] [32mBuilding CXX object CMakeFiles/robot_msgs__rosidl_typesupport_cpp.dir/rosidl_typesupport_cpp/robot_msgs/msg/robot_state__type_support.cpp.o[0m
[35m[1mConsolidate compiler generated dependencies of target robot_msgs__rosidl_typesupport_introspection_cpp[0m
[ 40%] [32mBuilding CXX object CMakeFiles/robot_msgs__rosidl_typesupport_introspection_cpp.dir/rosidl_typesupport_introspection_cpp/robot_msgs/msg/detail/robot_state__type_support.cpp.o[0m
[35m[1mConsolidate compiler generated dependencies of target robot_msgs__rosidl_typesupport_fastrtps_cpp[0m
[ 43%] [32mBuilding CXX object CMakeFiles/robot_msgs__rosidl_typesupport_fastrtps_cpp.dir/rosidl_typesupport_fastrtps_cpp/robot_msgs/msg/detail/dds_fastrtps/robot_state__type_support.cpp.o[0m
[35m[1mConsolidate compiler generated dependencies of target robot_msgs__rosidl_typesupport_introspection_c[0m
[35m[1mConsolidate compiler generated dependencies of target robot_msgs__rosidl_typesupport_c[0m
[ 46%] [32mBuilding C object CMakeFiles/robot_msgs__rosidl_typesupport_introspection_c.dir/rosidl_typesupport_introspection_c/robot_msgs/msg/detail/robot_state__type_support.c.o[0m
[ 50%] [32mBuilding CXX object CMakeFiles/robot_msgs__rosidl_typesupport_c.dir/rosidl_typesupport_c/robot_msgs/msg/robot_state__type_support.cpp.o[0m
[35m[1mConsolidate compiler generated dependencies of target robot_msgs__rosidl_typesupport_fastrtps_c[0m
[ 53%] [32m[1mLinking C shared library librobot_msgs__rosidl_typesupport_introspection_c.so[0m
[ 59%] [32mBuilding CXX object CMakeFiles/robot_msgs__rosidl_typesupport_fastrtps_c.dir/rosidl_typesupport_fastrtps_c/robot_msgs/msg/detail/robot_state__type_support_c.cpp.o[0m
[ 59%] [32m[1mLinking CXX shared library librobot_msgs__rosidl_typesupport_c.so[0m
[ 59%] Built target robot_msgs__rosidl_typesupport_introspection_c
[ 59%] Built target robot_msgs__rosidl_typesupport_c
[ 62%] [32m[1mLinking CXX shared library librobot_msgs__rosidl_typesupport_cpp.so[0m
[ 62%] Built target robot_msgs__rosidl_typesupport_cpp
[ 65%] [32m[1mLinking CXX shared library librobot_msgs__rosidl_typesupport_introspection_cpp.so[0m
[ 68%] [32m[1mLinking CXX shared library librobot_msgs__rosidl_typesupport_fastrtps_cpp.so[0m
[ 68%] Built target robot_msgs__rosidl_typesupport_introspection_cpp
[ 71%] [32m[1mLinking CXX shared library librobot_msgs__rosidl_typesupport_fastrtps_c.so[0m
[ 71%] Built target robot_msgs__rosidl_typesupport_fastrtps_cpp
[ 71%] Built target robot_msgs__rosidl_typesupport_fastrtps_c
[ 71%] Built target robot_msgs
[ 75%] [34m[1mGenerating Python code for ROS interfaces[0m
[ 75%] Built target robot_msgs__py
[35m[1mConsolidate compiler generated dependencies of target robot_msgs__rosidl_generator_py[0m
[ 78%] [32mBuilding C object CMakeFiles/robot_msgs__rosidl_generator_py.dir/rosidl_generator_py/robot_msgs/msg/_robot_state_s.c.o[0m
[ 81%] [32m[1mLinking C shared library rosidl_generator_py/robot_msgs/librobot_msgs__rosidl_generator_py.so[0m
[ 81%] Built target robot_msgs__rosidl_generator_py
[35m[1mConsolidate compiler generated dependencies of target robot_msgs__rosidl_typesupport_c__pyext[0m
[35m[1mConsolidate compiler generated dependencies of target robot_msgs__rosidl_typesupport_introspection_c__pyext[0m
[35m[1mConsolidate compiler generated dependencies of target robot_msgs__rosidl_typesupport_fastrtps_c__pyext[0m
[ 90%] [32mBuilding C object CMakeFiles/robot_msgs__rosidl_typesupport_introspection_c__pyext.dir/rosidl_generator_py/robot_msgs/_robot_msgs_s.ep.rosidl_typesupport_introspection_c.c.o[0m
[ 90%] [32mBuilding C object CMakeFiles/robot_msgs__rosidl_typesupport_c__pyext.dir/rosidl_generator_py/robot_msgs/_robot_msgs_s.ep.rosidl_typesupport_c.c.o[0m
[ 90%] [32mBuilding C object CMakeFiles/robot_msgs__rosidl_typesupport_fastrtps_c__pyext.dir/rosidl_generator_py/robot_msgs/_robot_msgs_s.ep.rosidl_typesupport_fastrtps_c.c.o[0m
[100%] [32m[1mLinking C shared library rosidl_generator_py/robot_msgs/robot_msgs_s__rosidl_typesupport_introspection_c.cpython-310-x86_64-linux-gnu.so[0m
[100%] [32m[1mLinking C shared library rosidl_generator_py/robot_msgs/robot_msgs_s__rosidl_typesupport_fastrtps_c.cpython-310-x86_64-linux-gnu.so[0m
[100%] [32m[1mLinking C shared library rosidl_generator_py/robot_msgs/robot_msgs_s__rosidl_typesupport_c.cpython-310-x86_64-linux-gnu.so[0m
[100%] Built target robot_msgs__rosidl_typesupport_c__pyext
[100%] Built target robot_msgs__rosidl_typesupport_introspection_c__pyext
[100%] Built target robot_msgs__rosidl_typesupport_fastrtps_c__pyext
