[0.020s] Invoking command in '/home/bruithwirr/uni/ros2_ws/build/robot_msgs': CMAKE_PREFIX_PATH=${CMAKE_PREFIX_PATH}:/opt/ros/humble /usr/bin/cmake --build /home/bruithwirr/uni/ros2_ws/build/robot_msgs -- -j12 -l12
[0.092s] [  3%] Built target robot_msgs__rs
[0.093s] [ 12%] Built target robot_msgs__rosidl_generator_c
[0.094s] [ 15%] Built target robot_msgs__cpp
[0.111s] [ 15%] Built target ament_cmake_python_copy_robot_msgs
[0.127s] [ 25%] Built target robot_msgs__rosidl_typesupport_introspection_c
[0.127s] [ 34%] Built target robot_msgs__rosidl_typesupport_fastrtps_cpp
[0.129s] [ 43%] Built target robot_msgs__rosidl_typesupport_c
[0.129s] [ 56%] Built target robot_msgs__rosidl_typesupport_fastrtps_c
[0.130s] [ 62%] Built target robot_msgs__rosidl_typesupport_cpp
[0.130s] [ 71%] Built target robot_msgs__rosidl_typesupport_introspection_cpp
[0.161s] [ 71%] Built target robot_msgs
[0.193s] [ 75%] Built target robot_msgs__py
[0.227s] [ 81%] Built target robot_msgs__rosidl_generator_py
[0.260s] [100%] Built target robot_msgs__rosidl_typesupport_fastrtps_c__pyext
[0.260s] [100%] Built target robot_msgs__rosidl_typesupport_introspection_c__pyext
[0.260s] [100%] Built target robot_msgs__rosidl_typesupport_c__pyext
[0.420s] running egg_info
[0.421s] writing robot_msgs.egg-info/PKG-INFO
[0.421s] writing dependency_links to robot_msgs.egg-info/dependency_links.txt
[0.421s] writing top-level names to robot_msgs.egg-info/top_level.txt
[0.424s] reading manifest file 'robot_msgs.egg-info/SOURCES.txt'
[0.425s] writing manifest file 'robot_msgs.egg-info/SOURCES.txt'
[0.463s] [100%] Built target ament_cmake_python_build_robot_msgs_egg
[0.481s] Invoked command in '/home/bruithwirr/uni/ros2_ws/build/robot_msgs' returned '0': CMAKE_PREFIX_PATH=${CMAKE_PREFIX_PATH}:/opt/ros/humble /usr/bin/cmake --build /home/bruithwirr/uni/ros2_ws/build/robot_msgs -- -j12 -l12
[0.483s] Invoking command in '/home/bruithwirr/uni/ros2_ws/build/robot_msgs': CMAKE_PREFIX_PATH=${CMAKE_PREFIX_PATH}:/opt/ros/humble /usr/bin/cmake --install /home/bruithwirr/uni/ros2_ws/build/robot_msgs
[0.495s] -- Install configuration: ""
[0.495s] -- Up-to-date: /home/bruithwirr/uni/ros2_ws/install/robot_msgs/share/ament_index/resource_index/rosidl_interfaces/robot_msgs
[0.495s] -- Up-to-date: /home/bruithwirr/uni/ros2_ws/install/robot_msgs/include/robot_msgs/robot_msgs
[0.495s] -- Up-to-date: /home/bruithwirr/uni/ros2_ws/install/robot_msgs/include/robot_msgs/robot_msgs/msg
[0.495s] -- Up-to-date: /home/bruithwirr/uni/ros2_ws/install/robot_msgs/include/robot_msgs/robot_msgs/msg/detail
[0.495s] -- Up-to-date: /home/bruithwirr/uni/ros2_ws/install/robot_msgs/include/robot_msgs/robot_msgs/msg/detail/robot_state__type_support.h
[0.495s] -- Up-to-date: /home/bruithwirr/uni/ros2_ws/install/robot_msgs/include/robot_msgs/robot_msgs/msg/detail/robot_state__struct.h
[0.496s] -- Up-to-date: /home/bruithwirr/uni/ros2_ws/install/robot_msgs/include/robot_msgs/robot_msgs/msg/detail/robot_state__functions.h
[0.496s] -- Up-to-date: /home/bruithwirr/uni/ros2_ws/install/robot_msgs/include/robot_msgs/robot_msgs/msg/detail/robot_state__functions.c
[0.496s] -- Up-to-date: /home/bruithwirr/uni/ros2_ws/install/robot_msgs/include/robot_msgs/robot_msgs/msg/robot_state.h
[0.496s] -- Up-to-date: /home/bruithwirr/uni/ros2_ws/install/robot_msgs/include/robot_msgs/robot_msgs/msg/rosidl_generator_c__visibility_control.h
[0.496s] -- Up-to-date: /home/bruithwirr/uni/ros2_ws/install/robot_msgs/share/robot_msgs/environment/library_path.sh
[0.496s] -- Up-to-date: /home/bruithwirr/uni/ros2_ws/install/robot_msgs/share/robot_msgs/environment/library_path.dsv
[0.496s] -- Up-to-date: /home/bruithwirr/uni/ros2_ws/install/robot_msgs/lib/librobot_msgs__rosidl_generator_c.so
[0.496s] -- Up-to-date: /home/bruithwirr/uni/ros2_ws/install/robot_msgs/include/robot_msgs/robot_msgs
[0.496s] -- Up-to-date: /home/bruithwirr/uni/ros2_ws/install/robot_msgs/include/robot_msgs/robot_msgs/msg
[0.496s] -- Up-to-date: /home/bruithwirr/uni/ros2_ws/install/robot_msgs/include/robot_msgs/robot_msgs/msg/detail
[0.496s] -- Up-to-date: /home/bruithwirr/uni/ros2_ws/install/robot_msgs/include/robot_msgs/robot_msgs/msg/detail/robot_state__rosidl_typesupport_fastrtps_c.h
[0.496s] -- Up-to-date: /home/bruithwirr/uni/ros2_ws/install/robot_msgs/include/robot_msgs/robot_msgs/msg/rosidl_typesupport_fastrtps_c__visibility_control.h
[0.497s] -- Up-to-date: /home/bruithwirr/uni/ros2_ws/install/robot_msgs/lib/librobot_msgs__rosidl_typesupport_fastrtps_c.so
[0.497s] -- Up-to-date: /home/bruithwirr/uni/ros2_ws/install/robot_msgs/include/robot_msgs/robot_msgs
[0.497s] -- Up-to-date: /home/bruithwirr/uni/ros2_ws/install/robot_msgs/include/robot_msgs/robot_msgs/msg
[0.497s] -- Up-to-date: /home/bruithwirr/uni/ros2_ws/install/robot_msgs/include/robot_msgs/robot_msgs/msg/detail
[0.497s] -- Up-to-date: /home/bruithwirr/uni/ros2_ws/install/robot_msgs/include/robot_msgs/robot_msgs/msg/detail/robot_state__rosidl_typesupport_introspection_c.h
[0.497s] -- Up-to-date: /home/bruithwirr/uni/ros2_ws/install/robot_msgs/include/robot_msgs/robot_msgs/msg/detail/robot_state__type_support.c
[0.497s] -- Up-to-date: /home/bruithwirr/uni/ros2_ws/install/robot_msgs/include/robot_msgs/robot_msgs/msg/rosidl_typesupport_introspection_c__visibility_control.h
[0.498s] -- Up-to-date: /home/bruithwirr/uni/ros2_ws/install/robot_msgs/lib/librobot_msgs__rosidl_typesupport_introspection_c.so
[0.498s] -- Up-to-date: /home/bruithwirr/uni/ros2_ws/install/robot_msgs/lib/librobot_msgs__rosidl_typesupport_c.so
[0.498s] -- Up-to-date: /home/bruithwirr/uni/ros2_ws/install/robot_msgs/include/robot_msgs/robot_msgs
[0.498s] -- Up-to-date: /home/bruithwirr/uni/ros2_ws/install/robot_msgs/include/robot_msgs/robot_msgs/msg
[0.499s] -- Up-to-date: /home/bruithwirr/uni/ros2_ws/install/robot_msgs/include/robot_msgs/robot_msgs/msg/detail
[0.499s] -- Up-to-date: /home/bruithwirr/uni/ros2_ws/install/robot_msgs/include/robot_msgs/robot_msgs/msg/detail/robot_state__builder.hpp
[0.499s] -- Up-to-date: /home/bruithwirr/uni/ros2_ws/install/robot_msgs/include/robot_msgs/robot_msgs/msg/detail/robot_state__traits.hpp
[0.499s] -- Up-to-date: /home/bruithwirr/uni/ros2_ws/install/robot_msgs/include/robot_msgs/robot_msgs/msg/detail/robot_state__type_support.hpp
[0.499s] -- Up-to-date: /home/bruithwirr/uni/ros2_ws/install/robot_msgs/include/robot_msgs/robot_msgs/msg/detail/robot_state__struct.hpp
[0.499s] -- Up-to-date: /home/bruithwirr/uni/ros2_ws/install/robot_msgs/include/robot_msgs/robot_msgs/msg/rosidl_generator_cpp__visibility_control.hpp
[0.499s] -- Up-to-date: /home/bruithwirr/uni/ros2_ws/install/robot_msgs/include/robot_msgs/robot_msgs/msg/robot_state.hpp
[0.499s] -- Up-to-date: /home/bruithwirr/uni/ros2_ws/install/robot_msgs/include/robot_msgs/robot_msgs
[0.500s] -- Up-to-date: /home/bruithwirr/uni/ros2_ws/install/robot_msgs/include/robot_msgs/robot_msgs/msg
[0.500s] -- Up-to-date: /home/bruithwirr/uni/ros2_ws/install/robot_msgs/include/robot_msgs/robot_msgs/msg/detail
[0.500s] -- Up-to-date: /home/bruithwirr/uni/ros2_ws/install/robot_msgs/include/robot_msgs/robot_msgs/msg/detail/robot_state__rosidl_typesupport_fastrtps_cpp.hpp
[0.500s] -- Up-to-date: /home/bruithwirr/uni/ros2_ws/install/robot_msgs/include/robot_msgs/robot_msgs/msg/detail/dds_fastrtps
[0.500s] -- Up-to-date: /home/bruithwirr/uni/ros2_ws/install/robot_msgs/include/robot_msgs/robot_msgs/msg/rosidl_typesupport_fastrtps_cpp__visibility_control.h
[0.500s] -- Up-to-date: /home/bruithwirr/uni/ros2_ws/install/robot_msgs/lib/librobot_msgs__rosidl_typesupport_fastrtps_cpp.so
[0.500s] -- Up-to-date: /home/bruithwirr/uni/ros2_ws/install/robot_msgs/include/robot_msgs/robot_msgs
[0.500s] -- Up-to-date: /home/bruithwirr/uni/ros2_ws/install/robot_msgs/include/robot_msgs/robot_msgs/msg
[0.500s] -- Up-to-date: /home/bruithwirr/uni/ros2_ws/install/robot_msgs/include/robot_msgs/robot_msgs/msg/detail
[0.500s] -- Up-to-date: /home/bruithwirr/uni/ros2_ws/install/robot_msgs/include/robot_msgs/robot_msgs/msg/detail/robot_state__type_support.cpp
[0.500s] -- Up-to-date: /home/bruithwirr/uni/ros2_ws/install/robot_msgs/include/robot_msgs/robot_msgs/msg/detail/robot_state__rosidl_typesupport_introspection_cpp.hpp
[0.500s] -- Up-to-date: /home/bruithwirr/uni/ros2_ws/install/robot_msgs/lib/librobot_msgs__rosidl_typesupport_introspection_cpp.so
[0.501s] -- Up-to-date: /home/bruithwirr/uni/ros2_ws/install/robot_msgs/lib/librobot_msgs__rosidl_typesupport_cpp.so
[0.501s] -- Up-to-date: /home/bruithwirr/uni/ros2_ws/install/robot_msgs/share/robot_msgs/environment/pythonpath.sh
[0.501s] -- Up-to-date: /home/bruithwirr/uni/ros2_ws/install/robot_msgs/share/robot_msgs/environment/pythonpath.dsv
[0.502s] -- Up-to-date: /home/bruithwirr/uni/ros2_ws/install/robot_msgs/local/lib/python3.10/dist-packages/robot_msgs-0.0.0-py3.10.egg-info
[0.502s] -- Installing: /home/bruithwirr/uni/ros2_ws/install/robot_msgs/local/lib/python3.10/dist-packages/robot_msgs-0.0.0-py3.10.egg-info/top_level.txt
[0.502s] -- Installing: /home/bruithwirr/uni/ros2_ws/install/robot_msgs/local/lib/python3.10/dist-packages/robot_msgs-0.0.0-py3.10.egg-info/dependency_links.txt
[0.502s] -- Installing: /home/bruithwirr/uni/ros2_ws/install/robot_msgs/local/lib/python3.10/dist-packages/robot_msgs-0.0.0-py3.10.egg-info/SOURCES.txt
[0.503s] -- Installing: /home/bruithwirr/uni/ros2_ws/install/robot_msgs/local/lib/python3.10/dist-packages/robot_msgs-0.0.0-py3.10.egg-info/PKG-INFO
[0.503s] -- Up-to-date: /home/bruithwirr/uni/ros2_ws/install/robot_msgs/local/lib/python3.10/dist-packages/robot_msgs
[0.503s] -- Up-to-date: /home/bruithwirr/uni/ros2_ws/install/robot_msgs/local/lib/python3.10/dist-packages/robot_msgs/robot_msgs_s__rosidl_typesupport_fastrtps_c.cpython-310-x86_64-linux-gnu.so
[0.503s] -- Up-to-date: /home/bruithwirr/uni/ros2_ws/install/robot_msgs/local/lib/python3.10/dist-packages/robot_msgs/robot_msgs_s__rosidl_typesupport_introspection_c.cpython-310-x86_64-linux-gnu.so
[0.504s] -- Up-to-date: /home/bruithwirr/uni/ros2_ws/install/robot_msgs/local/lib/python3.10/dist-packages/robot_msgs/_robot_msgs_s.ep.rosidl_typesupport_c.c
[0.504s] -- Up-to-date: /home/bruithwirr/uni/ros2_ws/install/robot_msgs/local/lib/python3.10/dist-packages/robot_msgs/__init__.py
[0.504s] -- Up-to-date: /home/bruithwirr/uni/ros2_ws/install/robot_msgs/local/lib/python3.10/dist-packages/robot_msgs/robot_msgs_s__rosidl_typesupport_c.cpython-310-x86_64-linux-gnu.so
[0.504s] -- Up-to-date: /home/bruithwirr/uni/ros2_ws/install/robot_msgs/local/lib/python3.10/dist-packages/robot_msgs/_robot_msgs_s.ep.rosidl_typesupport_introspection_c.c
[0.504s] -- Up-to-date: /home/bruithwirr/uni/ros2_ws/install/robot_msgs/local/lib/python3.10/dist-packages/robot_msgs/msg
[0.504s] -- Up-to-date: /home/bruithwirr/uni/ros2_ws/install/robot_msgs/local/lib/python3.10/dist-packages/robot_msgs/msg/_robot_state.py
[0.504s] -- Up-to-date: /home/bruithwirr/uni/ros2_ws/install/robot_msgs/local/lib/python3.10/dist-packages/robot_msgs/msg/_robot_state_s.c
[0.504s] -- Up-to-date: /home/bruithwirr/uni/ros2_ws/install/robot_msgs/local/lib/python3.10/dist-packages/robot_msgs/msg/__init__.py
[0.504s] -- Up-to-date: /home/bruithwirr/uni/ros2_ws/install/robot_msgs/local/lib/python3.10/dist-packages/robot_msgs/_robot_msgs_s.ep.rosidl_typesupport_fastrtps_c.c
[0.504s] -- Up-to-date: /home/bruithwirr/uni/ros2_ws/install/robot_msgs/local/lib/python3.10/dist-packages/robot_msgs/librobot_msgs__rosidl_generator_py.so
[0.545s] Listing '/home/bruithwirr/uni/ros2_ws/install/robot_msgs/local/lib/python3.10/dist-packages/robot_msgs'...
[0.545s] Listing '/home/bruithwirr/uni/ros2_ws/install/robot_msgs/local/lib/python3.10/dist-packages/robot_msgs/msg'...
[0.550s] -- Up-to-date: /home/bruithwirr/uni/ros2_ws/install/robot_msgs/local/lib/python3.10/dist-packages/robot_msgs/robot_msgs_s__rosidl_typesupport_fastrtps_c.cpython-310-x86_64-linux-gnu.so
[0.551s] -- Up-to-date: /home/bruithwirr/uni/ros2_ws/install/robot_msgs/local/lib/python3.10/dist-packages/robot_msgs/robot_msgs_s__rosidl_typesupport_introspection_c.cpython-310-x86_64-linux-gnu.so
[0.551s] -- Up-to-date: /home/bruithwirr/uni/ros2_ws/install/robot_msgs/local/lib/python3.10/dist-packages/robot_msgs/robot_msgs_s__rosidl_typesupport_c.cpython-310-x86_64-linux-gnu.so
[0.552s] -- Up-to-date: /home/bruithwirr/uni/ros2_ws/install/robot_msgs/lib/librobot_msgs__rosidl_generator_py.so
[0.552s] -- Up-to-date: /home/bruithwirr/uni/ros2_ws/install/robot_msgs/share/ament_index/resource_index/rust_packages/robot_msgs
[0.552s] -- Up-to-date: /home/bruithwirr/uni/ros2_ws/install/robot_msgs/share/robot_msgs/rust
[0.552s] -- Up-to-date: /home/bruithwirr/uni/ros2_ws/install/robot_msgs/share/robot_msgs/rust/build.rs
[0.553s] -- Up-to-date: /home/bruithwirr/uni/ros2_ws/install/robot_msgs/share/robot_msgs/rust/Cargo.toml
[0.553s] -- Up-to-date: /home/bruithwirr/uni/ros2_ws/install/robot_msgs/share/robot_msgs/rust/src
[0.553s] -- Up-to-date: /home/bruithwirr/uni/ros2_ws/install/robot_msgs/share/robot_msgs/rust/src/lib.rs
[0.553s] -- Up-to-date: /home/bruithwirr/uni/ros2_ws/install/robot_msgs/share/robot_msgs/rust/src/msg.rs
[0.553s] -- Up-to-date: /home/bruithwirr/uni/ros2_ws/install/robot_msgs/share/robot_msgs/rust/src/msg
[0.553s] -- Up-to-date: /home/bruithwirr/uni/ros2_ws/install/robot_msgs/share/robot_msgs/rust/src/msg/rmw.rs
[0.553s] -- Up-to-date: /home/bruithwirr/uni/ros2_ws/install/robot_msgs/share/robot_msgs/msg/RobotState.idl
[0.553s] -- Up-to-date: /home/bruithwirr/uni/ros2_ws/install/robot_msgs/share/robot_msgs/msg/RobotState.msg
[0.553s] -- Up-to-date: /home/bruithwirr/uni/ros2_ws/install/robot_msgs/share/ament_index/resource_index/package_run_dependencies/robot_msgs
[0.553s] -- Up-to-date: /home/bruithwirr/uni/ros2_ws/install/robot_msgs/share/ament_index/resource_index/parent_prefix_path/robot_msgs
[0.554s] -- Up-to-date: /home/bruithwirr/uni/ros2_ws/install/robot_msgs/share/robot_msgs/environment/ament_prefix_path.sh
[0.554s] -- Up-to-date: /home/bruithwirr/uni/ros2_ws/install/robot_msgs/share/robot_msgs/environment/ament_prefix_path.dsv
[0.554s] -- Up-to-date: /home/bruithwirr/uni/ros2_ws/install/robot_msgs/share/robot_msgs/environment/path.sh
[0.554s] -- Up-to-date: /home/bruithwirr/uni/ros2_ws/install/robot_msgs/share/robot_msgs/environment/path.dsv
[0.554s] -- Up-to-date: /home/bruithwirr/uni/ros2_ws/install/robot_msgs/share/robot_msgs/local_setup.bash
[0.554s] -- Up-to-date: /home/bruithwirr/uni/ros2_ws/install/robot_msgs/share/robot_msgs/local_setup.sh
[0.554s] -- Up-to-date: /home/bruithwirr/uni/ros2_ws/install/robot_msgs/share/robot_msgs/local_setup.zsh
[0.554s] -- Up-to-date: /home/bruithwirr/uni/ros2_ws/install/robot_msgs/share/robot_msgs/local_setup.dsv
[0.554s] -- Installing: /home/bruithwirr/uni/ros2_ws/install/robot_msgs/share/robot_msgs/package.dsv
[0.554s] -- Up-to-date: /home/bruithwirr/uni/ros2_ws/install/robot_msgs/share/ament_index/resource_index/packages/robot_msgs
[0.555s] -- Up-to-date: /home/bruithwirr/uni/ros2_ws/install/robot_msgs/share/robot_msgs/cmake/export_robot_msgs__rosidl_generator_cExport.cmake
[0.555s] -- Up-to-date: /home/bruithwirr/uni/ros2_ws/install/robot_msgs/share/robot_msgs/cmake/export_robot_msgs__rosidl_generator_cExport-noconfig.cmake
[0.555s] -- Up-to-date: /home/bruithwirr/uni/ros2_ws/install/robot_msgs/share/robot_msgs/cmake/export_robot_msgs__rosidl_typesupport_fastrtps_cExport.cmake
[0.555s] -- Up-to-date: /home/bruithwirr/uni/ros2_ws/install/robot_msgs/share/robot_msgs/cmake/export_robot_msgs__rosidl_typesupport_fastrtps_cExport-noconfig.cmake
[0.555s] -- Up-to-date: /home/bruithwirr/uni/ros2_ws/install/robot_msgs/share/robot_msgs/cmake/robot_msgs__rosidl_typesupport_introspection_cExport.cmake
[0.555s] -- Up-to-date: /home/bruithwirr/uni/ros2_ws/install/robot_msgs/share/robot_msgs/cmake/robot_msgs__rosidl_typesupport_introspection_cExport-noconfig.cmake
[0.555s] -- Up-to-date: /home/bruithwirr/uni/ros2_ws/install/robot_msgs/share/robot_msgs/cmake/robot_msgs__rosidl_typesupport_cExport.cmake
[0.555s] -- Up-to-date: /home/bruithwirr/uni/ros2_ws/install/robot_msgs/share/robot_msgs/cmake/robot_msgs__rosidl_typesupport_cExport-noconfig.cmake
[0.555s] -- Up-to-date: /home/bruithwirr/uni/ros2_ws/install/robot_msgs/share/robot_msgs/cmake/export_robot_msgs__rosidl_generator_cppExport.cmake
[0.556s] -- Up-to-date: /home/bruithwirr/uni/ros2_ws/install/robot_msgs/share/robot_msgs/cmake/export_robot_msgs__rosidl_typesupport_fastrtps_cppExport.cmake
[0.556s] -- Up-to-date: /home/bruithwirr/uni/ros2_ws/install/robot_msgs/share/robot_msgs/cmake/export_robot_msgs__rosidl_typesupport_fastrtps_cppExport-noconfig.cmake
[0.556s] -- Up-to-date: /home/bruithwirr/uni/ros2_ws/install/robot_msgs/share/robot_msgs/cmake/robot_msgs__rosidl_typesupport_introspection_cppExport.cmake
[0.556s] -- Up-to-date: /home/bruithwirr/uni/ros2_ws/install/robot_msgs/share/robot_msgs/cmake/robot_msgs__rosidl_typesupport_introspection_cppExport-noconfig.cmake
[0.556s] -- Up-to-date: /home/bruithwirr/uni/ros2_ws/install/robot_msgs/share/robot_msgs/cmake/robot_msgs__rosidl_typesupport_cppExport.cmake
[0.556s] -- Up-to-date: /home/bruithwirr/uni/ros2_ws/install/robot_msgs/share/robot_msgs/cmake/robot_msgs__rosidl_typesupport_cppExport-noconfig.cmake
[0.556s] -- Up-to-date: /home/bruithwirr/uni/ros2_ws/install/robot_msgs/share/robot_msgs/cmake/export_robot_msgs__rosidl_generator_pyExport.cmake
[0.556s] -- Up-to-date: /home/bruithwirr/uni/ros2_ws/install/robot_msgs/share/robot_msgs/cmake/export_robot_msgs__rosidl_generator_pyExport-noconfig.cmake
[0.556s] -- Up-to-date: /home/bruithwirr/uni/ros2_ws/install/robot_msgs/share/robot_msgs/cmake/rosidl_cmake-extras.cmake
[0.557s] -- Up-to-date: /home/bruithwirr/uni/ros2_ws/install/robot_msgs/share/robot_msgs/cmake/ament_cmake_export_include_directories-extras.cmake
[0.557s] -- Up-to-date: /home/bruithwirr/uni/ros2_ws/install/robot_msgs/share/robot_msgs/cmake/ament_cmake_export_libraries-extras.cmake
[0.557s] -- Up-to-date: /home/bruithwirr/uni/ros2_ws/install/robot_msgs/share/robot_msgs/cmake/ament_cmake_export_targets-extras.cmake
[0.557s] -- Up-to-date: /home/bruithwirr/uni/ros2_ws/install/robot_msgs/share/robot_msgs/cmake/rosidl_cmake_export_typesupport_targets-extras.cmake
[0.557s] -- Up-to-date: /home/bruithwirr/uni/ros2_ws/install/robot_msgs/share/robot_msgs/cmake/ament_cmake_export_dependencies-extras.cmake
[0.557s] -- Up-to-date: /home/bruithwirr/uni/ros2_ws/install/robot_msgs/share/robot_msgs/cmake/rosidl_cmake_export_typesupport_libraries-extras.cmake
[0.557s] -- Up-to-date: /home/bruithwirr/uni/ros2_ws/install/robot_msgs/share/robot_msgs/cmake/robot_msgsConfig.cmake
[0.557s] -- Up-to-date: /home/bruithwirr/uni/ros2_ws/install/robot_msgs/share/robot_msgs/cmake/robot_msgsConfig-version.cmake
[0.557s] -- Up-to-date: /home/bruithwirr/uni/ros2_ws/install/robot_msgs/share/robot_msgs/package.xml
[0.561s] Invoked command in '/home/bruithwirr/uni/ros2_ws/build/robot_msgs' returned '0': CMAKE_PREFIX_PATH=${CMAKE_PREFIX_PATH}:/opt/ros/humble /usr/bin/cmake --install /home/bruithwirr/uni/ros2_ws/build/robot_msgs
