[0.019s] Invoking command in '/home/bruithwirr/uni/ros2_ws/build/robot_game': CMAKE_PREFIX_PATH=${CMAKE_PREFIX_PATH}:/opt/ros/humble /usr/bin/cmake --build /home/bruithwirr/uni/ros2_ws/build/robot_game -- -j12 -l12
[0.058s] Invoked command in '/home/bruithwirr/uni/ros2_ws/build/robot_game' returned '0': CMAKE_PREFIX_PATH=${CMAKE_PREFIX_PATH}:/opt/ros/humble /usr/bin/cmake --build /home/bruithwirr/uni/ros2_ws/build/robot_game -- -j12 -l12
[0.068s] Invoking command in '/home/bruithwirr/uni/ros2_ws/build/robot_game': CMAKE_PREFIX_PATH=${CMAKE_PREFIX_PATH}:/opt/ros/humble /usr/bin/cmake --install /home/bruithwirr/uni/ros2_ws/build/robot_game
[0.076s] -- Install configuration: ""
[0.076s] -- Up-to-date: /home/bruithwirr/uni/ros2_ws/install/robot_game/share/ament_index/resource_index/package_run_dependencies/robot_game
[0.076s] -- Up-to-date: /home/bruithwirr/uni/ros2_ws/install/robot_game/share/ament_index/resource_index/parent_prefix_path/robot_game
[0.076s] -- Up-to-date: /home/bruithwirr/uni/ros2_ws/install/robot_game/share/robot_game/environment/ament_prefix_path.sh
[0.076s] -- Up-to-date: /home/bruithwirr/uni/ros2_ws/install/robot_game/share/robot_game/environment/ament_prefix_path.dsv
[0.076s] -- Up-to-date: /home/bruithwirr/uni/ros2_ws/install/robot_game/share/robot_game/environment/path.sh
[0.076s] -- Up-to-date: /home/bruithwirr/uni/ros2_ws/install/robot_game/share/robot_game/environment/path.dsv
[0.077s] -- Up-to-date: /home/bruithwirr/uni/ros2_ws/install/robot_game/share/robot_game/local_setup.bash
[0.077s] -- Up-to-date: /home/bruithwirr/uni/ros2_ws/install/robot_game/share/robot_game/local_setup.sh
[0.077s] -- Up-to-date: /home/bruithwirr/uni/ros2_ws/install/robot_game/share/robot_game/local_setup.zsh
[0.077s] -- Up-to-date: /home/bruithwirr/uni/ros2_ws/install/robot_game/share/robot_game/local_setup.dsv
[0.077s] -- Installing: /home/bruithwirr/uni/ros2_ws/install/robot_game/share/robot_game/package.dsv
[0.077s] -- Up-to-date: /home/bruithwirr/uni/ros2_ws/install/robot_game/share/ament_index/resource_index/packages/robot_game
[0.077s] -- Up-to-date: /home/bruithwirr/uni/ros2_ws/install/robot_game/share/robot_game/cmake/robot_gameConfig.cmake
[0.077s] -- Up-to-date: /home/bruithwirr/uni/ros2_ws/install/robot_game/share/robot_game/cmake/robot_gameConfig-version.cmake
[0.077s] -- Up-to-date: /home/bruithwirr/uni/ros2_ws/install/robot_game/share/robot_game/package.xml
[0.080s] Invoked command in '/home/bruithwirr/uni/ros2_ws/build/robot_game' returned '0': CMAKE_PREFIX_PATH=${CMAKE_PREFIX_PATH}:/opt/ros/humble /usr/bin/cmake --install /home/bruithwirr/uni/ros2_ws/build/robot_game
