[0.015s] Invoking command in '/home/bruithwirr/uni/ros2_ws/build/robot_game': CMAKE_PREFIX_PATH=/home/bruithwirr/uni/ros2_ws/install/robot_msgs:/home/bruithwirr/uni/ros2_ws/install/robot_old:/home/bruithwirr/uni/ros2_ws/install/robot_game:/opt/ros/humble /usr/bin/cmake --build /home/bruithwirr/uni/ros2_ws/build/robot_game -- -j12 -l12
[0.080s] [35m[1mConsolidate compiler generated dependencies of target keyboard_node[0m
[0.081s] [35m[1mConsolidate compiler generated dependencies of target game_node[0m
[0.106s] [ 53%] Built target robot_node
[0.106s] [ 61%] [32mBuilding CXX object CMakeFiles/keyboard_node.dir/src/KeyboardNode.cpp.o[0m
[0.117s] [ 69%] [32mBuilding CXX object CMakeFiles/game_node.dir/src/GameNode.cpp.o[0m
[5.719s] [ 76%] [32m[1mLinking CXX executable keyboard_node[0m
[6.003s] [ 76%] Built target keyboard_node
[14.506s] [ 84%] [32m[1mLinking CXX executable game_node[0m
[15.347s] [100%] Built target game_node
[15.359s] Invoked command in '/home/bruithwirr/uni/ros2_ws/build/robot_game' returned '0': CMAKE_PREFIX_PATH=/home/bruithwirr/uni/ros2_ws/install/robot_msgs:/home/bruithwirr/uni/ros2_ws/install/robot_old:/home/bruithwirr/uni/ros2_ws/install/robot_game:/opt/ros/humble /usr/bin/cmake --build /home/bruithwirr/uni/ros2_ws/build/robot_game -- -j12 -l12
[15.360s] Invoking command in '/home/bruithwirr/uni/ros2_ws/build/robot_game': CMAKE_PREFIX_PATH=/home/bruithwirr/uni/ros2_ws/install/robot_msgs:/home/bruithwirr/uni/ros2_ws/install/robot_old:/home/bruithwirr/uni/ros2_ws/install/robot_game:/opt/ros/humble /usr/bin/cmake --install /home/bruithwirr/uni/ros2_ws/build/robot_game
[15.370s] -- Install configuration: ""
[15.370s] -- Installing: /home/bruithwirr/uni/ros2_ws/install/robot_game/lib/robot_game/keyboard_node
[15.372s] -- Set runtime path of "/home/bruithwirr/uni/ros2_ws/install/robot_game/lib/robot_game/keyboard_node" to ""
[15.372s] -- Up-to-date: /home/bruithwirr/uni/ros2_ws/install/robot_game/lib/robot_game/robot_node
[15.373s] -- Installing: /home/bruithwirr/uni/ros2_ws/install/robot_game/lib/robot_game/game_node
[15.381s] -- Set runtime path of "/home/bruithwirr/uni/ros2_ws/install/robot_game/lib/robot_game/game_node" to ""
[15.381s] -- Up-to-date: /home/bruithwirr/uni/ros2_ws/install/robot_game/share/robot_game/launch
[15.381s] -- Up-to-date: /home/bruithwirr/uni/ros2_ws/install/robot_game/share/robot_game/launch/game.launch.py
[15.382s] -- Up-to-date: /home/bruithwirr/uni/ros2_ws/install/robot_game/share/robot_game/rviz
[15.382s] -- Installing: /home/bruithwirr/uni/ros2_ws/install/robot_game/share/robot_game/rviz/rviz_config.rviz
[15.382s] -- Up-to-date: /home/bruithwirr/uni/ros2_ws/install/robot_game/share/robot_game/config
[15.382s] -- Up-to-date: /home/bruithwirr/uni/ros2_ws/install/robot_game/share/robot_game/config/game_config.yaml
[15.382s] -- Up-to-date: /home/bruithwirr/uni/ros2_ws/install/robot_game/share/ament_index/resource_index/package_run_dependencies/robot_game
[15.382s] -- Up-to-date: /home/bruithwirr/uni/ros2_ws/install/robot_game/share/ament_index/resource_index/parent_prefix_path/robot_game
[15.382s] -- Up-to-date: /home/bruithwirr/uni/ros2_ws/install/robot_game/share/robot_game/environment/ament_prefix_path.sh
[15.382s] -- Up-to-date: /home/bruithwirr/uni/ros2_ws/install/robot_game/share/robot_game/environment/ament_prefix_path.dsv
[15.382s] -- Up-to-date: /home/bruithwirr/uni/ros2_ws/install/robot_game/share/robot_game/environment/path.sh
[15.382s] -- Up-to-date: /home/bruithwirr/uni/ros2_ws/install/robot_game/share/robot_game/environment/path.dsv
[15.382s] -- Up-to-date: /home/bruithwirr/uni/ros2_ws/install/robot_game/share/robot_game/local_setup.bash
[15.383s] -- Up-to-date: /home/bruithwirr/uni/ros2_ws/install/robot_game/share/robot_game/local_setup.sh
[15.383s] -- Up-to-date: /home/bruithwirr/uni/ros2_ws/install/robot_game/share/robot_game/local_setup.zsh
[15.383s] -- Up-to-date: /home/bruithwirr/uni/ros2_ws/install/robot_game/share/robot_game/local_setup.dsv
[15.383s] -- Installing: /home/bruithwirr/uni/ros2_ws/install/robot_game/share/robot_game/package.dsv
[15.383s] -- Up-to-date: /home/bruithwirr/uni/ros2_ws/install/robot_game/share/ament_index/resource_index/packages/robot_game
[15.383s] -- Up-to-date: /home/bruithwirr/uni/ros2_ws/install/robot_game/share/robot_game/cmake/robot_gameConfig.cmake
[15.383s] -- Up-to-date: /home/bruithwirr/uni/ros2_ws/install/robot_game/share/robot_game/cmake/robot_gameConfig-version.cmake
[15.383s] -- Up-to-date: /home/bruithwirr/uni/ros2_ws/install/robot_game/share/robot_game/package.xml
[15.385s] Invoked command in '/home/bruithwirr/uni/ros2_ws/build/robot_game' returned '0': CMAKE_PREFIX_PATH=/home/bruithwirr/uni/ros2_ws/install/robot_msgs:/home/bruithwirr/uni/ros2_ws/install/robot_old:/home/bruithwirr/uni/ros2_ws/install/robot_game:/opt/ros/humble /usr/bin/cmake --install /home/bruithwirr/uni/ros2_ws/build/robot_game
