[0.014s] Invoking command in '/home/bruithwirr/uni/ros2_ws/build/robot_old': CMAKE_PREFIX_PATH=/opt/ros/humble /usr/bin/cmake --build /home/bruithwirr/uni/ros2_ws/build/robot_old -- -j12 -l12
[0.067s] Invoked command in '/home/bruithwirr/uni/ros2_ws/build/robot_old' returned '0': CMAKE_PREFIX_PATH=/opt/ros/humble /usr/bin/cmake --build /home/bruithwirr/uni/ros2_ws/build/robot_old -- -j12 -l12
[0.082s] Invoking command in '/home/bruithwirr/uni/ros2_ws/build/robot_old': CMAKE_PREFIX_PATH=/opt/ros/humble /usr/bin/cmake --install /home/bruithwirr/uni/ros2_ws/build/robot_old
[0.095s] -- Install configuration: ""
[0.095s] -- Up-to-date: /home/bruithwirr/uni/ros2_ws/install/robot_old/share/ament_index/resource_index/package_run_dependencies/robot_old
[0.095s] -- Up-to-date: /home/bruithwirr/uni/ros2_ws/install/robot_old/share/ament_index/resource_index/parent_prefix_path/robot_old
[0.095s] -- Up-to-date: /home/bruithwirr/uni/ros2_ws/install/robot_old/share/robot_old/environment/ament_prefix_path.sh
[0.095s] -- Up-to-date: /home/bruithwirr/uni/ros2_ws/install/robot_old/share/robot_old/environment/ament_prefix_path.dsv
[0.096s] -- Up-to-date: /home/bruithwirr/uni/ros2_ws/install/robot_old/share/robot_old/environment/path.sh
[0.096s] -- Up-to-date: /home/bruithwirr/uni/ros2_ws/install/robot_old/share/robot_old/environment/path.dsv
[0.096s] -- Up-to-date: /home/bruithwirr/uni/ros2_ws/install/robot_old/share/robot_old/local_setup.bash
[0.096s] -- Up-to-date: /home/bruithwirr/uni/ros2_ws/install/robot_old/share/robot_old/local_setup.sh
[0.096s] -- Up-to-date: /home/bruithwirr/uni/ros2_ws/install/robot_old/share/robot_old/local_setup.zsh
[0.096s] -- Up-to-date: /home/bruithwirr/uni/ros2_ws/install/robot_old/share/robot_old/local_setup.dsv
[0.096s] -- Installing: /home/bruithwirr/uni/ros2_ws/install/robot_old/share/robot_old/package.dsv
[0.096s] -- Up-to-date: /home/bruithwirr/uni/ros2_ws/install/robot_old/share/ament_index/resource_index/packages/robot_old
[0.096s] -- Up-to-date: /home/bruithwirr/uni/ros2_ws/install/robot_old/share/robot_old/cmake/robot_oldConfig.cmake
[0.096s] -- Up-to-date: /home/bruithwirr/uni/ros2_ws/install/robot_old/share/robot_old/cmake/robot_oldConfig-version.cmake
[0.097s] -- Up-to-date: /home/bruithwirr/uni/ros2_ws/install/robot_old/share/robot_old/package.xml
[0.099s] Invoked command in '/home/bruithwirr/uni/ros2_ws/build/robot_old' returned '0': CMAKE_PREFIX_PATH=/opt/ros/humble /usr/bin/cmake --install /home/bruithwirr/uni/ros2_ws/build/robot_old
