[0.017s] Invoking command in '/home/bruithwirr/uni/ros2_ws/build/robot_game': CMAKE_PREFIX_PATH=${CMAKE_PREFIX_PATH}:/opt/ros/humble /usr/bin/cmake --build /home/bruithwirr/uni/ros2_ws/build/robot_game -- -j12 -l12
[0.063s] [35m[1mConsolidate compiler generated dependencies of target keyboard_node[0m
[0.087s] [ 25%] [32mBuilding CXX object CMakeFiles/robot_node.dir/home/bruithwirr/uni/ros2_ws/src/robot_old/src/Environment.cpp.o[0m
[0.087s] [ 25%] [32mBuilding CXX object CMakeFiles/robot_node.dir/home/bruithwirr/uni/ros2_ws/src/robot_old/src/Robot.cpp.o[0m
[0.087s] [ 37%] [32mBuilding CXX object CMakeFiles/robot_node.dir/src/RobotNode.cpp.o[0m
[0.093s] [ 50%] [32mBuilding CXX object CMakeFiles/keyboard_node.dir/src/KeyboardNode.cpp.o[0m
[0.096s] [ 62%] [32mBuilding CXX object CMakeFiles/robot_node.dir/home/bruithwirr/uni/ros2_ws/src/robot_old/src/Lidar.cpp.o[0m
[0.098s] [ 75%] [32mBuilding CXX object CMakeFiles/robot_node.dir/home/bruithwirr/uni/ros2_ws/src/robot_old/src/Canvas.cpp.o[0m
[0.187s] In file included from [01m[K/home/bruithwirr/uni/ros2_ws/src/robot_old/src/Environment.cpp:1[m[K:
[0.187s] [01m[K/home/bruithwirr/uni/ros2_ws/src/robot_game/../robot_old/include/environment/Environment.h:4:10:[m[K [01;31m[Kfatal error: [m[Kopencv2/opencv.hpp: No such file or directory
[0.187s]     4 | #include [01;31m[K<opencv2/opencv.hpp>[m[K
[0.187s]       |          [01;31m[K^~~~~~~~~~~~~~~~~~~~[m[K
[0.187s] compilation terminated.
[0.197s] In file included from [01m[K/home/bruithwirr/uni/ros2_ws/src/robot_old/src/Canvas.cpp:1[m[K:
[0.197s] [01m[K/home/bruithwirr/uni/ros2_ws/src/robot_game/../robot_old/include/environment/Canvas.h:3:10:[m[K [01;31m[Kfatal error: [m[Kopencv2/opencv.hpp: No such file or directory
[0.197s]     3 | #include [01;31m[K<opencv2/opencv.hpp>[m[K
[0.197s]       |          [01;31m[K^~~~~~~~~~~~~~~~~~~~[m[K
[0.197s] compilation terminated.
[0.208s] In file included from [01m[K/home/bruithwirr/uni/ros2_ws/src/robot_game/../robot_old/include/environment/Lidar.h:6[m[K,
[0.208s]                  from [01m[K/home/bruithwirr/uni/ros2_ws/src/robot_old/src/Lidar.cpp:1[m[K:
[0.208s] [01m[K/home/bruithwirr/uni/ros2_ws/src/robot_game/../robot_old/include/environment/Environment.h:4:10:[m[K [01;31m[Kfatal error: [m[Kopencv2/opencv.hpp: No such file or directory
[0.208s]     4 | #include [01;31m[K<opencv2/opencv.hpp>[m[K
[0.208s]       |          [01;31m[K^~~~~~~~~~~~~~~~~~~~[m[K
[0.208s] compilation terminated.
[0.243s] In file included from [01m[K/home/bruithwirr/uni/ros2_ws/src/robot_game/../robot_old/include/robot/Robot.h:7[m[K,
[0.243s]                  from [01m[K/home/bruithwirr/uni/ros2_ws/src/robot_old/src/Robot.cpp:1[m[K:
[0.243s] [01m[K/home/bruithwirr/uni/ros2_ws/src/robot_game/../robot_old/include/environment/Environment.h:4:10:[m[K [01;31m[Kfatal error: [m[Kopencv2/opencv.hpp: No such file or directory
[0.243s]     4 | #include [01;31m[K<opencv2/opencv.hpp>[m[K
[0.243s]       |          [01;31m[K^~~~~~~~~~~~~~~~~~~~[m[K
[0.243s] gmake[2]: *** [CMakeFiles/robot_node.dir/build.make:104: CMakeFiles/robot_node.dir/home/bruithwirr/uni/ros2_ws/src/robot_old/src/Environment.cpp.o] Error 1
[0.243s] gmake[2]: *** Waiting for unfinished jobs....
[0.243s] compilation terminated.
[0.244s] gmake[2]: *** [CMakeFiles/robot_node.dir/build.make:118: CMakeFiles/robot_node.dir/home/bruithwirr/uni/ros2_ws/src/robot_old/src/Lidar.cpp.o] Error 1
[0.244s] gmake[2]: *** [CMakeFiles/robot_node.dir/build.make:132: CMakeFiles/robot_node.dir/home/bruithwirr/uni/ros2_ws/src/robot_old/src/Canvas.cpp.o] Error 1
[0.245s] gmake[2]: *** [CMakeFiles/robot_node.dir/build.make:90: CMakeFiles/robot_node.dir/home/bruithwirr/uni/ros2_ws/src/robot_old/src/Robot.cpp.o] Error 1
[0.393s] In file included from [01m[K/home/bruithwirr/uni/ros2_ws/src/robot_game/include/RobotNode.h:6[m[K,
[0.394s]                  from [01m[K/home/bruithwirr/uni/ros2_ws/src/robot_game/src/RobotNode.cpp:1[m[K:
[0.394s] [01m[K/home/bruithwirr/uni/ros2_ws/src/robot_game/../robot_old/include/environment/Environment.h:4:10:[m[K [01;31m[Kfatal error: [m[Kopencv2/opencv.hpp: No such file or directory
[0.394s]     4 | #include [01;31m[K<opencv2/opencv.hpp>[m[K
[0.394s]       |          [01;31m[K^~~~~~~~~~~~~~~~~~~~[m[K
[0.394s] compilation terminated.
[0.405s] gmake[2]: *** [CMakeFiles/robot_node.dir/build.make:76: CMakeFiles/robot_node.dir/src/RobotNode.cpp.o] Error 1
[0.406s] gmake[1]: *** [CMakeFiles/Makefile2:165: CMakeFiles/robot_node.dir/all] Error 2
[0.406s] gmake[1]: *** Waiting for unfinished jobs....
[3.654s] [ 87%] [32m[1mLinking CXX executable keyboard_node[0m
[3.829s] [ 87%] Built target keyboard_node
[3.830s] gmake: *** [Makefile:146: all] Error 2
[3.833s] Invoked command in '/home/bruithwirr/uni/ros2_ws/build/robot_game' returned '2': CMAKE_PREFIX_PATH=${CMAKE_PREFIX_PATH}:/opt/ros/humble /usr/bin/cmake --build /home/bruithwirr/uni/ros2_ws/build/robot_game -- -j12 -l12
