[0.028s] Invoking command in '/home/bruithwirr/uni/ros2_ws/build/robot_game': CMAKE_PREFIX_PATH=/home/bruithwirr/uni/ros2_ws/install/robot_msgs:/home/bruithwirr/uni/ros2_ws/install/robot_old:/home/bruithwirr/uni/ros2_ws/install/robot_game:/opt/ros/humble /usr/bin/cmake --build /home/bruithwirr/uni/ros2_ws/build/robot_game -- -j12 -l12
[0.146s] [35m[1mConsolidate compiler generated dependencies of target bot_node[0m
[0.183s] [ 12%] Built target keyboard_node
[0.194s] [ 37%] Built target game_node
[0.199s] [ 81%] Built target robot_node
[0.203s] [ 87%] [32mBuilding CXX object CMakeFiles/bot_node.dir/src/BotNode.cpp.o[0m
[13.765s] [ 93%] [32m[1mLinking CXX executable bot_node[0m
[14.248s] [100%] Built target bot_node
[14.259s] Invoked command in '/home/bruithwirr/uni/ros2_ws/build/robot_game' returned '0': CMAKE_PREFIX_PATH=/home/bruithwirr/uni/ros2_ws/install/robot_msgs:/home/bruithwirr/uni/ros2_ws/install/robot_old:/home/bruithwirr/uni/ros2_ws/install/robot_game:/opt/ros/humble /usr/bin/cmake --build /home/bruithwirr/uni/ros2_ws/build/robot_game -- -j12 -l12
[14.260s] Invoking command in '/home/bruithwirr/uni/ros2_ws/build/robot_game': CMAKE_PREFIX_PATH=/home/bruithwirr/uni/ros2_ws/install/robot_msgs:/home/bruithwirr/uni/ros2_ws/install/robot_old:/home/bruithwirr/uni/ros2_ws/install/robot_game:/opt/ros/humble /usr/bin/cmake --install /home/bruithwirr/uni/ros2_ws/build/robot_game
[14.267s] -- Install configuration: ""
[14.268s] -- Up-to-date: /home/bruithwirr/uni/ros2_ws/install/robot_game/lib/robot_game/keyboard_node
[14.268s] -- Up-to-date: /home/bruithwirr/uni/ros2_ws/install/robot_game/lib/robot_game/robot_node
[14.268s] -- Up-to-date: /home/bruithwirr/uni/ros2_ws/install/robot_game/lib/robot_game/game_node
[14.269s] -- Installing: /home/bruithwirr/uni/ros2_ws/install/robot_game/lib/robot_game/bot_node
[14.277s] -- Set runtime path of "/home/bruithwirr/uni/ros2_ws/install/robot_game/lib/robot_game/bot_node" to ""
[14.277s] -- Up-to-date: /home/bruithwirr/uni/ros2_ws/install/robot_game/share/robot_game/launch
[14.278s] -- Up-to-date: /home/bruithwirr/uni/ros2_ws/install/robot_game/share/robot_game/launch/game.launch.py
[14.278s] -- Up-to-date: /home/bruithwirr/uni/ros2_ws/install/robot_game/share/robot_game/rviz
[14.278s] -- Installing: /home/bruithwirr/uni/ros2_ws/install/robot_game/share/robot_game/rviz/rviz_config.rviz
[14.278s] -- Up-to-date: /home/bruithwirr/uni/ros2_ws/install/robot_game/share/robot_game/config
[14.278s] -- Up-to-date: /home/bruithwirr/uni/ros2_ws/install/robot_game/share/robot_game/config/game_config.yaml
[14.278s] -- Up-to-date: /home/bruithwirr/uni/ros2_ws/install/robot_game/share/ament_index/resource_index/package_run_dependencies/robot_game
[14.278s] -- Up-to-date: /home/bruithwirr/uni/ros2_ws/install/robot_game/share/ament_index/resource_index/parent_prefix_path/robot_game
[14.278s] -- Up-to-date: /home/bruithwirr/uni/ros2_ws/install/robot_game/share/robot_game/environment/ament_prefix_path.sh
[14.278s] -- Up-to-date: /home/bruithwirr/uni/ros2_ws/install/robot_game/share/robot_game/environment/ament_prefix_path.dsv
[14.278s] -- Up-to-date: /home/bruithwirr/uni/ros2_ws/install/robot_game/share/robot_game/environment/path.sh
[14.278s] -- Up-to-date: /home/bruithwirr/uni/ros2_ws/install/robot_game/share/robot_game/environment/path.dsv
[14.279s] -- Up-to-date: /home/bruithwirr/uni/ros2_ws/install/robot_game/share/robot_game/local_setup.bash
[14.279s] -- Up-to-date: /home/bruithwirr/uni/ros2_ws/install/robot_game/share/robot_game/local_setup.sh
[14.279s] -- Up-to-date: /home/bruithwirr/uni/ros2_ws/install/robot_game/share/robot_game/local_setup.zsh
[14.279s] -- Up-to-date: /home/bruithwirr/uni/ros2_ws/install/robot_game/share/robot_game/local_setup.dsv
[14.279s] -- Installing: /home/bruithwirr/uni/ros2_ws/install/robot_game/share/robot_game/package.dsv
[14.279s] -- Up-to-date: /home/bruithwirr/uni/ros2_ws/install/robot_game/share/ament_index/resource_index/packages/robot_game
[14.279s] -- Up-to-date: /home/bruithwirr/uni/ros2_ws/install/robot_game/share/robot_game/cmake/robot_gameConfig.cmake
[14.279s] -- Up-to-date: /home/bruithwirr/uni/ros2_ws/install/robot_game/share/robot_game/cmake/robot_gameConfig-version.cmake
[14.279s] -- Up-to-date: /home/bruithwirr/uni/ros2_ws/install/robot_game/share/robot_game/package.xml
[14.282s] Invoked command in '/home/bruithwirr/uni/ros2_ws/build/robot_game' returned '0': CMAKE_PREFIX_PATH=/home/bruithwirr/uni/ros2_ws/install/robot_msgs:/home/bruithwirr/uni/ros2_ws/install/robot_old:/home/bruithwirr/uni/ros2_ws/install/robot_game:/opt/ros/humble /usr/bin/cmake --install /home/bruithwirr/uni/ros2_ws/build/robot_game
