[0.017s] Invoking command in '/home/bruithwirr/uni/ros2_ws/build/robot_game': CMAKE_PREFIX_PATH=/opt/ros/humble /usr/bin/cmake --build /home/bruithwirr/uni/ros2_ws/build/robot_game -- -j12 -l12
[0.070s] -- Found ament_cmake: 1.3.14 (/opt/ros/humble/share/ament_cmake/cmake)
[0.225s] -- Found rclcpp: 16.0.19 (/opt/ros/humble/share/rclcpp/cmake)
[0.265s] -- Found rosidl_generator_c: 3.1.8 (/opt/ros/humble/share/rosidl_generator_c/cmake)
[0.269s] -- Found rosidl_adapter: 3.1.8 (/opt/ros/humble/share/rosidl_adapter/cmake)
[0.275s] -- Found rosidl_generator_cpp: 3.1.8 (/opt/ros/humble/share/rosidl_generator_cpp/cmake)
[0.285s] -- Using all available rosidl_typesupport_c: rosidl_typesupport_fastrtps_c;rosidl_typesupport_introspection_c
[0.298s] -- Using all available rosidl_typesupport_cpp: rosidl_typesupport_fastrtps_cpp;rosidl_typesupport_introspection_cpp
[0.342s] -- Found rmw_implementation_cmake: 6.1.2 (/opt/ros/humble/share/rmw_implementation_cmake/cmake)
[0.345s] -- Found rmw_fastrtps_cpp: 6.2.10 (/opt/ros/humble/share/rmw_fastrtps_cpp/cmake)
[0.453s] -- Found OpenSSL: /usr/lib/x86_64-linux-gnu/libcrypto.so (found version "3.0.2")  
[0.483s] -- Found FastRTPS: /opt/ros/humble/include  
[0.521s] -- Using RMW implementation 'rmw_fastrtps_cpp' as default
[0.531s] -- Looking for pthread.h
[0.630s] -- Looking for pthread.h - found
[0.631s] -- Performing Test CMAKE_HAVE_LIBC_PTHREAD
[0.705s] -- Performing Test CMAKE_HAVE_LIBC_PTHREAD - Success
[0.706s] -- Found Threads: TRUE  
[0.771s] [31mCMake Error at CMakeLists.txt:10 (find_package):
[0.771s]   By not providing "Findrobot_msgs.cmake" in CMAKE_MODULE_PATH this project
[0.771s]   has asked CMake to find a package configuration file provided by
[0.771s]   "robot_msgs", but CMake did not find one.
[0.771s] 
[0.771s]   Could not find a package configuration file provided by "robot_msgs" with
[0.771s]   any of the following names:
[0.771s] 
[0.771s]     robot_msgsConfig.cmake
[0.771s]     robot_msgs-config.cmake
[0.771s] 
[0.771s]   Add the installation prefix of "robot_msgs" to CMAKE_PREFIX_PATH or set
[0.772s]   "robot_msgs_DIR" to a directory containing one of the above files.  If
[0.772s]   "robot_msgs" provides a separate development package or SDK, be sure it has
[0.772s]   been installed.
[0.772s] 
[0.772s] -- Configuring incomplete, errors occurred!
[0.772s] See also "/home/bruithwirr/uni/ros2_ws/build/robot_game/CMakeFiles/CMakeOutput.log".
[0.772s] [0m
[0.777s] gmake: *** [Makefile:226: cmake_check_build_system] Error 1
[0.779s] Invoked command in '/home/bruithwirr/uni/ros2_ws/build/robot_game' returned '2': CMAKE_PREFIX_PATH=/opt/ros/humble /usr/bin/cmake --build /home/bruithwirr/uni/ros2_ws/build/robot_game -- -j12 -l12
