[0.014s] Invoking command in '/home/bruithwirr/uni/ros2_ws/build/robot_msgs': CMAKE_PREFIX_PATH=/opt/ros/humble /usr/bin/cmake /home/bruithwirr/uni/ros2_ws/src/robot_msgs -DCMAKE_INSTALL_PREFIX=/home/bruithwirr/uni/ros2_ws/install/robot_msgs
[0.178s] -- The C compiler identification is GNU 11.4.0
[0.295s] -- The CXX compiler identification is GNU 11.4.0
[0.324s] -- Detecting C compiler ABI info
[0.428s] -- Detecting C compiler ABI info - done
[0.436s] -- Check for working C compiler: /usr/bin/cc - skipped
[0.459s] -- Detecting C compile features
[0.460s] -- Detecting C compile features - done
[0.465s] -- Detecting CXX compiler ABI info
[0.649s] -- Detecting CXX compiler ABI info - done
[0.657s] -- Check for working CXX compiler: /usr/bin/c++ - skipped
[0.658s] -- Detecting CXX compile features
[0.658s] -- Detecting CXX compile features - done
[0.666s] -- Found ament_cmake: 1.3.14 (/opt/ros/humble/share/ament_cmake/cmake)
[0.860s] -- Found Python3: /usr/bin/python3 (found version "3.10.12") found components: Interpreter 
[0.989s] -- Found ament_lint_auto: 0.12.15 (/opt/ros/humble/share/ament_lint_auto/cmake)
[1.094s] -- Added test 'lint_cmake' to check CMake code style
[1.096s] -- Added test 'xmllint' to check XML markup files
[1.098s] -- Configuring done
[1.104s] -- Generating done
[1.106s] -- Build files have been written to: /home/bruithwirr/uni/ros2_ws/build/robot_msgs
[1.118s] Invoked command in '/home/bruithwirr/uni/ros2_ws/build/robot_msgs' returned '0': CMAKE_PREFIX_PATH=/opt/ros/humble /usr/bin/cmake /home/bruithwirr/uni/ros2_ws/src/robot_msgs -DCMAKE_INSTALL_PREFIX=/home/bruithwirr/uni/ros2_ws/install/robot_msgs
[1.120s] Invoking command in '/home/bruithwirr/uni/ros2_ws/build/robot_msgs': CMAKE_PREFIX_PATH=/opt/ros/humble /usr/bin/cmake --build /home/bruithwirr/uni/ros2_ws/build/robot_msgs -- -j12 -l12
[1.189s] Invoked command in '/home/bruithwirr/uni/ros2_ws/build/robot_msgs' returned '0': CMAKE_PREFIX_PATH=/opt/ros/humble /usr/bin/cmake --build /home/bruithwirr/uni/ros2_ws/build/robot_msgs -- -j12 -l12
[1.192s] Invoking command in '/home/bruithwirr/uni/ros2_ws/build/robot_msgs': CMAKE_PREFIX_PATH=/opt/ros/humble /usr/bin/cmake --install /home/bruithwirr/uni/ros2_ws/build/robot_msgs
[1.201s] -- Install configuration: ""
[1.201s] -- Installing: /home/bruithwirr/uni/ros2_ws/install/robot_msgs/share/ament_index/resource_index/package_run_dependencies/robot_msgs
[1.201s] -- Installing: /home/bruithwirr/uni/ros2_ws/install/robot_msgs/share/ament_index/resource_index/parent_prefix_path/robot_msgs
[1.202s] -- Installing: /home/bruithwirr/uni/ros2_ws/install/robot_msgs/share/robot_msgs/environment/ament_prefix_path.sh
[1.202s] -- Installing: /home/bruithwirr/uni/ros2_ws/install/robot_msgs/share/robot_msgs/environment/ament_prefix_path.dsv
[1.202s] -- Installing: /home/bruithwirr/uni/ros2_ws/install/robot_msgs/share/robot_msgs/environment/path.sh
[1.203s] -- Installing: /home/bruithwirr/uni/ros2_ws/install/robot_msgs/share/robot_msgs/environment/path.dsv
[1.203s] -- Installing: /home/bruithwirr/uni/ros2_ws/install/robot_msgs/share/robot_msgs/local_setup.bash
[1.203s] -- Installing: /home/bruithwirr/uni/ros2_ws/install/robot_msgs/share/robot_msgs/local_setup.sh
[1.203s] -- Installing: /home/bruithwirr/uni/ros2_ws/install/robot_msgs/share/robot_msgs/local_setup.zsh
[1.204s] -- Installing: /home/bruithwirr/uni/ros2_ws/install/robot_msgs/share/robot_msgs/local_setup.dsv
[1.204s] -- Installing: /home/bruithwirr/uni/ros2_ws/install/robot_msgs/share/robot_msgs/package.dsv
[1.204s] -- Installing: /home/bruithwirr/uni/ros2_ws/install/robot_msgs/share/ament_index/resource_index/packages/robot_msgs
[1.205s] -- Installing: /home/bruithwirr/uni/ros2_ws/install/robot_msgs/share/robot_msgs/cmake/robot_msgsConfig.cmake
[1.205s] -- Installing: /home/bruithwirr/uni/ros2_ws/install/robot_msgs/share/robot_msgs/cmake/robot_msgsConfig-version.cmake
[1.205s] -- Installing: /home/bruithwirr/uni/ros2_ws/install/robot_msgs/share/robot_msgs/package.xml
[1.236s] Invoked command in '/home/bruithwirr/uni/ros2_ws/build/robot_msgs' returned '0': CMAKE_PREFIX_PATH=/opt/ros/humble /usr/bin/cmake --install /home/bruithwirr/uni/ros2_ws/build/robot_msgs
