[0.014s] Invoking command in '/home/bruithwirr/uni/ros2_ws/build/robot_game': AMENT_PREFIX_PATH=/home/bruithwirr/uni/ros2_ws/install/robot_msgs:${AMENT_PREFIX_PATH} CMAKE_PREFIX_PATH=/home/bruithwirr/uni/ros2_ws/install/robot_msgs:/opt/ros/humble LD_LIBRARY_PATH=/home/bruithwirr/uni/ros2_ws/install/robot_msgs/lib:${LD_LIBRARY_PATH} PYTHONPATH=/home/bruithwirr/uni/ros2_ws/install/robot_msgs/local/lib/python3.10/dist-packages:${PYTHONPATH} /usr/bin/cmake --build /home/bruithwirr/uni/ros2_ws/build/robot_game -- -j12 -l12
[0.055s] -- Found ament_cmake: 1.3.14 (/opt/ros/humble/share/ament_cmake/cmake)
[0.243s] -- Found rclcpp: 16.0.19 (/opt/ros/humble/share/rclcpp/cmake)
[0.281s] -- Found rosidl_generator_c: 3.1.8 (/opt/ros/humble/share/rosidl_generator_c/cmake)
[0.284s] -- Found rosidl_adapter: 3.1.8 (/opt/ros/humble/share/rosidl_adapter/cmake)
[0.292s] -- Found rosidl_generator_cpp: 3.1.8 (/opt/ros/humble/share/rosidl_generator_cpp/cmake)
[0.305s] -- Using all available rosidl_typesupport_c: rosidl_typesupport_fastrtps_c;rosidl_typesupport_introspection_c
[0.321s] -- Using all available rosidl_typesupport_cpp: rosidl_typesupport_fastrtps_cpp;rosidl_typesupport_introspection_cpp
[0.361s] -- Found rmw_implementation_cmake: 6.1.2 (/opt/ros/humble/share/rmw_implementation_cmake/cmake)
[0.362s] -- Found rmw_fastrtps_cpp: 6.2.10 (/opt/ros/humble/share/rmw_fastrtps_cpp/cmake)
[0.503s] -- Using RMW implementation 'rmw_fastrtps_cpp' as default
[0.565s] -- Found robot_msgs: 0.0.0 (/home/bruithwirr/uni/ros2_ws/install/robot_msgs/share/robot_msgs/cmake)
[0.575s] -- Found geometry_msgs: 4.9.1 (/opt/ros/humble/share/geometry_msgs/cmake)
[0.589s] -- Found visualization_msgs: 4.9.1 (/opt/ros/humble/share/visualization_msgs/cmake)
[0.635s] -- Found nav_msgs: 4.9.1 (/opt/ros/humble/share/nav_msgs/cmake)
[0.787s] -- Configuring done
[0.823s] -- Generating done
[0.834s] -- Build files have been written to: /home/bruithwirr/uni/ros2_ws/build/robot_game
[0.873s] [35m[1mConsolidate compiler generated dependencies of target keyboard_node[0m
[0.874s] [35m[1mConsolidate compiler generated dependencies of target game_node[0m
[0.875s] [35m[1mConsolidate compiler generated dependencies of target robot_node[0m
[0.903s] [  9%] [32mBuilding CXX object CMakeFiles/keyboard_node.dir/src/KeyboardNode.cpp.o[0m
[0.909s] [ 36%] Built target game_node
[0.916s] [ 90%] Built target robot_node
[4.183s] [01m[K/home/bruithwirr/uni/ros2_ws/src/robot_game/src/KeyboardNode.cpp:34:6:[m[K [01;31m[Kerror: [m[Kno declaration matches ‘[01m[Kbool KeyboardNode::isKeyPressed(int)[m[K’
[4.183s]    34 | bool [01;31m[KKeyboardNode[m[K::isKeyPressed(int keycode)
[4.183s]       |      [01;31m[K^~~~~~~~~~~~[m[K
[4.183s] [01m[K/home/bruithwirr/uni/ros2_ws/src/robot_game/src/KeyboardNode.cpp:34:6:[m[K [01;36m[Knote: [m[Kno functions named ‘[01m[Kbool KeyboardNode::isKeyPressed(int)[m[K’
[4.183s] In file included from [01m[K/home/bruithwirr/uni/ros2_ws/src/robot_game/src/KeyboardNode.cpp:1[m[K:
[4.183s] [01m[K/home/bruithwirr/uni/ros2_ws/src/robot_game/include/KeyboardNode.h:8:7:[m[K [01;36m[Knote: [m[K‘[01m[Kclass KeyboardNode[m[K’ defined here
[4.183s]     8 | class [01;36m[KKeyboardNode[m[K : public rclcpp::Node {
[4.183s]       |       [01;36m[K^~~~~~~~~~~~[m[K
[4.193s] [01m[K/home/bruithwirr/uni/ros2_ws/src/robot_game/src/KeyboardNode.cpp:[m[K In member function ‘[01m[Kvoid KeyboardNode::timerCallback()[m[K’:
[4.193s] [01m[K/home/bruithwirr/uni/ros2_ws/src/robot_game/src/KeyboardNode.cpp:53:9:[m[K [01;31m[Kerror: [m[K‘[01m[KisKeyPressed[m[K’ was not declared in this scope; did you mean ‘[01m[KKeyPress[m[K’?
[4.194s]    53 |     if ([01;31m[KisKeyPressed[m[K(kc(XK_w))) msg1.linear.x  =  70.0;
[4.194s]       |         [01;31m[K^~~~~~~~~~~~[m[K
[4.194s]       |         [32m[KKeyPress[m[K
[4.204s] [01m[K/home/bruithwirr/uni/ros2_ws/src/robot_game/src/KeyboardNode.cpp:54:9:[m[K [01;31m[Kerror: [m[K‘[01m[KisKeyPressed[m[K’ was not declared in this scope; did you mean ‘[01m[KKeyPress[m[K’?
[4.204s]    54 |     if ([01;31m[KisKeyPressed[m[K(kc(XK_s))) msg1.linear.x  = -70.0;
[4.204s]       |         [01;31m[K^~~~~~~~~~~~[m[K
[4.204s]       |         [32m[KKeyPress[m[K
[4.213s] [01m[K/home/bruithwirr/uni/ros2_ws/src/robot_game/src/KeyboardNode.cpp:55:9:[m[K [01;31m[Kerror: [m[K‘[01m[KisKeyPressed[m[K’ was not declared in this scope; did you mean ‘[01m[KKeyPress[m[K’?
[4.213s]    55 |     if ([01;31m[KisKeyPressed[m[K(kc(XK_a))) msg1.angular.z = -70.0;
[4.214s]       |         [01;31m[K^~~~~~~~~~~~[m[K
[4.214s]       |         [32m[KKeyPress[m[K
[4.223s] [01m[K/home/bruithwirr/uni/ros2_ws/src/robot_game/src/KeyboardNode.cpp:56:9:[m[K [01;31m[Kerror: [m[K‘[01m[KisKeyPressed[m[K’ was not declared in this scope; did you mean ‘[01m[KKeyPress[m[K’?
[4.223s]    56 |     if ([01;31m[KisKeyPressed[m[K(kc(XK_d))) msg1.angular.z =  70.0;
[4.223s]       |         [01;31m[K^~~~~~~~~~~~[m[K
[4.223s]       |         [32m[KKeyPress[m[K
[4.233s] [01m[K/home/bruithwirr/uni/ros2_ws/src/robot_game/src/KeyboardNode.cpp:59:9:[m[K [01;31m[Kerror: [m[K‘[01m[KisKeyPressed[m[K’ was not declared in this scope; did you mean ‘[01m[KKeyPress[m[K’?
[4.233s]    59 |     if ([01;31m[KisKeyPressed[m[K(kc(XK_i))) msg2.linear.x  =  70.0;
[4.233s]       |         [01;31m[K^~~~~~~~~~~~[m[K
[4.233s]       |         [32m[KKeyPress[m[K
[4.243s] [01m[K/home/bruithwirr/uni/ros2_ws/src/robot_game/src/KeyboardNode.cpp:60:9:[m[K [01;31m[Kerror: [m[K‘[01m[KisKeyPressed[m[K’ was not declared in this scope; did you mean ‘[01m[KKeyPress[m[K’?
[4.243s]    60 |     if ([01;31m[KisKeyPressed[m[K(kc(XK_k))) msg2.linear.x  = -70.0;
[4.243s]       |         [01;31m[K^~~~~~~~~~~~[m[K
[4.243s]       |         [32m[KKeyPress[m[K
[4.252s] [01m[K/home/bruithwirr/uni/ros2_ws/src/robot_game/src/KeyboardNode.cpp:61:9:[m[K [01;31m[Kerror: [m[K‘[01m[KisKeyPressed[m[K’ was not declared in this scope; did you mean ‘[01m[KKeyPress[m[K’?
[4.252s]    61 |     if ([01;31m[KisKeyPressed[m[K(kc(XK_j))) msg2.angular.z = -70.0;
[4.252s]       |         [01;31m[K^~~~~~~~~~~~[m[K
[4.252s]       |         [32m[KKeyPress[m[K
[4.261s] [01m[K/home/bruithwirr/uni/ros2_ws/src/robot_game/src/KeyboardNode.cpp:62:9:[m[K [01;31m[Kerror: [m[K‘[01m[KisKeyPressed[m[K’ was not declared in this scope; did you mean ‘[01m[KKeyPress[m[K’?
[4.261s]    62 |     if ([01;31m[KisKeyPressed[m[K(kc(XK_l))) msg2.angular.z =  70.0;
[4.261s]       |         [01;31m[K^~~~~~~~~~~~[m[K
[4.261s]       |         [32m[KKeyPress[m[K
[4.270s] [01m[K/home/bruithwirr/uni/ros2_ws/src/robot_game/src/KeyboardNode.cpp:65:9:[m[K [01;31m[Kerror: [m[K‘[01m[KisKeyPressed[m[K’ was not declared in this scope; did you mean ‘[01m[KKeyPress[m[K’?
[4.271s]    65 |     if ([01;31m[KisKeyPressed[m[K(kc(XK_Escape))) {
[4.271s]       |         [01;31m[K^~~~~~~~~~~~[m[K
[4.271s]       |         [32m[KKeyPress[m[K
[5.240s] gmake[2]: *** [CMakeFiles/keyboard_node.dir/build.make:76: CMakeFiles/keyboard_node.dir/src/KeyboardNode.cpp.o] Error 1
[5.241s] gmake[1]: *** [CMakeFiles/Makefile2:141: CMakeFiles/keyboard_node.dir/all] Error 2
[5.241s] gmake: *** [Makefile:146: all] Error 2
[5.244s] Invoked command in '/home/bruithwirr/uni/ros2_ws/build/robot_game' returned '2': AMENT_PREFIX_PATH=/home/bruithwirr/uni/ros2_ws/install/robot_msgs:${AMENT_PREFIX_PATH} CMAKE_PREFIX_PATH=/home/bruithwirr/uni/ros2_ws/install/robot_msgs:/opt/ros/humble LD_LIBRARY_PATH=/home/bruithwirr/uni/ros2_ws/install/robot_msgs/lib:${LD_LIBRARY_PATH} PYTHONPATH=/home/bruithwirr/uni/ros2_ws/install/robot_msgs/local/lib/python3.10/dist-packages:${PYTHONPATH} /usr/bin/cmake --build /home/bruithwirr/uni/ros2_ws/build/robot_game -- -j12 -l12
