[0.009s] Invoking command in '/home/bruithwirr/uni/ros2_ws/build/robot_msgs': CMAKE_PREFIX_PATH=${CMAKE_PREFIX_PATH}:/opt/ros/humble /usr/bin/cmake --build /home/bruithwirr/uni/ros2_ws/build/robot_msgs -- -j12 -l12
[0.060s] [  9%] Built target robot_msgs__rs
[0.060s] [  9%] Built target robot_msgs__cpp
[0.060s] [ 15%] Built target robot_msgs__rosidl_generator_c
[0.071s] [ 15%] Built target ament_cmake_python_copy_robot_msgs
[0.083s] [ 34%] Built target robot_msgs__rosidl_typesupport_introspection_c
[0.083s] [ 34%] Built target robot_msgs__rosidl_typesupport_c
[0.083s] [ 43%] Built target robot_msgs__rosidl_typesupport_cpp
[0.084s] [ 53%] Built target robot_msgs__rosidl_typesupport_introspection_cpp
[0.084s] [ 62%] Built target robot_msgs__rosidl_typesupport_fastrtps_cpp
[0.085s] [ 71%] Built target robot_msgs__rosidl_typesupport_fastrtps_c
[0.105s] [ 71%] Built target robot_msgs
[0.127s] [ 75%] Built target robot_msgs__py
[0.150s] [ 81%] Built target robot_msgs__rosidl_generator_py
[0.174s] [100%] Built target robot_msgs__rosidl_typesupport_fastrtps_c__pyext
[0.174s] [100%] Built target robot_msgs__rosidl_typesupport_c__pyext
[0.174s] [100%] Built target robot_msgs__rosidl_typesupport_introspection_c__pyext
[0.279s] running egg_info
[0.280s] writing robot_msgs.egg-info/PKG-INFO
[0.280s] writing dependency_links to robot_msgs.egg-info/dependency_links.txt
[0.280s] writing top-level names to robot_msgs.egg-info/top_level.txt
[0.281s] reading manifest file 'robot_msgs.egg-info/SOURCES.txt'
[0.282s] writing manifest file 'robot_msgs.egg-info/SOURCES.txt'
[0.305s] [100%] Built target ament_cmake_python_build_robot_msgs_egg
[0.317s] Invoked command in '/home/bruithwirr/uni/ros2_ws/build/robot_msgs' returned '0': CMAKE_PREFIX_PATH=${CMAKE_PREFIX_PATH}:/opt/ros/humble /usr/bin/cmake --build /home/bruithwirr/uni/ros2_ws/build/robot_msgs -- -j12 -l12
[0.327s] Invoking command in '/home/bruithwirr/uni/ros2_ws/build/robot_msgs': CMAKE_PREFIX_PATH=${CMAKE_PREFIX_PATH}:/opt/ros/humble /usr/bin/cmake --install /home/bruithwirr/uni/ros2_ws/build/robot_msgs
[0.335s] -- Install configuration: ""
[0.335s] -- Up-to-date: /home/bruithwirr/uni/ros2_ws/install/robot_msgs/share/ament_index/resource_index/rosidl_interfaces/robot_msgs
[0.335s] -- Up-to-date: /home/bruithwirr/uni/ros2_ws/install/robot_msgs/include/robot_msgs/robot_msgs
[0.335s] -- Up-to-date: /home/bruithwirr/uni/ros2_ws/install/robot_msgs/include/robot_msgs/robot_msgs/msg
[0.335s] -- Up-to-date: /home/bruithwirr/uni/ros2_ws/install/robot_msgs/include/robot_msgs/robot_msgs/msg/detail
[0.336s] -- Up-to-date: /home/bruithwirr/uni/ros2_ws/install/robot_msgs/include/robot_msgs/robot_msgs/msg/detail/robot_state__type_support.h
[0.336s] -- Up-to-date: /home/bruithwirr/uni/ros2_ws/install/robot_msgs/include/robot_msgs/robot_msgs/msg/detail/robot_state__struct.h
[0.336s] -- Up-to-date: /home/bruithwirr/uni/ros2_ws/install/robot_msgs/include/robot_msgs/robot_msgs/msg/detail/robot_state__functions.h
[0.336s] -- Up-to-date: /home/bruithwirr/uni/ros2_ws/install/robot_msgs/include/robot_msgs/robot_msgs/msg/detail/robot_state__functions.c
[0.336s] -- Up-to-date: /home/bruithwirr/uni/ros2_ws/install/robot_msgs/include/robot_msgs/robot_msgs/msg/robot_state.h
[0.336s] -- Up-to-date: /home/bruithwirr/uni/ros2_ws/install/robot_msgs/include/robot_msgs/robot_msgs/msg/rosidl_generator_c__visibility_control.h
[0.336s] -- Up-to-date: /home/bruithwirr/uni/ros2_ws/install/robot_msgs/share/robot_msgs/environment/library_path.sh
[0.336s] -- Installing: /home/bruithwirr/uni/ros2_ws/install/robot_msgs/share/robot_msgs/environment/library_path.dsv
[0.336s] -- Up-to-date: /home/bruithwirr/uni/ros2_ws/install/robot_msgs/lib/librobot_msgs__rosidl_generator_c.so
[0.336s] -- Up-to-date: /home/bruithwirr/uni/ros2_ws/install/robot_msgs/include/robot_msgs/robot_msgs
[0.336s] -- Up-to-date: /home/bruithwirr/uni/ros2_ws/install/robot_msgs/include/robot_msgs/robot_msgs/msg
[0.336s] -- Up-to-date: /home/bruithwirr/uni/ros2_ws/install/robot_msgs/include/robot_msgs/robot_msgs/msg/detail
[0.336s] -- Up-to-date: /home/bruithwirr/uni/ros2_ws/install/robot_msgs/include/robot_msgs/robot_msgs/msg/detail/robot_state__rosidl_typesupport_fastrtps_c.h
[0.337s] -- Up-to-date: /home/bruithwirr/uni/ros2_ws/install/robot_msgs/include/robot_msgs/robot_msgs/msg/rosidl_typesupport_fastrtps_c__visibility_control.h
[0.337s] -- Up-to-date: /home/bruithwirr/uni/ros2_ws/install/robot_msgs/lib/librobot_msgs__rosidl_typesupport_fastrtps_c.so
[0.337s] -- Up-to-date: /home/bruithwirr/uni/ros2_ws/install/robot_msgs/include/robot_msgs/robot_msgs
[0.337s] -- Up-to-date: /home/bruithwirr/uni/ros2_ws/install/robot_msgs/include/robot_msgs/robot_msgs/msg
[0.337s] -- Up-to-date: /home/bruithwirr/uni/ros2_ws/install/robot_msgs/include/robot_msgs/robot_msgs/msg/detail
[0.337s] -- Up-to-date: /home/bruithwirr/uni/ros2_ws/install/robot_msgs/include/robot_msgs/robot_msgs/msg/detail/robot_state__rosidl_typesupport_introspection_c.h
[0.337s] -- Up-to-date: /home/bruithwirr/uni/ros2_ws/install/robot_msgs/include/robot_msgs/robot_msgs/msg/detail/robot_state__type_support.c
[0.337s] -- Up-to-date: /home/bruithwirr/uni/ros2_ws/install/robot_msgs/include/robot_msgs/robot_msgs/msg/rosidl_typesupport_introspection_c__visibility_control.h
[0.337s] -- Up-to-date: /home/bruithwirr/uni/ros2_ws/install/robot_msgs/lib/librobot_msgs__rosidl_typesupport_introspection_c.so
[0.338s] -- Up-to-date: /home/bruithwirr/uni/ros2_ws/install/robot_msgs/lib/librobot_msgs__rosidl_typesupport_c.so
[0.338s] -- Up-to-date: /home/bruithwirr/uni/ros2_ws/install/robot_msgs/include/robot_msgs/robot_msgs
[0.338s] -- Up-to-date: /home/bruithwirr/uni/ros2_ws/install/robot_msgs/include/robot_msgs/robot_msgs/msg
[0.338s] -- Up-to-date: /home/bruithwirr/uni/ros2_ws/install/robot_msgs/include/robot_msgs/robot_msgs/msg/detail
[0.338s] -- Up-to-date: /home/bruithwirr/uni/ros2_ws/install/robot_msgs/include/robot_msgs/robot_msgs/msg/detail/robot_state__builder.hpp
[0.338s] -- Up-to-date: /home/bruithwirr/uni/ros2_ws/install/robot_msgs/include/robot_msgs/robot_msgs/msg/detail/robot_state__traits.hpp
[0.338s] -- Up-to-date: /home/bruithwirr/uni/ros2_ws/install/robot_msgs/include/robot_msgs/robot_msgs/msg/detail/robot_state__type_support.hpp
[0.338s] -- Up-to-date: /home/bruithwirr/uni/ros2_ws/install/robot_msgs/include/robot_msgs/robot_msgs/msg/detail/robot_state__struct.hpp
[0.338s] -- Up-to-date: /home/bruithwirr/uni/ros2_ws/install/robot_msgs/include/robot_msgs/robot_msgs/msg/rosidl_generator_cpp__visibility_control.hpp
[0.338s] -- Up-to-date: /home/bruithwirr/uni/ros2_ws/install/robot_msgs/include/robot_msgs/robot_msgs/msg/robot_state.hpp
[0.338s] -- Up-to-date: /home/bruithwirr/uni/ros2_ws/install/robot_msgs/include/robot_msgs/robot_msgs
[0.338s] -- Up-to-date: /home/bruithwirr/uni/ros2_ws/install/robot_msgs/include/robot_msgs/robot_msgs/msg
[0.338s] -- Up-to-date: /home/bruithwirr/uni/ros2_ws/install/robot_msgs/include/robot_msgs/robot_msgs/msg/detail
[0.339s] -- Up-to-date: /home/bruithwirr/uni/ros2_ws/install/robot_msgs/include/robot_msgs/robot_msgs/msg/detail/robot_state__rosidl_typesupport_fastrtps_cpp.hpp
[0.339s] -- Up-to-date: /home/bruithwirr/uni/ros2_ws/install/robot_msgs/include/robot_msgs/robot_msgs/msg/detail/dds_fastrtps
[0.339s] -- Up-to-date: /home/bruithwirr/uni/ros2_ws/install/robot_msgs/include/robot_msgs/robot_msgs/msg/rosidl_typesupport_fastrtps_cpp__visibility_control.h
[0.339s] -- Up-to-date: /home/bruithwirr/uni/ros2_ws/install/robot_msgs/lib/librobot_msgs__rosidl_typesupport_fastrtps_cpp.so
[0.339s] -- Up-to-date: /home/bruithwirr/uni/ros2_ws/install/robot_msgs/include/robot_msgs/robot_msgs
[0.339s] -- Up-to-date: /home/bruithwirr/uni/ros2_ws/install/robot_msgs/include/robot_msgs/robot_msgs/msg
[0.339s] -- Up-to-date: /home/bruithwirr/uni/ros2_ws/install/robot_msgs/include/robot_msgs/robot_msgs/msg/detail
[0.339s] -- Up-to-date: /home/bruithwirr/uni/ros2_ws/install/robot_msgs/include/robot_msgs/robot_msgs/msg/detail/robot_state__type_support.cpp
[0.339s] -- Up-to-date: /home/bruithwirr/uni/ros2_ws/install/robot_msgs/include/robot_msgs/robot_msgs/msg/detail/robot_state__rosidl_typesupport_introspection_cpp.hpp
[0.339s] -- Up-to-date: /home/bruithwirr/uni/ros2_ws/install/robot_msgs/lib/librobot_msgs__rosidl_typesupport_introspection_cpp.so
[0.340s] -- Up-to-date: /home/bruithwirr/uni/ros2_ws/install/robot_msgs/lib/librobot_msgs__rosidl_typesupport_cpp.so
[0.340s] -- Up-to-date: /home/bruithwirr/uni/ros2_ws/install/robot_msgs/share/robot_msgs/environment/pythonpath.sh
[0.340s] -- Installing: /home/bruithwirr/uni/ros2_ws/install/robot_msgs/share/robot_msgs/environment/pythonpath.dsv
[0.340s] -- Up-to-date: /home/bruithwirr/uni/ros2_ws/install/robot_msgs/local/lib/python3.10/dist-packages/robot_msgs-0.0.0-py3.10.egg-info
[0.340s] -- Installing: /home/bruithwirr/uni/ros2_ws/install/robot_msgs/local/lib/python3.10/dist-packages/robot_msgs-0.0.0-py3.10.egg-info/top_level.txt
[0.340s] -- Installing: /home/bruithwirr/uni/ros2_ws/install/robot_msgs/local/lib/python3.10/dist-packages/robot_msgs-0.0.0-py3.10.egg-info/dependency_links.txt
[0.341s] -- Installing: /home/bruithwirr/uni/ros2_ws/install/robot_msgs/local/lib/python3.10/dist-packages/robot_msgs-0.0.0-py3.10.egg-info/SOURCES.txt
[0.341s] -- Installing: /home/bruithwirr/uni/ros2_ws/install/robot_msgs/local/lib/python3.10/dist-packages/robot_msgs-0.0.0-py3.10.egg-info/PKG-INFO
[0.341s] -- Up-to-date: /home/bruithwirr/uni/ros2_ws/install/robot_msgs/local/lib/python3.10/dist-packages/robot_msgs
[0.341s] -- Up-to-date: /home/bruithwirr/uni/ros2_ws/install/robot_msgs/local/lib/python3.10/dist-packages/robot_msgs/robot_msgs_s__rosidl_typesupport_fastrtps_c.cpython-310-x86_64-linux-gnu.so
[0.341s] -- Up-to-date: /home/bruithwirr/uni/ros2_ws/install/robot_msgs/local/lib/python3.10/dist-packages/robot_msgs/robot_msgs_s__rosidl_typesupport_introspection_c.cpython-310-x86_64-linux-gnu.so
[0.341s] -- Up-to-date: /home/bruithwirr/uni/ros2_ws/install/robot_msgs/local/lib/python3.10/dist-packages/robot_msgs/_robot_msgs_s.ep.rosidl_typesupport_c.c
[0.341s] -- Installing: /home/bruithwirr/uni/ros2_ws/install/robot_msgs/local/lib/python3.10/dist-packages/robot_msgs/__init__.py
[0.341s] -- Up-to-date: /home/bruithwirr/uni/ros2_ws/install/robot_msgs/local/lib/python3.10/dist-packages/robot_msgs/robot_msgs_s__rosidl_typesupport_c.cpython-310-x86_64-linux-gnu.so
[0.341s] -- Up-to-date: /home/bruithwirr/uni/ros2_ws/install/robot_msgs/local/lib/python3.10/dist-packages/robot_msgs/_robot_msgs_s.ep.rosidl_typesupport_introspection_c.c
[0.341s] -- Up-to-date: /home/bruithwirr/uni/ros2_ws/install/robot_msgs/local/lib/python3.10/dist-packages/robot_msgs/msg
[0.342s] -- Up-to-date: /home/bruithwirr/uni/ros2_ws/install/robot_msgs/local/lib/python3.10/dist-packages/robot_msgs/msg/_robot_state.py
[0.342s] -- Up-to-date: /home/bruithwirr/uni/ros2_ws/install/robot_msgs/local/lib/python3.10/dist-packages/robot_msgs/msg/_robot_state_s.c
[0.342s] -- Up-to-date: /home/bruithwirr/uni/ros2_ws/install/robot_msgs/local/lib/python3.10/dist-packages/robot_msgs/msg/__init__.py
[0.342s] -- Up-to-date: /home/bruithwirr/uni/ros2_ws/install/robot_msgs/local/lib/python3.10/dist-packages/robot_msgs/_robot_msgs_s.ep.rosidl_typesupport_fastrtps_c.c
[0.342s] -- Up-to-date: /home/bruithwirr/uni/ros2_ws/install/robot_msgs/local/lib/python3.10/dist-packages/robot_msgs/librobot_msgs__rosidl_generator_py.so
[0.370s] Listing '/home/bruithwirr/uni/ros2_ws/install/robot_msgs/local/lib/python3.10/dist-packages/robot_msgs'...
[0.370s] Compiling '/home/bruithwirr/uni/ros2_ws/install/robot_msgs/local/lib/python3.10/dist-packages/robot_msgs/__init__.py'...
[0.370s] Listing '/home/bruithwirr/uni/ros2_ws/install/robot_msgs/local/lib/python3.10/dist-packages/robot_msgs/msg'...
[0.373s] -- Up-to-date: /home/bruithwirr/uni/ros2_ws/install/robot_msgs/local/lib/python3.10/dist-packages/robot_msgs/robot_msgs_s__rosidl_typesupport_fastrtps_c.cpython-310-x86_64-linux-gnu.so
[0.373s] -- Up-to-date: /home/bruithwirr/uni/ros2_ws/install/robot_msgs/local/lib/python3.10/dist-packages/robot_msgs/robot_msgs_s__rosidl_typesupport_introspection_c.cpython-310-x86_64-linux-gnu.so
[0.374s] -- Up-to-date: /home/bruithwirr/uni/ros2_ws/install/robot_msgs/local/lib/python3.10/dist-packages/robot_msgs/robot_msgs_s__rosidl_typesupport_c.cpython-310-x86_64-linux-gnu.so
[0.374s] -- Up-to-date: /home/bruithwirr/uni/ros2_ws/install/robot_msgs/lib/librobot_msgs__rosidl_generator_py.so
[0.374s] -- Up-to-date: /home/bruithwirr/uni/ros2_ws/install/robot_msgs/share/ament_index/resource_index/rust_packages/robot_msgs
[0.374s] -- Up-to-date: /home/bruithwirr/uni/ros2_ws/install/robot_msgs/share/robot_msgs/rust
[0.375s] -- Up-to-date: /home/bruithwirr/uni/ros2_ws/install/robot_msgs/share/robot_msgs/rust/build.rs
[0.375s] -- Up-to-date: /home/bruithwirr/uni/ros2_ws/install/robot_msgs/share/robot_msgs/rust/Cargo.toml
[0.375s] -- Up-to-date: /home/bruithwirr/uni/ros2_ws/install/robot_msgs/share/robot_msgs/rust/src
[0.375s] -- Up-to-date: /home/bruithwirr/uni/ros2_ws/install/robot_msgs/share/robot_msgs/rust/src/lib.rs
[0.375s] -- Up-to-date: /home/bruithwirr/uni/ros2_ws/install/robot_msgs/share/robot_msgs/rust/src/msg.rs
[0.375s] -- Up-to-date: /home/bruithwirr/uni/ros2_ws/install/robot_msgs/share/robot_msgs/rust/src/msg
[0.375s] -- Up-to-date: /home/bruithwirr/uni/ros2_ws/install/robot_msgs/share/robot_msgs/rust/src/msg/rmw.rs
[0.375s] -- Up-to-date: /home/bruithwirr/uni/ros2_ws/install/robot_msgs/share/robot_msgs/msg/RobotState.idl
[0.375s] -- Installing: /home/bruithwirr/uni/ros2_ws/install/robot_msgs/share/robot_msgs/msg/RobotState.msg
[0.375s] -- Up-to-date: /home/bruithwirr/uni/ros2_ws/install/robot_msgs/share/ament_index/resource_index/package_run_dependencies/robot_msgs
[0.375s] -- Installing: /home/bruithwirr/uni/ros2_ws/install/robot_msgs/share/ament_index/resource_index/parent_prefix_path/robot_msgs
[0.375s] -- Up-to-date: /home/bruithwirr/uni/ros2_ws/install/robot_msgs/share/robot_msgs/environment/ament_prefix_path.sh
[0.375s] -- Installing: /home/bruithwirr/uni/ros2_ws/install/robot_msgs/share/robot_msgs/environment/ament_prefix_path.dsv
[0.376s] -- Up-to-date: /home/bruithwirr/uni/ros2_ws/install/robot_msgs/share/robot_msgs/environment/path.sh
[0.376s] -- Installing: /home/bruithwirr/uni/ros2_ws/install/robot_msgs/share/robot_msgs/environment/path.dsv
[0.376s] -- Up-to-date: /home/bruithwirr/uni/ros2_ws/install/robot_msgs/share/robot_msgs/local_setup.bash
[0.376s] -- Up-to-date: /home/bruithwirr/uni/ros2_ws/install/robot_msgs/share/robot_msgs/local_setup.sh
[0.376s] -- Up-to-date: /home/bruithwirr/uni/ros2_ws/install/robot_msgs/share/robot_msgs/local_setup.zsh
[0.376s] -- Installing: /home/bruithwirr/uni/ros2_ws/install/robot_msgs/share/robot_msgs/local_setup.dsv
[0.376s] -- Installing: /home/bruithwirr/uni/ros2_ws/install/robot_msgs/share/robot_msgs/package.dsv
[0.376s] -- Up-to-date: /home/bruithwirr/uni/ros2_ws/install/robot_msgs/share/ament_index/resource_index/packages/robot_msgs
[0.377s] -- Up-to-date: /home/bruithwirr/uni/ros2_ws/install/robot_msgs/share/robot_msgs/cmake/export_robot_msgs__rosidl_generator_cExport.cmake
[0.377s] -- Up-to-date: /home/bruithwirr/uni/ros2_ws/install/robot_msgs/share/robot_msgs/cmake/export_robot_msgs__rosidl_generator_cExport-noconfig.cmake
[0.377s] -- Up-to-date: /home/bruithwirr/uni/ros2_ws/install/robot_msgs/share/robot_msgs/cmake/export_robot_msgs__rosidl_typesupport_fastrtps_cExport.cmake
[0.377s] -- Up-to-date: /home/bruithwirr/uni/ros2_ws/install/robot_msgs/share/robot_msgs/cmake/export_robot_msgs__rosidl_typesupport_fastrtps_cExport-noconfig.cmake
[0.377s] -- Up-to-date: /home/bruithwirr/uni/ros2_ws/install/robot_msgs/share/robot_msgs/cmake/robot_msgs__rosidl_typesupport_introspection_cExport.cmake
[0.377s] -- Up-to-date: /home/bruithwirr/uni/ros2_ws/install/robot_msgs/share/robot_msgs/cmake/robot_msgs__rosidl_typesupport_introspection_cExport-noconfig.cmake
[0.377s] -- Up-to-date: /home/bruithwirr/uni/ros2_ws/install/robot_msgs/share/robot_msgs/cmake/robot_msgs__rosidl_typesupport_cExport.cmake
[0.377s] -- Up-to-date: /home/bruithwirr/uni/ros2_ws/install/robot_msgs/share/robot_msgs/cmake/robot_msgs__rosidl_typesupport_cExport-noconfig.cmake
[0.377s] -- Up-to-date: /home/bruithwirr/uni/ros2_ws/install/robot_msgs/share/robot_msgs/cmake/export_robot_msgs__rosidl_generator_cppExport.cmake
[0.377s] -- Up-to-date: /home/bruithwirr/uni/ros2_ws/install/robot_msgs/share/robot_msgs/cmake/export_robot_msgs__rosidl_typesupport_fastrtps_cppExport.cmake
[0.377s] -- Up-to-date: /home/bruithwirr/uni/ros2_ws/install/robot_msgs/share/robot_msgs/cmake/export_robot_msgs__rosidl_typesupport_fastrtps_cppExport-noconfig.cmake
[0.377s] -- Up-to-date: /home/bruithwirr/uni/ros2_ws/install/robot_msgs/share/robot_msgs/cmake/robot_msgs__rosidl_typesupport_introspection_cppExport.cmake
[0.378s] -- Up-to-date: /home/bruithwirr/uni/ros2_ws/install/robot_msgs/share/robot_msgs/cmake/robot_msgs__rosidl_typesupport_introspection_cppExport-noconfig.cmake
[0.378s] -- Up-to-date: /home/bruithwirr/uni/ros2_ws/install/robot_msgs/share/robot_msgs/cmake/robot_msgs__rosidl_typesupport_cppExport.cmake
[0.378s] -- Up-to-date: /home/bruithwirr/uni/ros2_ws/install/robot_msgs/share/robot_msgs/cmake/robot_msgs__rosidl_typesupport_cppExport-noconfig.cmake
[0.378s] -- Up-to-date: /home/bruithwirr/uni/ros2_ws/install/robot_msgs/share/robot_msgs/cmake/export_robot_msgs__rosidl_generator_pyExport.cmake
[0.378s] -- Up-to-date: /home/bruithwirr/uni/ros2_ws/install/robot_msgs/share/robot_msgs/cmake/export_robot_msgs__rosidl_generator_pyExport-noconfig.cmake
[0.378s] -- Up-to-date: /home/bruithwirr/uni/ros2_ws/install/robot_msgs/share/robot_msgs/cmake/rosidl_cmake-extras.cmake
[0.378s] -- Up-to-date: /home/bruithwirr/uni/ros2_ws/install/robot_msgs/share/robot_msgs/cmake/ament_cmake_export_include_directories-extras.cmake
[0.378s] -- Up-to-date: /home/bruithwirr/uni/ros2_ws/install/robot_msgs/share/robot_msgs/cmake/ament_cmake_export_libraries-extras.cmake
[0.378s] -- Up-to-date: /home/bruithwirr/uni/ros2_ws/install/robot_msgs/share/robot_msgs/cmake/ament_cmake_export_targets-extras.cmake
[0.378s] -- Up-to-date: /home/bruithwirr/uni/ros2_ws/install/robot_msgs/share/robot_msgs/cmake/rosidl_cmake_export_typesupport_targets-extras.cmake
[0.378s] -- Up-to-date: /home/bruithwirr/uni/ros2_ws/install/robot_msgs/share/robot_msgs/cmake/ament_cmake_export_dependencies-extras.cmake
[0.378s] -- Up-to-date: /home/bruithwirr/uni/ros2_ws/install/robot_msgs/share/robot_msgs/cmake/rosidl_cmake_export_typesupport_libraries-extras.cmake
[0.378s] -- Up-to-date: /home/bruithwirr/uni/ros2_ws/install/robot_msgs/share/robot_msgs/cmake/robot_msgsConfig.cmake
[0.378s] -- Up-to-date: /home/bruithwirr/uni/ros2_ws/install/robot_msgs/share/robot_msgs/cmake/robot_msgsConfig-version.cmake
[0.378s] -- Installing: /home/bruithwirr/uni/ros2_ws/install/robot_msgs/share/robot_msgs/package.xml
[0.381s] Invoked command in '/home/bruithwirr/uni/ros2_ws/build/robot_msgs' returned '0': CMAKE_PREFIX_PATH=${CMAKE_PREFIX_PATH}:/opt/ros/humble /usr/bin/cmake --install /home/bruithwirr/uni/ros2_ws/build/robot_msgs
