[0.010s] Invoking command in '/home/bruithwirr/uni/ros2_ws/build/robot_game': AMENT_PREFIX_PATH=/home/bruithwirr/uni/ros2_ws/install/robot_msgs:${AMENT_PREFIX_PATH} CMAKE_PREFIX_PATH=/home/bruithwirr/uni/ros2_ws/install/robot_msgs:/opt/ros/humble LD_LIBRARY_PATH=/home/bruithwirr/uni/ros2_ws/install/robot_msgs/lib:${LD_LIBRARY_PATH} PYTHONPATH=/home/bruithwirr/uni/ros2_ws/install/robot_msgs/local/lib/python3.10/dist-packages:${PYTHONPATH} /usr/bin/cmake --build /home/bruithwirr/uni/ros2_ws/build/robot_game -- -j12 -l12
[0.057s] [35m[1mConsolidate compiler generated dependencies of target robot_node[0m
[0.071s] [ 25%] Built target keyboard_node
[0.085s] [ 37%] [32mBuilding CXX object CMakeFiles/robot_node.dir/home/bruithwirr/uni/ros2_ws/src/robot_old/src/Robot.cpp.o[0m
[1.145s] In file included from [01m[K/home/bruithwirr/uni/ros2_ws/src/robot_old/src/Robot.cpp:1[m[K:
[1.145s] [01m[K/home/bruithwirr/uni/ros2_ws/src/robot_game/../robot_old/include/robot/Robot.h:25:84:[m[K [01;35m[Kwarning: [m[Kmissing initializer for member ‘[01m[Kgeometry::RobotState::velocity[m[K’ [[01;35m[K]8;;https://gcc.gnu.org/onlinedocs/gcc/Warning-Options.html#index-Wmissing-field-initializers-Wmissing-field-initializers]8;;[m[K]
[1.145s]    25 |         geometry::RobotState initial_state = geometry::RobotState{200.0, 200.0, 0.0[01;35m[K}[m[K,
[1.145s]       |                                                                                    [01;35m[K^[m[K
[1.558s] [ 50%] [32m[1mLinking CXX executable robot_node[0m
[2.276s] [100%] Built target robot_node
[2.288s] Invoked command in '/home/bruithwirr/uni/ros2_ws/build/robot_game' returned '0': AMENT_PREFIX_PATH=/home/bruithwirr/uni/ros2_ws/install/robot_msgs:${AMENT_PREFIX_PATH} CMAKE_PREFIX_PATH=/home/bruithwirr/uni/ros2_ws/install/robot_msgs:/opt/ros/humble LD_LIBRARY_PATH=/home/bruithwirr/uni/ros2_ws/install/robot_msgs/lib:${LD_LIBRARY_PATH} PYTHONPATH=/home/bruithwirr/uni/ros2_ws/install/robot_msgs/local/lib/python3.10/dist-packages:${PYTHONPATH} /usr/bin/cmake --build /home/bruithwirr/uni/ros2_ws/build/robot_game -- -j12 -l12
[2.289s] Invoking command in '/home/bruithwirr/uni/ros2_ws/build/robot_game': AMENT_PREFIX_PATH=/home/bruithwirr/uni/ros2_ws/install/robot_msgs:${AMENT_PREFIX_PATH} CMAKE_PREFIX_PATH=/home/bruithwirr/uni/ros2_ws/install/robot_msgs:/opt/ros/humble LD_LIBRARY_PATH=/home/bruithwirr/uni/ros2_ws/install/robot_msgs/lib:${LD_LIBRARY_PATH} PYTHONPATH=/home/bruithwirr/uni/ros2_ws/install/robot_msgs/local/lib/python3.10/dist-packages:${PYTHONPATH} /usr/bin/cmake --install /home/bruithwirr/uni/ros2_ws/build/robot_game
[2.298s] -- Install configuration: ""
[2.298s] -- Up-to-date: /home/bruithwirr/uni/ros2_ws/install/robot_game/lib/robot_game/keyboard_node
[2.299s] -- Installing: /home/bruithwirr/uni/ros2_ws/install/robot_game/lib/robot_game/robot_node
[2.305s] -- Set runtime path of "/home/bruithwirr/uni/ros2_ws/install/robot_game/lib/robot_game/robot_node" to ""
[2.305s] -- Up-to-date: /home/bruithwirr/uni/ros2_ws/install/robot_game/share/ament_index/resource_index/package_run_dependencies/robot_game
[2.305s] -- Up-to-date: /home/bruithwirr/uni/ros2_ws/install/robot_game/share/ament_index/resource_index/parent_prefix_path/robot_game
[2.305s] -- Up-to-date: /home/bruithwirr/uni/ros2_ws/install/robot_game/share/robot_game/environment/ament_prefix_path.sh
[2.306s] -- Up-to-date: /home/bruithwirr/uni/ros2_ws/install/robot_game/share/robot_game/environment/ament_prefix_path.dsv
[2.306s] -- Up-to-date: /home/bruithwirr/uni/ros2_ws/install/robot_game/share/robot_game/environment/path.sh
[2.306s] -- Up-to-date: /home/bruithwirr/uni/ros2_ws/install/robot_game/share/robot_game/environment/path.dsv
[2.306s] -- Up-to-date: /home/bruithwirr/uni/ros2_ws/install/robot_game/share/robot_game/local_setup.bash
[2.306s] -- Up-to-date: /home/bruithwirr/uni/ros2_ws/install/robot_game/share/robot_game/local_setup.sh
[2.306s] -- Up-to-date: /home/bruithwirr/uni/ros2_ws/install/robot_game/share/robot_game/local_setup.zsh
[2.306s] -- Up-to-date: /home/bruithwirr/uni/ros2_ws/install/robot_game/share/robot_game/local_setup.dsv
[2.306s] -- Installing: /home/bruithwirr/uni/ros2_ws/install/robot_game/share/robot_game/package.dsv
[2.306s] -- Up-to-date: /home/bruithwirr/uni/ros2_ws/install/robot_game/share/ament_index/resource_index/packages/robot_game
[2.306s] -- Up-to-date: /home/bruithwirr/uni/ros2_ws/install/robot_game/share/robot_game/cmake/robot_gameConfig.cmake
[2.306s] -- Up-to-date: /home/bruithwirr/uni/ros2_ws/install/robot_game/share/robot_game/cmake/robot_gameConfig-version.cmake
[2.306s] -- Up-to-date: /home/bruithwirr/uni/ros2_ws/install/robot_game/share/robot_game/package.xml
[2.309s] Invoked command in '/home/bruithwirr/uni/ros2_ws/build/robot_game' returned '0': AMENT_PREFIX_PATH=/home/bruithwirr/uni/ros2_ws/install/robot_msgs:${AMENT_PREFIX_PATH} CMAKE_PREFIX_PATH=/home/bruithwirr/uni/ros2_ws/install/robot_msgs:/opt/ros/humble LD_LIBRARY_PATH=/home/bruithwirr/uni/ros2_ws/install/robot_msgs/lib:${LD_LIBRARY_PATH} PYTHONPATH=/home/bruithwirr/uni/ros2_ws/install/robot_msgs/local/lib/python3.10/dist-packages:${PYTHONPATH} /usr/bin/cmake --install /home/bruithwirr/uni/ros2_ws/build/robot_game
