[0.012s] Invoking command in '/home/bruithwirr/uni/ros2_ws/build/robot_msgs': CMAKE_PREFIX_PATH=/opt/ros/humble /usr/bin/cmake --build /home/bruithwirr/uni/ros2_ws/build/robot_msgs -- -j12 -l12
[0.036s] -- Found ament_cmake: 1.3.14 (/opt/ros/humble/share/ament_cmake/cmake)
[0.145s] -- Found rosidl_default_generators: 1.2.1 (/opt/ros/humble/share/rosidl_default_generators/cmake)
[0.146s] -- Using all available rosidl_typesupport_c: rosidl_typesupport_fastrtps_c;rosidl_typesupport_introspection_c
[0.149s] -- Found rosidl_adapter: 3.1.8 (/opt/ros/humble/share/rosidl_adapter/cmake)
[0.173s] -- Using all available rosidl_typesupport_cpp: rosidl_typesupport_fastrtps_cpp;rosidl_typesupport_introspection_cpp
[0.396s] -- Found ament_cmake_ros: 0.10.0 (/opt/ros/humble/share/ament_cmake_ros/cmake)
[0.543s] -- Using all available rosidl_typesupport_c: rosidl_typesupport_fastrtps_c;rosidl_typesupport_introspection_c
[0.738s] -- Using all available rosidl_typesupport_cpp: rosidl_typesupport_fastrtps_cpp;rosidl_typesupport_introspection_cpp
[0.756s] -- Found python_cmake_module: 0.10.0 (/opt/ros/humble/share/python_cmake_module/cmake)
[0.774s] -- Using PYTHON_EXECUTABLE: /usr/bin/python3
[0.774s] -- Using PYTHON_INCLUDE_DIRS: /usr/include/python3.10
[0.774s] -- Using PYTHON_LIBRARIES: /usr/lib/x86_64-linux-gnu/libpython3.10.so
[0.834s] -- Found ament_lint_auto: 0.12.15 (/opt/ros/humble/share/ament_lint_auto/cmake)
[0.843s] -- Added test 'lint_cmake' to check CMake code style
[0.844s] -- Added test 'xmllint' to check XML markup files
[0.846s] -- Configuring done
[0.877s] -- Generating done
[0.887s] -- Build files have been written to: /home/bruithwirr/uni/ros2_ws/build/robot_msgs
[0.913s] [35m[1mConsolidate compiler generated dependencies of target robot_msgs__rosidl_generator_c[0m
[0.925s] [ 12%] Built target robot_msgs__cpp
[0.925s] [ 12%] Built target robot_msgs__rs
[0.925s] [ 15%] Built target robot_msgs__rosidl_generator_c
[0.940s] [ 15%] Built target ament_cmake_python_copy_robot_msgs
[0.940s] [35m[1mConsolidate compiler generated dependencies of target robot_msgs__rosidl_typesupport_c[0m
[0.940s] [35m[1mConsolidate compiler generated dependencies of target robot_msgs__rosidl_typesupport_cpp[0m
[0.940s] [35m[1mConsolidate compiler generated dependencies of target robot_msgs__rosidl_typesupport_introspection_c[0m
[0.941s] [35m[1mConsolidate compiler generated dependencies of target robot_msgs__rosidl_typesupport_fastrtps_cpp[0m
[0.941s] [35m[1mConsolidate compiler generated dependencies of target robot_msgs__rosidl_typesupport_fastrtps_c[0m
[0.941s] [35m[1mConsolidate compiler generated dependencies of target robot_msgs__rosidl_typesupport_introspection_cpp[0m
[0.955s] [ 25%] Built target robot_msgs__rosidl_typesupport_c
[0.956s] [ 40%] Built target robot_msgs__rosidl_typesupport_introspection_c
[0.956s] [ 43%] Built target robot_msgs__rosidl_typesupport_cpp
[0.957s] [ 53%] Built target robot_msgs__rosidl_typesupport_fastrtps_cpp
[0.957s] [ 62%] Built target robot_msgs__rosidl_typesupport_fastrtps_c
[0.959s] [ 71%] Built target robot_msgs__rosidl_typesupport_introspection_cpp
[0.978s] [ 71%] Built target robot_msgs
[0.998s] [ 75%] Built target robot_msgs__py
[1.008s] [35m[1mConsolidate compiler generated dependencies of target robot_msgs__rosidl_generator_py[0m
[1.024s] [ 81%] Built target robot_msgs__rosidl_generator_py
[1.036s] [35m[1mConsolidate compiler generated dependencies of target robot_msgs__rosidl_typesupport_introspection_c__pyext[0m
[1.037s] [35m[1mConsolidate compiler generated dependencies of target robot_msgs__rosidl_typesupport_c__pyext[0m
[1.037s] [35m[1mConsolidate compiler generated dependencies of target robot_msgs__rosidl_typesupport_fastrtps_c__pyext[0m
[1.052s] [100%] Built target robot_msgs__rosidl_typesupport_fastrtps_c__pyext
[1.052s] [100%] Built target robot_msgs__rosidl_typesupport_c__pyext
[1.052s] [100%] Built target robot_msgs__rosidl_typesupport_introspection_c__pyext
[1.153s] running egg_info
[1.154s] writing robot_msgs.egg-info/PKG-INFO
[1.154s] writing dependency_links to robot_msgs.egg-info/dependency_links.txt
[1.154s] writing top-level names to robot_msgs.egg-info/top_level.txt
[1.155s] reading manifest file 'robot_msgs.egg-info/SOURCES.txt'
[1.156s] writing manifest file 'robot_msgs.egg-info/SOURCES.txt'
[1.178s] [100%] Built target ament_cmake_python_build_robot_msgs_egg
[1.190s] Invoked command in '/home/bruithwirr/uni/ros2_ws/build/robot_msgs' returned '0': CMAKE_PREFIX_PATH=/opt/ros/humble /usr/bin/cmake --build /home/bruithwirr/uni/ros2_ws/build/robot_msgs -- -j12 -l12
[1.191s] Invoking command in '/home/bruithwirr/uni/ros2_ws/build/robot_msgs': CMAKE_PREFIX_PATH=/opt/ros/humble /usr/bin/cmake --install /home/bruithwirr/uni/ros2_ws/build/robot_msgs
[1.198s] -- Install configuration: ""
[1.198s] -- Up-to-date: /home/bruithwirr/uni/ros2_ws/install/robot_msgs/share/ament_index/resource_index/rosidl_interfaces/robot_msgs
[1.198s] -- Up-to-date: /home/bruithwirr/uni/ros2_ws/install/robot_msgs/include/robot_msgs/robot_msgs
[1.198s] -- Up-to-date: /home/bruithwirr/uni/ros2_ws/install/robot_msgs/include/robot_msgs/robot_msgs/msg
[1.199s] -- Up-to-date: /home/bruithwirr/uni/ros2_ws/install/robot_msgs/include/robot_msgs/robot_msgs/msg/detail
[1.199s] -- Up-to-date: /home/bruithwirr/uni/ros2_ws/install/robot_msgs/include/robot_msgs/robot_msgs/msg/detail/robot_state__type_support.h
[1.199s] -- Up-to-date: /home/bruithwirr/uni/ros2_ws/install/robot_msgs/include/robot_msgs/robot_msgs/msg/detail/robot_state__struct.h
[1.199s] -- Up-to-date: /home/bruithwirr/uni/ros2_ws/install/robot_msgs/include/robot_msgs/robot_msgs/msg/detail/robot_state__functions.h
[1.199s] -- Up-to-date: /home/bruithwirr/uni/ros2_ws/install/robot_msgs/include/robot_msgs/robot_msgs/msg/detail/robot_state__functions.c
[1.199s] -- Up-to-date: /home/bruithwirr/uni/ros2_ws/install/robot_msgs/include/robot_msgs/robot_msgs/msg/robot_state.h
[1.199s] -- Up-to-date: /home/bruithwirr/uni/ros2_ws/install/robot_msgs/include/robot_msgs/robot_msgs/msg/rosidl_generator_c__visibility_control.h
[1.199s] -- Up-to-date: /home/bruithwirr/uni/ros2_ws/install/robot_msgs/share/robot_msgs/environment/library_path.sh
[1.199s] -- Installing: /home/bruithwirr/uni/ros2_ws/install/robot_msgs/share/robot_msgs/environment/library_path.dsv
[1.199s] -- Up-to-date: /home/bruithwirr/uni/ros2_ws/install/robot_msgs/lib/librobot_msgs__rosidl_generator_c.so
[1.199s] -- Up-to-date: /home/bruithwirr/uni/ros2_ws/install/robot_msgs/include/robot_msgs/robot_msgs
[1.199s] -- Up-to-date: /home/bruithwirr/uni/ros2_ws/install/robot_msgs/include/robot_msgs/robot_msgs/msg
[1.200s] -- Up-to-date: /home/bruithwirr/uni/ros2_ws/install/robot_msgs/include/robot_msgs/robot_msgs/msg/detail
[1.200s] -- Up-to-date: /home/bruithwirr/uni/ros2_ws/install/robot_msgs/include/robot_msgs/robot_msgs/msg/detail/robot_state__rosidl_typesupport_fastrtps_c.h
[1.200s] -- Up-to-date: /home/bruithwirr/uni/ros2_ws/install/robot_msgs/include/robot_msgs/robot_msgs/msg/rosidl_typesupport_fastrtps_c__visibility_control.h
[1.200s] -- Up-to-date: /home/bruithwirr/uni/ros2_ws/install/robot_msgs/lib/librobot_msgs__rosidl_typesupport_fastrtps_c.so
[1.200s] -- Up-to-date: /home/bruithwirr/uni/ros2_ws/install/robot_msgs/include/robot_msgs/robot_msgs
[1.200s] -- Up-to-date: /home/bruithwirr/uni/ros2_ws/install/robot_msgs/include/robot_msgs/robot_msgs/msg
[1.200s] -- Up-to-date: /home/bruithwirr/uni/ros2_ws/install/robot_msgs/include/robot_msgs/robot_msgs/msg/detail
[1.200s] -- Up-to-date: /home/bruithwirr/uni/ros2_ws/install/robot_msgs/include/robot_msgs/robot_msgs/msg/detail/robot_state__rosidl_typesupport_introspection_c.h
[1.200s] -- Up-to-date: /home/bruithwirr/uni/ros2_ws/install/robot_msgs/include/robot_msgs/robot_msgs/msg/detail/robot_state__type_support.c
[1.200s] -- Up-to-date: /home/bruithwirr/uni/ros2_ws/install/robot_msgs/include/robot_msgs/robot_msgs/msg/rosidl_typesupport_introspection_c__visibility_control.h
[1.200s] -- Up-to-date: /home/bruithwirr/uni/ros2_ws/install/robot_msgs/lib/librobot_msgs__rosidl_typesupport_introspection_c.so
[1.201s] -- Up-to-date: /home/bruithwirr/uni/ros2_ws/install/robot_msgs/lib/librobot_msgs__rosidl_typesupport_c.so
[1.201s] -- Up-to-date: /home/bruithwirr/uni/ros2_ws/install/robot_msgs/include/robot_msgs/robot_msgs
[1.201s] -- Up-to-date: /home/bruithwirr/uni/ros2_ws/install/robot_msgs/include/robot_msgs/robot_msgs/msg
[1.201s] -- Up-to-date: /home/bruithwirr/uni/ros2_ws/install/robot_msgs/include/robot_msgs/robot_msgs/msg/detail
[1.201s] -- Up-to-date: /home/bruithwirr/uni/ros2_ws/install/robot_msgs/include/robot_msgs/robot_msgs/msg/detail/robot_state__builder.hpp
[1.201s] -- Up-to-date: /home/bruithwirr/uni/ros2_ws/install/robot_msgs/include/robot_msgs/robot_msgs/msg/detail/robot_state__traits.hpp
[1.201s] -- Up-to-date: /home/bruithwirr/uni/ros2_ws/install/robot_msgs/include/robot_msgs/robot_msgs/msg/detail/robot_state__type_support.hpp
[1.201s] -- Up-to-date: /home/bruithwirr/uni/ros2_ws/install/robot_msgs/include/robot_msgs/robot_msgs/msg/detail/robot_state__struct.hpp
[1.201s] -- Up-to-date: /home/bruithwirr/uni/ros2_ws/install/robot_msgs/include/robot_msgs/robot_msgs/msg/rosidl_generator_cpp__visibility_control.hpp
[1.202s] -- Up-to-date: /home/bruithwirr/uni/ros2_ws/install/robot_msgs/include/robot_msgs/robot_msgs/msg/robot_state.hpp
[1.202s] -- Up-to-date: /home/bruithwirr/uni/ros2_ws/install/robot_msgs/include/robot_msgs/robot_msgs
[1.202s] -- Up-to-date: /home/bruithwirr/uni/ros2_ws/install/robot_msgs/include/robot_msgs/robot_msgs/msg
[1.202s] -- Up-to-date: /home/bruithwirr/uni/ros2_ws/install/robot_msgs/include/robot_msgs/robot_msgs/msg/detail
[1.202s] -- Up-to-date: /home/bruithwirr/uni/ros2_ws/install/robot_msgs/include/robot_msgs/robot_msgs/msg/detail/robot_state__rosidl_typesupport_fastrtps_cpp.hpp
[1.202s] -- Up-to-date: /home/bruithwirr/uni/ros2_ws/install/robot_msgs/include/robot_msgs/robot_msgs/msg/detail/dds_fastrtps
[1.202s] -- Up-to-date: /home/bruithwirr/uni/ros2_ws/install/robot_msgs/include/robot_msgs/robot_msgs/msg/rosidl_typesupport_fastrtps_cpp__visibility_control.h
[1.202s] -- Up-to-date: /home/bruithwirr/uni/ros2_ws/install/robot_msgs/lib/librobot_msgs__rosidl_typesupport_fastrtps_cpp.so
[1.202s] -- Up-to-date: /home/bruithwirr/uni/ros2_ws/install/robot_msgs/include/robot_msgs/robot_msgs
[1.202s] -- Up-to-date: /home/bruithwirr/uni/ros2_ws/install/robot_msgs/include/robot_msgs/robot_msgs/msg
[1.202s] -- Up-to-date: /home/bruithwirr/uni/ros2_ws/install/robot_msgs/include/robot_msgs/robot_msgs/msg/detail
[1.202s] -- Up-to-date: /home/bruithwirr/uni/ros2_ws/install/robot_msgs/include/robot_msgs/robot_msgs/msg/detail/robot_state__type_support.cpp
[1.202s] -- Up-to-date: /home/bruithwirr/uni/ros2_ws/install/robot_msgs/include/robot_msgs/robot_msgs/msg/detail/robot_state__rosidl_typesupport_introspection_cpp.hpp
[1.202s] -- Up-to-date: /home/bruithwirr/uni/ros2_ws/install/robot_msgs/lib/librobot_msgs__rosidl_typesupport_introspection_cpp.so
[1.203s] -- Up-to-date: /home/bruithwirr/uni/ros2_ws/install/robot_msgs/lib/librobot_msgs__rosidl_typesupport_cpp.so
[1.203s] -- Up-to-date: /home/bruithwirr/uni/ros2_ws/install/robot_msgs/share/robot_msgs/environment/pythonpath.sh
[1.203s] -- Installing: /home/bruithwirr/uni/ros2_ws/install/robot_msgs/share/robot_msgs/environment/pythonpath.dsv
[1.203s] -- Up-to-date: /home/bruithwirr/uni/ros2_ws/install/robot_msgs/local/lib/python3.10/dist-packages/robot_msgs-0.0.0-py3.10.egg-info
[1.203s] -- Installing: /home/bruithwirr/uni/ros2_ws/install/robot_msgs/local/lib/python3.10/dist-packages/robot_msgs-0.0.0-py3.10.egg-info/top_level.txt
[1.203s] -- Installing: /home/bruithwirr/uni/ros2_ws/install/robot_msgs/local/lib/python3.10/dist-packages/robot_msgs-0.0.0-py3.10.egg-info/dependency_links.txt
[1.204s] -- Installing: /home/bruithwirr/uni/ros2_ws/install/robot_msgs/local/lib/python3.10/dist-packages/robot_msgs-0.0.0-py3.10.egg-info/SOURCES.txt
[1.204s] -- Installing: /home/bruithwirr/uni/ros2_ws/install/robot_msgs/local/lib/python3.10/dist-packages/robot_msgs-0.0.0-py3.10.egg-info/PKG-INFO
[1.204s] -- Up-to-date: /home/bruithwirr/uni/ros2_ws/install/robot_msgs/local/lib/python3.10/dist-packages/robot_msgs
[1.204s] -- Up-to-date: /home/bruithwirr/uni/ros2_ws/install/robot_msgs/local/lib/python3.10/dist-packages/robot_msgs/robot_msgs_s__rosidl_typesupport_fastrtps_c.cpython-310-x86_64-linux-gnu.so
[1.204s] -- Up-to-date: /home/bruithwirr/uni/ros2_ws/install/robot_msgs/local/lib/python3.10/dist-packages/robot_msgs/robot_msgs_s__rosidl_typesupport_introspection_c.cpython-310-x86_64-linux-gnu.so
[1.204s] -- Up-to-date: /home/bruithwirr/uni/ros2_ws/install/robot_msgs/local/lib/python3.10/dist-packages/robot_msgs/_robot_msgs_s.ep.rosidl_typesupport_c.c
[1.204s] -- Installing: /home/bruithwirr/uni/ros2_ws/install/robot_msgs/local/lib/python3.10/dist-packages/robot_msgs/__init__.py
[1.204s] -- Up-to-date: /home/bruithwirr/uni/ros2_ws/install/robot_msgs/local/lib/python3.10/dist-packages/robot_msgs/robot_msgs_s__rosidl_typesupport_c.cpython-310-x86_64-linux-gnu.so
[1.204s] -- Up-to-date: /home/bruithwirr/uni/ros2_ws/install/robot_msgs/local/lib/python3.10/dist-packages/robot_msgs/_robot_msgs_s.ep.rosidl_typesupport_introspection_c.c
[1.205s] -- Up-to-date: /home/bruithwirr/uni/ros2_ws/install/robot_msgs/local/lib/python3.10/dist-packages/robot_msgs/msg
[1.205s] -- Up-to-date: /home/bruithwirr/uni/ros2_ws/install/robot_msgs/local/lib/python3.10/dist-packages/robot_msgs/msg/_robot_state.py
[1.205s] -- Up-to-date: /home/bruithwirr/uni/ros2_ws/install/robot_msgs/local/lib/python3.10/dist-packages/robot_msgs/msg/_robot_state_s.c
[1.205s] -- Up-to-date: /home/bruithwirr/uni/ros2_ws/install/robot_msgs/local/lib/python3.10/dist-packages/robot_msgs/msg/__init__.py
[1.205s] -- Up-to-date: /home/bruithwirr/uni/ros2_ws/install/robot_msgs/local/lib/python3.10/dist-packages/robot_msgs/_robot_msgs_s.ep.rosidl_typesupport_fastrtps_c.c
[1.205s] -- Up-to-date: /home/bruithwirr/uni/ros2_ws/install/robot_msgs/local/lib/python3.10/dist-packages/robot_msgs/librobot_msgs__rosidl_generator_py.so
[1.232s] Listing '/home/bruithwirr/uni/ros2_ws/install/robot_msgs/local/lib/python3.10/dist-packages/robot_msgs'...
[1.232s] Compiling '/home/bruithwirr/uni/ros2_ws/install/robot_msgs/local/lib/python3.10/dist-packages/robot_msgs/__init__.py'...
[1.232s] Listing '/home/bruithwirr/uni/ros2_ws/install/robot_msgs/local/lib/python3.10/dist-packages/robot_msgs/msg'...
[1.236s] -- Up-to-date: /home/bruithwirr/uni/ros2_ws/install/robot_msgs/local/lib/python3.10/dist-packages/robot_msgs/robot_msgs_s__rosidl_typesupport_fastrtps_c.cpython-310-x86_64-linux-gnu.so
[1.237s] -- Up-to-date: /home/bruithwirr/uni/ros2_ws/install/robot_msgs/local/lib/python3.10/dist-packages/robot_msgs/robot_msgs_s__rosidl_typesupport_introspection_c.cpython-310-x86_64-linux-gnu.so
[1.237s] -- Up-to-date: /home/bruithwirr/uni/ros2_ws/install/robot_msgs/local/lib/python3.10/dist-packages/robot_msgs/robot_msgs_s__rosidl_typesupport_c.cpython-310-x86_64-linux-gnu.so
[1.237s] -- Up-to-date: /home/bruithwirr/uni/ros2_ws/install/robot_msgs/lib/librobot_msgs__rosidl_generator_py.so
[1.237s] -- Up-to-date: /home/bruithwirr/uni/ros2_ws/install/robot_msgs/share/ament_index/resource_index/rust_packages/robot_msgs
[1.238s] -- Up-to-date: /home/bruithwirr/uni/ros2_ws/install/robot_msgs/share/robot_msgs/rust
[1.238s] -- Up-to-date: /home/bruithwirr/uni/ros2_ws/install/robot_msgs/share/robot_msgs/rust/build.rs
[1.238s] -- Up-to-date: /home/bruithwirr/uni/ros2_ws/install/robot_msgs/share/robot_msgs/rust/Cargo.toml
[1.238s] -- Up-to-date: /home/bruithwirr/uni/ros2_ws/install/robot_msgs/share/robot_msgs/rust/src
[1.238s] -- Up-to-date: /home/bruithwirr/uni/ros2_ws/install/robot_msgs/share/robot_msgs/rust/src/lib.rs
[1.238s] -- Up-to-date: /home/bruithwirr/uni/ros2_ws/install/robot_msgs/share/robot_msgs/rust/src/msg.rs
[1.238s] -- Up-to-date: /home/bruithwirr/uni/ros2_ws/install/robot_msgs/share/robot_msgs/rust/src/msg
[1.238s] -- Up-to-date: /home/bruithwirr/uni/ros2_ws/install/robot_msgs/share/robot_msgs/rust/src/msg/rmw.rs
[1.238s] -- Up-to-date: /home/bruithwirr/uni/ros2_ws/install/robot_msgs/share/robot_msgs/msg/RobotState.idl
[1.238s] -- Installing: /home/bruithwirr/uni/ros2_ws/install/robot_msgs/share/robot_msgs/msg/RobotState.msg
[1.238s] -- Up-to-date: /home/bruithwirr/uni/ros2_ws/install/robot_msgs/share/ament_index/resource_index/package_run_dependencies/robot_msgs
[1.238s] -- Up-to-date: /home/bruithwirr/uni/ros2_ws/install/robot_msgs/share/ament_index/resource_index/parent_prefix_path/robot_msgs
[1.238s] -- Up-to-date: /home/bruithwirr/uni/ros2_ws/install/robot_msgs/share/robot_msgs/environment/ament_prefix_path.sh
[1.238s] -- Installing: /home/bruithwirr/uni/ros2_ws/install/robot_msgs/share/robot_msgs/environment/ament_prefix_path.dsv
[1.239s] -- Up-to-date: /home/bruithwirr/uni/ros2_ws/install/robot_msgs/share/robot_msgs/environment/path.sh
[1.239s] -- Installing: /home/bruithwirr/uni/ros2_ws/install/robot_msgs/share/robot_msgs/environment/path.dsv
[1.239s] -- Up-to-date: /home/bruithwirr/uni/ros2_ws/install/robot_msgs/share/robot_msgs/local_setup.bash
[1.239s] -- Up-to-date: /home/bruithwirr/uni/ros2_ws/install/robot_msgs/share/robot_msgs/local_setup.sh
[1.239s] -- Up-to-date: /home/bruithwirr/uni/ros2_ws/install/robot_msgs/share/robot_msgs/local_setup.zsh
[1.239s] -- Installing: /home/bruithwirr/uni/ros2_ws/install/robot_msgs/share/robot_msgs/local_setup.dsv
[1.239s] -- Installing: /home/bruithwirr/uni/ros2_ws/install/robot_msgs/share/robot_msgs/package.dsv
[1.239s] -- Up-to-date: /home/bruithwirr/uni/ros2_ws/install/robot_msgs/share/ament_index/resource_index/packages/robot_msgs
[1.240s] -- Up-to-date: /home/bruithwirr/uni/ros2_ws/install/robot_msgs/share/robot_msgs/cmake/export_robot_msgs__rosidl_generator_cExport.cmake
[1.240s] -- Up-to-date: /home/bruithwirr/uni/ros2_ws/install/robot_msgs/share/robot_msgs/cmake/export_robot_msgs__rosidl_generator_cExport-noconfig.cmake
[1.240s] -- Up-to-date: /home/bruithwirr/uni/ros2_ws/install/robot_msgs/share/robot_msgs/cmake/export_robot_msgs__rosidl_typesupport_fastrtps_cExport.cmake
[1.240s] -- Up-to-date: /home/bruithwirr/uni/ros2_ws/install/robot_msgs/share/robot_msgs/cmake/export_robot_msgs__rosidl_typesupport_fastrtps_cExport-noconfig.cmake
[1.240s] -- Up-to-date: /home/bruithwirr/uni/ros2_ws/install/robot_msgs/share/robot_msgs/cmake/robot_msgs__rosidl_typesupport_introspection_cExport.cmake
[1.240s] -- Up-to-date: /home/bruithwirr/uni/ros2_ws/install/robot_msgs/share/robot_msgs/cmake/robot_msgs__rosidl_typesupport_introspection_cExport-noconfig.cmake
[1.240s] -- Up-to-date: /home/bruithwirr/uni/ros2_ws/install/robot_msgs/share/robot_msgs/cmake/robot_msgs__rosidl_typesupport_cExport.cmake
[1.241s] -- Up-to-date: /home/bruithwirr/uni/ros2_ws/install/robot_msgs/share/robot_msgs/cmake/robot_msgs__rosidl_typesupport_cExport-noconfig.cmake
[1.241s] -- Up-to-date: /home/bruithwirr/uni/ros2_ws/install/robot_msgs/share/robot_msgs/cmake/export_robot_msgs__rosidl_generator_cppExport.cmake
[1.241s] -- Up-to-date: /home/bruithwirr/uni/ros2_ws/install/robot_msgs/share/robot_msgs/cmake/export_robot_msgs__rosidl_typesupport_fastrtps_cppExport.cmake
[1.241s] -- Up-to-date: /home/bruithwirr/uni/ros2_ws/install/robot_msgs/share/robot_msgs/cmake/export_robot_msgs__rosidl_typesupport_fastrtps_cppExport-noconfig.cmake
[1.241s] -- Up-to-date: /home/bruithwirr/uni/ros2_ws/install/robot_msgs/share/robot_msgs/cmake/robot_msgs__rosidl_typesupport_introspection_cppExport.cmake
[1.241s] -- Up-to-date: /home/bruithwirr/uni/ros2_ws/install/robot_msgs/share/robot_msgs/cmake/robot_msgs__rosidl_typesupport_introspection_cppExport-noconfig.cmake
[1.241s] -- Up-to-date: /home/bruithwirr/uni/ros2_ws/install/robot_msgs/share/robot_msgs/cmake/robot_msgs__rosidl_typesupport_cppExport.cmake
[1.241s] -- Up-to-date: /home/bruithwirr/uni/ros2_ws/install/robot_msgs/share/robot_msgs/cmake/robot_msgs__rosidl_typesupport_cppExport-noconfig.cmake
[1.242s] -- Up-to-date: /home/bruithwirr/uni/ros2_ws/install/robot_msgs/share/robot_msgs/cmake/export_robot_msgs__rosidl_generator_pyExport.cmake
[1.242s] -- Up-to-date: /home/bruithwirr/uni/ros2_ws/install/robot_msgs/share/robot_msgs/cmake/export_robot_msgs__rosidl_generator_pyExport-noconfig.cmake
[1.242s] -- Up-to-date: /home/bruithwirr/uni/ros2_ws/install/robot_msgs/share/robot_msgs/cmake/rosidl_cmake-extras.cmake
[1.242s] -- Up-to-date: /home/bruithwirr/uni/ros2_ws/install/robot_msgs/share/robot_msgs/cmake/ament_cmake_export_include_directories-extras.cmake
[1.242s] -- Up-to-date: /home/bruithwirr/uni/ros2_ws/install/robot_msgs/share/robot_msgs/cmake/ament_cmake_export_libraries-extras.cmake
[1.242s] -- Up-to-date: /home/bruithwirr/uni/ros2_ws/install/robot_msgs/share/robot_msgs/cmake/ament_cmake_export_targets-extras.cmake
[1.242s] -- Up-to-date: /home/bruithwirr/uni/ros2_ws/install/robot_msgs/share/robot_msgs/cmake/rosidl_cmake_export_typesupport_targets-extras.cmake
[1.242s] -- Up-to-date: /home/bruithwirr/uni/ros2_ws/install/robot_msgs/share/robot_msgs/cmake/ament_cmake_export_dependencies-extras.cmake
[1.242s] -- Up-to-date: /home/bruithwirr/uni/ros2_ws/install/robot_msgs/share/robot_msgs/cmake/rosidl_cmake_export_typesupport_libraries-extras.cmake
[1.242s] -- Up-to-date: /home/bruithwirr/uni/ros2_ws/install/robot_msgs/share/robot_msgs/cmake/robot_msgsConfig.cmake
[1.242s] -- Up-to-date: /home/bruithwirr/uni/ros2_ws/install/robot_msgs/share/robot_msgs/cmake/robot_msgsConfig-version.cmake
[1.242s] -- Installing: /home/bruithwirr/uni/ros2_ws/install/robot_msgs/share/robot_msgs/package.xml
[1.245s] Invoked command in '/home/bruithwirr/uni/ros2_ws/build/robot_msgs' returned '0': CMAKE_PREFIX_PATH=/opt/ros/humble /usr/bin/cmake --install /home/bruithwirr/uni/ros2_ws/build/robot_msgs
