-- Found ament_cmake: 1.3.14 (/opt/ros/humble/share/ament_cmake/cmake)
-- Found rclcpp: 16.0.19 (/opt/ros/humble/share/rclcpp/cmake)
-- Found rosidl_generator_c: 3.1.8 (/opt/ros/humble/share/rosidl_generator_c/cmake)
-- Found rosidl_adapter: 3.1.8 (/opt/ros/humble/share/rosidl_adapter/cmake)
-- Found rosidl_generator_cpp: 3.1.8 (/opt/ros/humble/share/rosidl_generator_cpp/cmake)
-- Using all available rosidl_typesupport_c: rosidl_typesupport_fastrtps_c;rosidl_typesupport_introspection_c
-- Using all available rosidl_typesupport_cpp: rosidl_typesupport_fastrtps_cpp;rosidl_typesupport_introspection_cpp
-- Found rmw_implementation_cmake: 6.1.2 (/opt/ros/humble/share/rmw_implementation_cmake/cmake)
-- Found rmw_fastrtps_cpp: 6.2.10 (/opt/ros/humble/share/rmw_fastrtps_cpp/cmake)
-- Using RMW implementation 'rmw_fastrtps_cpp' as default
-- Found robot_msgs: 0.0.0 (/home/bruithwirr/uni/ros2_ws/install/robot_msgs/share/robot_msgs/cmake)
-- Found geometry_msgs: 4.9.1 (/opt/ros/humble/share/geometry_msgs/cmake)
-- Found visualization_msgs: 4.9.1 (/opt/ros/humble/share/visualization_msgs/cmake)
-- Configuring done
-- Generating done
-- Build files have been written to: /home/bruithwirr/uni/ros2_ws/build/robot_game
[35m[1mConsolidate compiler generated dependencies of target keyboard_node[0m
[35m[1mConsolidate compiler generated dependencies of target robot_node[0m
[ 12%] [32mBuilding CXX object CMakeFiles/keyboard_node.dir/src/KeyboardNode.cpp.o[0m
[ 50%] [32mBuilding CXX object CMakeFiles/robot_node.dir/src/RobotNode.cpp.o[0m
[ 50%] [32mBuilding CXX object CMakeFiles/robot_node.dir/home/bruithwirr/uni/ros2_ws/src/robot_old/src/Environment.cpp.o[0m
[ 50%] [32mBuilding CXX object CMakeFiles/robot_node.dir/home/bruithwirr/uni/ros2_ws/src/robot_old/src/Robot.cpp.o[0m
[ 75%] [32mBuilding CXX object CMakeFiles/robot_node.dir/home/bruithwirr/uni/ros2_ws/src/robot_old/src/Lidar.cpp.o[0m
[ 75%] [32mBuilding CXX object CMakeFiles/robot_node.dir/home/bruithwirr/uni/ros2_ws/src/robot_old/src/Canvas.cpp.o[0m
In file included from [01m[K/home/bruithwirr/uni/ros2_ws/src/robot_old/src/Canvas.cpp:1[m[K:
[01m[K/home/bruithwirr/uni/ros2_ws/src/robot_game/../robot_old/include/environment/Canvas.h:3:10:[m[K [01;31m[Kfatal error: [m[Kopencv2/opencv.hpp: No such file or directory
    3 | #include [01;31m[K<opencv2/opencv.hpp>[m[K
      |          [01;31m[K^~~~~~~~~~~~~~~~~~~~[m[K
compilation terminated.
gmake[2]: *** [CMakeFiles/robot_node.dir/build.make:132: CMakeFiles/robot_node.dir/home/bruithwirr/uni/ros2_ws/src/robot_old/src/Canvas.cpp.o] Error 1
gmake[2]: *** Waiting for unfinished jobs....
In file included from [01m[K/home/bruithwirr/uni/ros2_ws/src/robot_old/src/Environment.cpp:1[m[K:
[01m[K/home/bruithwirr/uni/ros2_ws/src/robot_game/../robot_old/include/environment/Environment.h:4:10:[m[K [01;31m[Kfatal error: [m[Kopencv2/opencv.hpp: No such file or directory
    4 | #include [01;31m[K<opencv2/opencv.hpp>[m[K
      |          [01;31m[K^~~~~~~~~~~~~~~~~~~~[m[K
compilation terminated.
gmake[2]: *** [CMakeFiles/robot_node.dir/build.make:104: CMakeFiles/robot_node.dir/home/bruithwirr/uni/ros2_ws/src/robot_old/src/Environment.cpp.o] Error 1
In file included from [01m[K/home/bruithwirr/uni/ros2_ws/src/robot_game/../robot_old/include/environment/Lidar.h:6[m[K,
                 from [01m[K/home/bruithwirr/uni/ros2_ws/src/robot_old/src/Lidar.cpp:1[m[K:
[01m[K/home/bruithwirr/uni/ros2_ws/src/robot_game/../robot_old/include/environment/Environment.h:4:10:[m[K [01;31m[Kfatal error: [m[Kopencv2/opencv.hpp: No such file or directory
    4 | #include [01;31m[K<opencv2/opencv.hpp>[m[K
      |          [01;31m[K^~~~~~~~~~~~~~~~~~~~[m[K
compilation terminated.
gmake[2]: *** [CMakeFiles/robot_node.dir/build.make:118: CMakeFiles/robot_node.dir/home/bruithwirr/uni/ros2_ws/src/robot_old/src/Lidar.cpp.o] Error 1
In file included from [01m[K/home/bruithwirr/uni/ros2_ws/src/robot_game/../robot_old/include/robot/Robot.h:7[m[K,
                 from [01m[K/home/bruithwirr/uni/ros2_ws/src/robot_old/src/Robot.cpp:1[m[K:
[01m[K/home/bruithwirr/uni/ros2_ws/src/robot_game/../robot_old/include/environment/Environment.h:4:10:[m[K [01;31m[Kfatal error: [m[Kopencv2/opencv.hpp: No such file or directory
    4 | #include [01;31m[K<opencv2/opencv.hpp>[m[K
      |          [01;31m[K^~~~~~~~~~~~~~~~~~~~[m[K
compilation terminated.
gmake[2]: *** [CMakeFiles/robot_node.dir/build.make:90: CMakeFiles/robot_node.dir/home/bruithwirr/uni/ros2_ws/src/robot_old/src/Robot.cpp.o] Error 1
In file included from [01m[K/home/bruithwirr/uni/ros2_ws/src/robot_game/include/RobotNode.h:6[m[K,
                 from [01m[K/home/bruithwirr/uni/ros2_ws/src/robot_game/src/RobotNode.cpp:1[m[K:
[01m[K/home/bruithwirr/uni/ros2_ws/src/robot_game/../robot_old/include/environment/Environment.h:4:10:[m[K [01;31m[Kfatal error: [m[Kopencv2/opencv.hpp: No such file or directory
    4 | #include [01;31m[K<opencv2/opencv.hpp>[m[K
      |          [01;31m[K^~~~~~~~~~~~~~~~~~~~[m[K
compilation terminated.
gmake[2]: *** [CMakeFiles/robot_node.dir/build.make:76: CMakeFiles/robot_node.dir/src/RobotNode.cpp.o] Error 1
gmake[1]: *** [CMakeFiles/Makefile2:165: CMakeFiles/robot_node.dir/all] Error 2
gmake[1]: *** Waiting for unfinished jobs....
[01m[K/home/bruithwirr/uni/ros2_ws/src/robot_game/src/KeyboardNode.cpp:[m[K In constructor ‘[01m[KKeyboardNode::KeyboardNode()[m[K’:
[01m[K/home/bruithwirr/uni/ros2_ws/src/robot_game/src/KeyboardNode.cpp:7:5:[m[K [01;31m[Kerror: [m[K‘[01m[Krobot0_control_[m[K’ was not declared in this scope; did you mean ‘[01m[Krobot1_control_[m[K’?
    7 |     [01;31m[Krobot0_control_[m[K = this->create_publisher<geometry_msgs::msg::Twist>(
      |     [01;31m[K^~~~~~~~~~~~~~~[m[K
      |     [32m[Krobot1_control_[m[K
gmake[2]: *** [CMakeFiles/keyboard_node.dir/build.make:76: CMakeFiles/keyboard_node.dir/src/KeyboardNode.cpp.o] Error 1
gmake[1]: *** [CMakeFiles/Makefile2:139: CMakeFiles/keyboard_node.dir/all] Error 2
gmake: *** [Makefile:146: all] Error 2
