[0.018s] Invoking command in '/home/bruithwirr/uni/ros2_ws/build/robot_game': CMAKE_PREFIX_PATH=${CMAKE_PREFIX_PATH}:/opt/ros/humble /usr/bin/cmake --build /home/bruithwirr/uni/ros2_ws/build/robot_game -- -j12 -l12
[0.045s] -- Found ament_cmake: 1.3.14 (/opt/ros/humble/share/ament_cmake/cmake)
[0.170s] -- Found rclcpp: 16.0.19 (/opt/ros/humble/share/rclcpp/cmake)
[0.195s] -- Found rosidl_generator_c: 3.1.8 (/opt/ros/humble/share/rosidl_generator_c/cmake)
[0.198s] -- Found rosidl_adapter: 3.1.8 (/opt/ros/humble/share/rosidl_adapter/cmake)
[0.204s] -- Found rosidl_generator_cpp: 3.1.8 (/opt/ros/humble/share/rosidl_generator_cpp/cmake)
[0.212s] -- Using all available rosidl_typesupport_c: rosidl_typesupport_fastrtps_c;rosidl_typesupport_introspection_c
[0.222s] -- Using all available rosidl_typesupport_cpp: rosidl_typesupport_fastrtps_cpp;rosidl_typesupport_introspection_cpp
[0.249s] -- Found rmw_implementation_cmake: 6.1.2 (/opt/ros/humble/share/rmw_implementation_cmake/cmake)
[0.250s] -- Found rmw_fastrtps_cpp: 6.2.10 (/opt/ros/humble/share/rmw_fastrtps_cpp/cmake)
[0.346s] -- Using RMW implementation 'rmw_fastrtps_cpp' as default
[0.387s] -- Found robot_msgs: 0.0.0 (/home/bruithwirr/uni/ros2_ws/install/robot_msgs/share/robot_msgs/cmake)
[0.393s] -- Found geometry_msgs: 4.9.1 (/opt/ros/humble/share/geometry_msgs/cmake)
[0.404s] -- Found visualization_msgs: 4.9.1 (/opt/ros/humble/share/visualization_msgs/cmake)
[0.495s] -- Configuring done
[0.509s] -- Generating done
[0.515s] -- Build files have been written to: /home/bruithwirr/uni/ros2_ws/build/robot_game
[0.544s] [35m[1mConsolidate compiler generated dependencies of target keyboard_node[0m
[0.545s] [35m[1mConsolidate compiler generated dependencies of target robot_node[0m
[0.566s] [ 12%] [32mBuilding CXX object CMakeFiles/keyboard_node.dir/src/KeyboardNode.cpp.o[0m
[0.572s] [ 50%] [32mBuilding CXX object CMakeFiles/robot_node.dir/src/RobotNode.cpp.o[0m
[0.573s] [ 50%] [32mBuilding CXX object CMakeFiles/robot_node.dir/home/bruithwirr/uni/ros2_ws/src/robot_old/src/Environment.cpp.o[0m
[0.573s] [ 50%] [32mBuilding CXX object CMakeFiles/robot_node.dir/home/bruithwirr/uni/ros2_ws/src/robot_old/src/Robot.cpp.o[0m
[0.573s] [ 75%] [32mBuilding CXX object CMakeFiles/robot_node.dir/home/bruithwirr/uni/ros2_ws/src/robot_old/src/Lidar.cpp.o[0m
[0.573s] [ 75%] [32mBuilding CXX object CMakeFiles/robot_node.dir/home/bruithwirr/uni/ros2_ws/src/robot_old/src/Canvas.cpp.o[0m
[0.655s] In file included from [01m[K/home/bruithwirr/uni/ros2_ws/src/robot_old/src/Canvas.cpp:1[m[K:
[0.656s] [01m[K/home/bruithwirr/uni/ros2_ws/src/robot_game/../robot_old/include/environment/Canvas.h:3:10:[m[K [01;31m[Kfatal error: [m[Kopencv2/opencv.hpp: No such file or directory
[0.656s]     3 | #include [01;31m[K<opencv2/opencv.hpp>[m[K
[0.656s]       |          [01;31m[K^~~~~~~~~~~~~~~~~~~~[m[K
[0.656s] compilation terminated.
[0.658s] gmake[2]: *** [CMakeFiles/robot_node.dir/build.make:132: CMakeFiles/robot_node.dir/home/bruithwirr/uni/ros2_ws/src/robot_old/src/Canvas.cpp.o] Error 1
[0.658s] gmake[2]: *** Waiting for unfinished jobs....
[0.662s] In file included from [01m[K/home/bruithwirr/uni/ros2_ws/src/robot_old/src/Environment.cpp:1[m[K:
[0.662s] [01m[K/home/bruithwirr/uni/ros2_ws/src/robot_game/../robot_old/include/environment/Environment.h:4:10:[m[K [01;31m[Kfatal error: [m[Kopencv2/opencv.hpp: No such file or directory
[0.662s]     4 | #include [01;31m[K<opencv2/opencv.hpp>[m[K
[0.662s]       |          [01;31m[K^~~~~~~~~~~~~~~~~~~~[m[K
[0.663s] compilation terminated.
[0.664s] gmake[2]: *** [CMakeFiles/robot_node.dir/build.make:104: CMakeFiles/robot_node.dir/home/bruithwirr/uni/ros2_ws/src/robot_old/src/Environment.cpp.o] Error 1
[0.681s] In file included from [01m[K/home/bruithwirr/uni/ros2_ws/src/robot_game/../robot_old/include/environment/Lidar.h:6[m[K,
[0.681s]                  from [01m[K/home/bruithwirr/uni/ros2_ws/src/robot_old/src/Lidar.cpp:1[m[K:
[0.681s] [01m[K/home/bruithwirr/uni/ros2_ws/src/robot_game/../robot_old/include/environment/Environment.h:4:10:[m[K [01;31m[Kfatal error: [m[Kopencv2/opencv.hpp: No such file or directory
[0.681s]     4 | #include [01;31m[K<opencv2/opencv.hpp>[m[K
[0.681s]       |          [01;31m[K^~~~~~~~~~~~~~~~~~~~[m[K
[0.682s] compilation terminated.
[0.683s] gmake[2]: *** [CMakeFiles/robot_node.dir/build.make:118: CMakeFiles/robot_node.dir/home/bruithwirr/uni/ros2_ws/src/robot_old/src/Lidar.cpp.o] Error 1
[0.698s] In file included from [01m[K/home/bruithwirr/uni/ros2_ws/src/robot_game/../robot_old/include/robot/Robot.h:7[m[K,
[0.698s]                  from [01m[K/home/bruithwirr/uni/ros2_ws/src/robot_old/src/Robot.cpp:1[m[K:
[0.698s] [01m[K/home/bruithwirr/uni/ros2_ws/src/robot_game/../robot_old/include/environment/Environment.h:4:10:[m[K [01;31m[Kfatal error: [m[Kopencv2/opencv.hpp: No such file or directory
[0.698s]     4 | #include [01;31m[K<opencv2/opencv.hpp>[m[K
[0.698s]       |          [01;31m[K^~~~~~~~~~~~~~~~~~~~[m[K
[0.698s] compilation terminated.
[0.699s] gmake[2]: *** [CMakeFiles/robot_node.dir/build.make:90: CMakeFiles/robot_node.dir/home/bruithwirr/uni/ros2_ws/src/robot_old/src/Robot.cpp.o] Error 1
[0.851s] In file included from [01m[K/home/bruithwirr/uni/ros2_ws/src/robot_game/include/RobotNode.h:6[m[K,
[0.851s]                  from [01m[K/home/bruithwirr/uni/ros2_ws/src/robot_game/src/RobotNode.cpp:1[m[K:
[0.851s] [01m[K/home/bruithwirr/uni/ros2_ws/src/robot_game/../robot_old/include/environment/Environment.h:4:10:[m[K [01;31m[Kfatal error: [m[Kopencv2/opencv.hpp: No such file or directory
[0.851s]     4 | #include [01;31m[K<opencv2/opencv.hpp>[m[K
[0.851s]       |          [01;31m[K^~~~~~~~~~~~~~~~~~~~[m[K
[0.851s] compilation terminated.
[0.860s] gmake[2]: *** [CMakeFiles/robot_node.dir/build.make:76: CMakeFiles/robot_node.dir/src/RobotNode.cpp.o] Error 1
[0.861s] gmake[1]: *** [CMakeFiles/Makefile2:165: CMakeFiles/robot_node.dir/all] Error 2
[0.861s] gmake[1]: *** Waiting for unfinished jobs....
[2.605s] [01m[K/home/bruithwirr/uni/ros2_ws/src/robot_game/src/KeyboardNode.cpp:[m[K In constructor ‘[01m[KKeyboardNode::KeyboardNode()[m[K’:
[2.605s] [01m[K/home/bruithwirr/uni/ros2_ws/src/robot_game/src/KeyboardNode.cpp:7:5:[m[K [01;31m[Kerror: [m[K‘[01m[Krobot0_control_[m[K’ was not declared in this scope; did you mean ‘[01m[Krobot1_control_[m[K’?
[2.605s]     7 |     [01;31m[Krobot0_control_[m[K = this->create_publisher<geometry_msgs::msg::Twist>(
[2.605s]       |     [01;31m[K^~~~~~~~~~~~~~~[m[K
[2.605s]       |     [32m[Krobot1_control_[m[K
[3.295s] gmake[2]: *** [CMakeFiles/keyboard_node.dir/build.make:76: CMakeFiles/keyboard_node.dir/src/KeyboardNode.cpp.o] Error 1
[3.295s] gmake[1]: *** [CMakeFiles/Makefile2:139: CMakeFiles/keyboard_node.dir/all] Error 2
[3.296s] gmake: *** [Makefile:146: all] Error 2
[3.298s] Invoked command in '/home/bruithwirr/uni/ros2_ws/build/robot_game' returned '2': CMAKE_PREFIX_PATH=${CMAKE_PREFIX_PATH}:/opt/ros/humble /usr/bin/cmake --build /home/bruithwirr/uni/ros2_ws/build/robot_game -- -j12 -l12
