[0.010s] Invoking command in '/home/bruithwirr/uni/ros2_ws/build/robot_game': CMAKE_PREFIX_PATH=/home/bruithwirr/uni/ros2_ws/install/robot_msgs:/home/bruithwirr/uni/ros2_ws/install/robot_old:/home/bruithwirr/uni/ros2_ws/install/robot_game:/opt/ros/humble /usr/bin/cmake --build /home/bruithwirr/uni/ros2_ws/build/robot_game -- -j12 -l12
[0.056s] [35m[1mConsolidate compiler generated dependencies of target bot_node[0m
[0.056s] [35m[1mConsolidate compiler generated dependencies of target robot_node[0m
[0.070s] [ 12%] Built target keyboard_node
[0.071s] [ 37%] Built target game_node
[0.076s] [ 43%] [32mBuilding CXX object CMakeFiles/bot_node.dir/src/BotNode.cpp.o[0m
[0.084s] [ 50%] [32mBuilding CXX object CMakeFiles/robot_node.dir/src/RobotNode.cpp.o[0m
[2.802s] In file included from [01m[K/home/bruithwirr/uni/ros2_ws/src/robot_game/include/RobotNode.h:9[m[K,
[2.803s]                  from [01m[K/home/bruithwirr/uni/ros2_ws/src/robot_game/src/RobotNode.cpp:1[m[K:
[2.803s] [01m[K/home/bruithwirr/uni/ros2_ws/src/robot_game/../robot_old/include/robot/Robot.h:25:84:[m[K [01;35m[Kwarning: [m[Kmissing initializer for member ‘[01m[Kgeometry::RobotState::velocity[m[K’ [[01;35m[K]8;;https://gcc.gnu.org/onlinedocs/gcc/Warning-Options.html#index-Wmissing-field-initializers-Wmissing-field-initializers]8;;[m[K]
[2.803s]    25 |         geometry::RobotState initial_state = geometry::RobotState{200.0, 200.0, 0.0[01;35m[K}[m[K,
[2.803s]       |                                                                                    [01;35m[K^[m[K
[9.765s] [ 56%] [32m[1mLinking CXX executable robot_node[0m
[9.999s] [ 62%] [32m[1mLinking CXX executable bot_node[0m
[10.538s] [ 68%] Built target bot_node
[10.608s] [100%] Built target robot_node
[10.619s] Invoked command in '/home/bruithwirr/uni/ros2_ws/build/robot_game' returned '0': CMAKE_PREFIX_PATH=/home/bruithwirr/uni/ros2_ws/install/robot_msgs:/home/bruithwirr/uni/ros2_ws/install/robot_old:/home/bruithwirr/uni/ros2_ws/install/robot_game:/opt/ros/humble /usr/bin/cmake --build /home/bruithwirr/uni/ros2_ws/build/robot_game -- -j12 -l12
[10.621s] Invoking command in '/home/bruithwirr/uni/ros2_ws/build/robot_game': CMAKE_PREFIX_PATH=/home/bruithwirr/uni/ros2_ws/install/robot_msgs:/home/bruithwirr/uni/ros2_ws/install/robot_old:/home/bruithwirr/uni/ros2_ws/install/robot_game:/opt/ros/humble /usr/bin/cmake --install /home/bruithwirr/uni/ros2_ws/build/robot_game
[10.628s] -- Install configuration: ""
[10.628s] -- Up-to-date: /home/bruithwirr/uni/ros2_ws/install/robot_game/lib/robot_game/keyboard_node
[10.629s] -- Installing: /home/bruithwirr/uni/ros2_ws/install/robot_game/lib/robot_game/robot_node
[10.635s] -- Set runtime path of "/home/bruithwirr/uni/ros2_ws/install/robot_game/lib/robot_game/robot_node" to ""
[10.635s] -- Up-to-date: /home/bruithwirr/uni/ros2_ws/install/robot_game/lib/robot_game/game_node
[10.636s] -- Installing: /home/bruithwirr/uni/ros2_ws/install/robot_game/lib/robot_game/bot_node
[10.644s] -- Set runtime path of "/home/bruithwirr/uni/ros2_ws/install/robot_game/lib/robot_game/bot_node" to ""
[10.644s] -- Up-to-date: /home/bruithwirr/uni/ros2_ws/install/robot_game/share/robot_game/launch
[10.644s] -- Installing: /home/bruithwirr/uni/ros2_ws/install/robot_game/share/robot_game/launch/game.launch.py
[10.644s] -- Up-to-date: /home/bruithwirr/uni/ros2_ws/install/robot_game/share/robot_game/rviz
[10.645s] -- Installing: /home/bruithwirr/uni/ros2_ws/install/robot_game/share/robot_game/rviz/rviz_config.rviz
[10.645s] -- Up-to-date: /home/bruithwirr/uni/ros2_ws/install/robot_game/share/robot_game/config
[10.645s] -- Installing: /home/bruithwirr/uni/ros2_ws/install/robot_game/share/robot_game/config/game_config.yaml
[10.645s] -- Up-to-date: /home/bruithwirr/uni/ros2_ws/install/robot_game/share/ament_index/resource_index/package_run_dependencies/robot_game
[10.645s] -- Up-to-date: /home/bruithwirr/uni/ros2_ws/install/robot_game/share/ament_index/resource_index/parent_prefix_path/robot_game
[10.645s] -- Up-to-date: /home/bruithwirr/uni/ros2_ws/install/robot_game/share/robot_game/environment/ament_prefix_path.sh
[10.645s] -- Up-to-date: /home/bruithwirr/uni/ros2_ws/install/robot_game/share/robot_game/environment/ament_prefix_path.dsv
[10.645s] -- Up-to-date: /home/bruithwirr/uni/ros2_ws/install/robot_game/share/robot_game/environment/path.sh
[10.645s] -- Up-to-date: /home/bruithwirr/uni/ros2_ws/install/robot_game/share/robot_game/environment/path.dsv
[10.645s] -- Up-to-date: /home/bruithwirr/uni/ros2_ws/install/robot_game/share/robot_game/local_setup.bash
[10.645s] -- Up-to-date: /home/bruithwirr/uni/ros2_ws/install/robot_game/share/robot_game/local_setup.sh
[10.646s] -- Up-to-date: /home/bruithwirr/uni/ros2_ws/install/robot_game/share/robot_game/local_setup.zsh
[10.646s] -- Up-to-date: /home/bruithwirr/uni/ros2_ws/install/robot_game/share/robot_game/local_setup.dsv
[10.646s] -- Installing: /home/bruithwirr/uni/ros2_ws/install/robot_game/share/robot_game/package.dsv
[10.646s] -- Up-to-date: /home/bruithwirr/uni/ros2_ws/install/robot_game/share/ament_index/resource_index/packages/robot_game
[10.646s] -- Up-to-date: /home/bruithwirr/uni/ros2_ws/install/robot_game/share/robot_game/cmake/robot_gameConfig.cmake
[10.646s] -- Up-to-date: /home/bruithwirr/uni/ros2_ws/install/robot_game/share/robot_game/cmake/robot_gameConfig-version.cmake
[10.646s] -- Installing: /home/bruithwirr/uni/ros2_ws/install/robot_game/share/robot_game/package.xml
[10.648s] Invoked command in '/home/bruithwirr/uni/ros2_ws/build/robot_game' returned '0': CMAKE_PREFIX_PATH=/home/bruithwirr/uni/ros2_ws/install/robot_msgs:/home/bruithwirr/uni/ros2_ws/install/robot_old:/home/bruithwirr/uni/ros2_ws/install/robot_game:/opt/ros/humble /usr/bin/cmake --install /home/bruithwirr/uni/ros2_ws/build/robot_game
