[0.266s] DEBUG:colcon:Command line arguments: ['/usr/bin/colcon', 'build']
[0.266s] DEBUG:colcon:Parsed command line arguments: Namespace(log_base=None, log_level=None, verb_name='build', build_base='build', install_base='install', merge_install=False, symlink_install=False, test_result_base=None, continue_on_error=False, executor='parallel', parallel_workers=12, event_handlers=None, ignore_user_meta=False, metas=['./colcon.meta'], base_paths=['.'], packages_ignore=None, packages_ignore_regex=None, paths=None, packages_up_to=None, packages_up_to_regex=None, packages_above=None, packages_above_and_dependencies=None, packages_above_depth=None, packages_select_by_dep=None, packages_skip_by_dep=None, packages_skip_up_to=None, packages_select_build_failed=False, packages_skip_build_finished=False, packages_select_test_failures=False, packages_skip_test_passed=False, packages_select=None, packages_skip=None, packages_select_regex=None, packages_skip_regex=None, packages_start=None, packages_end=None, allow_overriding=[], cmake_args=None, cmake_target=None, cmake_target_skip_unavailable=False, cmake_clean_cache=False, cmake_clean_first=False, cmake_force_configure=False, ament_cmake_args=None, catkin_cmake_args=None, catkin_skip_building_tests=False, verb_parser=<colcon_defaults.argument_parser.defaults.DefaultArgumentsDecorator object at 0x7dcc052276a0>, verb_extension=<colcon_core.verb.build.BuildVerb object at 0x7dcc052271c0>, main=<bound method BuildVerb.main of <colcon_core.verb.build.BuildVerb object at 0x7dcc052271c0>>)
[0.689s] Level 1:colcon.colcon_core.package_discovery:discover_packages(colcon_meta) check parameters
[0.689s] Level 1:colcon.colcon_core.package_discovery:discover_packages(recursive) check parameters
[0.689s] Level 1:colcon.colcon_core.package_discovery:discover_packages(ignore) check parameters
[0.689s] Level 1:colcon.colcon_core.package_discovery:discover_packages(path) check parameters
[0.689s] Level 1:colcon.colcon_core.package_discovery:discover_packages(colcon_meta) discover
[0.690s] Level 1:colcon.colcon_core.package_discovery:discover_packages(recursive) discover
[0.690s] INFO:colcon.colcon_core.package_discovery:Crawling recursively for packages in '/home/bruithwirr/uni/ros2_ws'
[0.690s] Level 1:colcon.colcon_core.package_identification:_identify(.) by extensions ['ignore', 'ignore_ament_install']
[0.690s] Level 1:colcon.colcon_core.package_identification:_identify(.) by extension 'ignore'
[0.691s] Level 1:colcon.colcon_core.package_identification:_identify(.) by extension 'ignore_ament_install'
[0.691s] Level 1:colcon.colcon_core.package_identification:_identify(.) by extensions ['colcon_pkg']
[0.691s] Level 1:colcon.colcon_core.package_identification:_identify(.) by extension 'colcon_pkg'
[0.691s] Level 1:colcon.colcon_core.package_identification:_identify(.) by extensions ['colcon_meta']
[0.691s] Level 1:colcon.colcon_core.package_identification:_identify(.) by extension 'colcon_meta'
[0.691s] Level 1:colcon.colcon_core.package_identification:_identify(.) by extensions ['ros']
[0.691s] Level 1:colcon.colcon_core.package_identification:_identify(.) by extension 'ros'
[0.718s] Level 1:colcon.colcon_core.package_identification:_identify(.) by extensions ['cmake', 'python']
[0.719s] Level 1:colcon.colcon_core.package_identification:_identify(.) by extension 'cmake'
[0.719s] Level 1:colcon.colcon_core.package_identification:_identify(.) by extension 'python'
[0.719s] Level 1:colcon.colcon_core.package_identification:_identify(.) by extensions ['python_setup_py']
[0.719s] Level 1:colcon.colcon_core.package_identification:_identify(.) by extension 'python_setup_py'
[0.719s] Level 1:colcon.colcon_core.package_identification:_identify(build) by extensions ['ignore', 'ignore_ament_install']
[0.720s] Level 1:colcon.colcon_core.package_identification:_identify(build) by extension 'ignore'
[0.720s] Level 1:colcon.colcon_core.package_identification:_identify(build) ignored
[0.720s] Level 1:colcon.colcon_core.package_identification:_identify(install) by extensions ['ignore', 'ignore_ament_install']
[0.720s] Level 1:colcon.colcon_core.package_identification:_identify(install) by extension 'ignore'
[0.720s] Level 1:colcon.colcon_core.package_identification:_identify(install) ignored
[0.721s] Level 1:colcon.colcon_core.package_identification:_identify(log) by extensions ['ignore', 'ignore_ament_install']
[0.721s] Level 1:colcon.colcon_core.package_identification:_identify(log) by extension 'ignore'
[0.721s] Level 1:colcon.colcon_core.package_identification:_identify(log) ignored
[0.722s] Level 1:colcon.colcon_core.package_identification:_identify(src) by extensions ['ignore', 'ignore_ament_install']
[0.722s] Level 1:colcon.colcon_core.package_identification:_identify(src) by extension 'ignore'
[0.722s] Level 1:colcon.colcon_core.package_identification:_identify(src) by extension 'ignore_ament_install'
[0.722s] Level 1:colcon.colcon_core.package_identification:_identify(src) by extensions ['colcon_pkg']
[0.722s] Level 1:colcon.colcon_core.package_identification:_identify(src) by extension 'colcon_pkg'
[0.722s] Level 1:colcon.colcon_core.package_identification:_identify(src) by extensions ['colcon_meta']
[0.722s] Level 1:colcon.colcon_core.package_identification:_identify(src) by extension 'colcon_meta'
[0.723s] Level 1:colcon.colcon_core.package_identification:_identify(src) by extensions ['ros']
[0.723s] Level 1:colcon.colcon_core.package_identification:_identify(src) by extension 'ros'
[0.723s] Level 1:colcon.colcon_core.package_identification:_identify(src) by extensions ['cmake', 'python']
[0.723s] Level 1:colcon.colcon_core.package_identification:_identify(src) by extension 'cmake'
[0.723s] Level 1:colcon.colcon_core.package_identification:_identify(src) by extension 'python'
[0.723s] Level 1:colcon.colcon_core.package_identification:_identify(src) by extensions ['python_setup_py']
[0.723s] Level 1:colcon.colcon_core.package_identification:_identify(src) by extension 'python_setup_py'
[0.724s] Level 1:colcon.colcon_core.package_identification:_identify(src/robot_game) by extensions ['ignore', 'ignore_ament_install']
[0.724s] Level 1:colcon.colcon_core.package_identification:_identify(src/robot_game) by extension 'ignore'
[0.724s] Level 1:colcon.colcon_core.package_identification:_identify(src/robot_game) by extension 'ignore_ament_install'
[0.724s] Level 1:colcon.colcon_core.package_identification:_identify(src/robot_game) by extensions ['colcon_pkg']
[0.724s] Level 1:colcon.colcon_core.package_identification:_identify(src/robot_game) by extension 'colcon_pkg'
[0.724s] Level 1:colcon.colcon_core.package_identification:_identify(src/robot_game) by extensions ['colcon_meta']
[0.724s] Level 1:colcon.colcon_core.package_identification:_identify(src/robot_game) by extension 'colcon_meta'
[0.724s] Level 1:colcon.colcon_core.package_identification:_identify(src/robot_game) by extensions ['ros']
[0.725s] Level 1:colcon.colcon_core.package_identification:_identify(src/robot_game) by extension 'ros'
[0.731s] DEBUG:colcon.colcon_core.package_identification:Package 'src/robot_game' with type 'ros.ament_cmake' and name 'robot_game'
[0.731s] Level 1:colcon.colcon_core.package_identification:_identify(src/robot_msgs) by extensions ['ignore', 'ignore_ament_install']
[0.731s] Level 1:colcon.colcon_core.package_identification:_identify(src/robot_msgs) by extension 'ignore'
[0.731s] Level 1:colcon.colcon_core.package_identification:_identify(src/robot_msgs) by extension 'ignore_ament_install'
[0.732s] Level 1:colcon.colcon_core.package_identification:_identify(src/robot_msgs) by extensions ['colcon_pkg']
[0.732s] Level 1:colcon.colcon_core.package_identification:_identify(src/robot_msgs) by extension 'colcon_pkg'
[0.732s] Level 1:colcon.colcon_core.package_identification:_identify(src/robot_msgs) by extensions ['colcon_meta']
[0.732s] Level 1:colcon.colcon_core.package_identification:_identify(src/robot_msgs) by extension 'colcon_meta'
[0.732s] Level 1:colcon.colcon_core.package_identification:_identify(src/robot_msgs) by extensions ['ros']
[0.732s] Level 1:colcon.colcon_core.package_identification:_identify(src/robot_msgs) by extension 'ros'
[0.734s] DEBUG:colcon.colcon_core.package_identification:Package 'src/robot_msgs' with type 'ros.ament_cmake' and name 'robot_msgs'
[0.734s] Level 1:colcon.colcon_core.package_identification:_identify(src/robot_old) by extensions ['ignore', 'ignore_ament_install']
[0.735s] Level 1:colcon.colcon_core.package_identification:_identify(src/robot_old) by extension 'ignore'
[0.735s] Level 1:colcon.colcon_core.package_identification:_identify(src/robot_old) by extension 'ignore_ament_install'
[0.735s] Level 1:colcon.colcon_core.package_identification:_identify(src/robot_old) by extensions ['colcon_pkg']
[0.735s] Level 1:colcon.colcon_core.package_identification:_identify(src/robot_old) by extension 'colcon_pkg'
[0.735s] Level 1:colcon.colcon_core.package_identification:_identify(src/robot_old) by extensions ['colcon_meta']
[0.736s] Level 1:colcon.colcon_core.package_identification:_identify(src/robot_old) by extension 'colcon_meta'
[0.736s] Level 1:colcon.colcon_core.package_identification:_identify(src/robot_old) by extensions ['ros']
[0.736s] Level 1:colcon.colcon_core.package_identification:_identify(src/robot_old) by extension 'ros'
[0.737s] DEBUG:colcon.colcon_core.package_identification:Package 'src/robot_old' with type 'ros.ament_cmake' and name 'robot_old'
[0.737s] Level 1:colcon.colcon_core.package_discovery:discover_packages(recursive) using defaults
[0.737s] Level 1:colcon.colcon_core.package_discovery:discover_packages(ignore) discover
[0.737s] Level 1:colcon.colcon_core.package_discovery:discover_packages(ignore) using defaults
[0.737s] Level 1:colcon.colcon_core.package_discovery:discover_packages(path) discover
[0.737s] Level 1:colcon.colcon_core.package_discovery:discover_packages(path) using defaults
[0.791s] Level 1:colcon.colcon_core.package_discovery:discover_packages(prefix_path) check parameters
[0.791s] Level 1:colcon.colcon_core.package_discovery:discover_packages(prefix_path) discover
[0.797s] DEBUG:colcon.colcon_installed_package_information.package_discovery:Found 3 installed packages in /home/bruithwirr/uni/ros2_ws/install
[0.798s] DEBUG:colcon.colcon_installed_package_information.package_discovery:Found 0 installed packages in /home/bruithwirr/ros2_ws/install
[0.803s] DEBUG:colcon.colcon_installed_package_information.package_discovery:Found 273 installed packages in /opt/ros/humble
[0.809s] Level 1:colcon.colcon_core.package_discovery:discover_packages(prefix_path) using defaults
[0.954s] Level 5:colcon.colcon_core.verb:set package 'robot_msgs' build argument 'cmake_args' from command line to 'None'
[0.954s] Level 5:colcon.colcon_core.verb:set package 'robot_msgs' build argument 'cmake_target' from command line to 'None'
[0.954s] Level 5:colcon.colcon_core.verb:set package 'robot_msgs' build argument 'cmake_target_skip_unavailable' from command line to 'False'
[0.954s] Level 5:colcon.colcon_core.verb:set package 'robot_msgs' build argument 'cmake_clean_cache' from command line to 'False'
[0.954s] Level 5:colcon.colcon_core.verb:set package 'robot_msgs' build argument 'cmake_clean_first' from command line to 'False'
[0.954s] Level 5:colcon.colcon_core.verb:set package 'robot_msgs' build argument 'cmake_force_configure' from command line to 'False'
[0.954s] Level 5:colcon.colcon_core.verb:set package 'robot_msgs' build argument 'ament_cmake_args' from command line to 'None'
[0.954s] Level 5:colcon.colcon_core.verb:set package 'robot_msgs' build argument 'catkin_cmake_args' from command line to 'None'
[0.954s] Level 5:colcon.colcon_core.verb:set package 'robot_msgs' build argument 'catkin_skip_building_tests' from command line to 'False'
[0.954s] DEBUG:colcon.colcon_core.verb:Building package 'robot_msgs' with the following arguments: {'ament_cmake_args': None, 'build_base': '/home/bruithwirr/uni/ros2_ws/build/robot_msgs', 'catkin_cmake_args': None, 'catkin_skip_building_tests': False, 'cmake_args': None, 'cmake_clean_cache': False, 'cmake_clean_first': False, 'cmake_force_configure': False, 'cmake_target': None, 'cmake_target_skip_unavailable': False, 'install_base': '/home/bruithwirr/uni/ros2_ws/install/robot_msgs', 'merge_install': False, 'path': '/home/bruithwirr/uni/ros2_ws/src/robot_msgs', 'symlink_install': False, 'test_result_base': None}
[0.955s] Level 5:colcon.colcon_core.verb:set package 'robot_old' build argument 'cmake_args' from command line to 'None'
[0.955s] Level 5:colcon.colcon_core.verb:set package 'robot_old' build argument 'cmake_target' from command line to 'None'
[0.956s] Level 5:colcon.colcon_core.verb:set package 'robot_old' build argument 'cmake_target_skip_unavailable' from command line to 'False'
[0.956s] Level 5:colcon.colcon_core.verb:set package 'robot_old' build argument 'cmake_clean_cache' from command line to 'False'
[0.956s] Level 5:colcon.colcon_core.verb:set package 'robot_old' build argument 'cmake_clean_first' from command line to 'False'
[0.956s] Level 5:colcon.colcon_core.verb:set package 'robot_old' build argument 'cmake_force_configure' from command line to 'False'
[0.956s] Level 5:colcon.colcon_core.verb:set package 'robot_old' build argument 'ament_cmake_args' from command line to 'None'
[0.956s] Level 5:colcon.colcon_core.verb:set package 'robot_old' build argument 'catkin_cmake_args' from command line to 'None'
[0.956s] Level 5:colcon.colcon_core.verb:set package 'robot_old' build argument 'catkin_skip_building_tests' from command line to 'False'
[0.956s] DEBUG:colcon.colcon_core.verb:Building package 'robot_old' with the following arguments: {'ament_cmake_args': None, 'build_base': '/home/bruithwirr/uni/ros2_ws/build/robot_old', 'catkin_cmake_args': None, 'catkin_skip_building_tests': False, 'cmake_args': None, 'cmake_clean_cache': False, 'cmake_clean_first': False, 'cmake_force_configure': False, 'cmake_target': None, 'cmake_target_skip_unavailable': False, 'install_base': '/home/bruithwirr/uni/ros2_ws/install/robot_old', 'merge_install': False, 'path': '/home/bruithwirr/uni/ros2_ws/src/robot_old', 'symlink_install': False, 'test_result_base': None}
[0.957s] Level 5:colcon.colcon_core.verb:set package 'robot_game' build argument 'cmake_args' from command line to 'None'
[0.957s] Level 5:colcon.colcon_core.verb:set package 'robot_game' build argument 'cmake_target' from command line to 'None'
[0.958s] Level 5:colcon.colcon_core.verb:set package 'robot_game' build argument 'cmake_target_skip_unavailable' from command line to 'False'
[0.958s] Level 5:colcon.colcon_core.verb:set package 'robot_game' build argument 'cmake_clean_cache' from command line to 'False'
[0.958s] Level 5:colcon.colcon_core.verb:set package 'robot_game' build argument 'cmake_clean_first' from command line to 'False'
[0.958s] Level 5:colcon.colcon_core.verb:set package 'robot_game' build argument 'cmake_force_configure' from command line to 'False'
[0.958s] Level 5:colcon.colcon_core.verb:set package 'robot_game' build argument 'ament_cmake_args' from command line to 'None'
[0.958s] Level 5:colcon.colcon_core.verb:set package 'robot_game' build argument 'catkin_cmake_args' from command line to 'None'
[0.958s] Level 5:colcon.colcon_core.verb:set package 'robot_game' build argument 'catkin_skip_building_tests' from command line to 'False'
[0.958s] DEBUG:colcon.colcon_core.verb:Building package 'robot_game' with the following arguments: {'ament_cmake_args': None, 'build_base': '/home/bruithwirr/uni/ros2_ws/build/robot_game', 'catkin_cmake_args': None, 'catkin_skip_building_tests': False, 'cmake_args': None, 'cmake_clean_cache': False, 'cmake_clean_first': False, 'cmake_force_configure': False, 'cmake_target': None, 'cmake_target_skip_unavailable': False, 'install_base': '/home/bruithwirr/uni/ros2_ws/install/robot_game', 'merge_install': False, 'path': '/home/bruithwirr/uni/ros2_ws/src/robot_game', 'symlink_install': False, 'test_result_base': None}
[0.959s] INFO:colcon.colcon_core.executor:Executing jobs using 'parallel' executor
[0.961s] DEBUG:colcon.colcon_parallel_executor.executor.parallel:run_until_complete
[0.962s] INFO:colcon.colcon_ros.task.ament_cmake.build:Building ROS package in '/home/bruithwirr/uni/ros2_ws/src/robot_msgs' with build type 'ament_cmake'
[0.962s] INFO:colcon.colcon_cmake.task.cmake.build:Building CMake package in '/home/bruithwirr/uni/ros2_ws/src/robot_msgs'
[0.969s] INFO:colcon.colcon_core.plugin_system:Skipping extension 'colcon_core.shell.bat': Not used on non-Windows systems
[0.969s] INFO:colcon.colcon_core.shell:Skip shell extension 'powershell' for command environment: Not usable outside of PowerShell
[0.969s] DEBUG:colcon.colcon_core.shell:Skip shell extension 'dsv' for command environment
[0.981s] INFO:colcon.colcon_ros.task.ament_cmake.build:Building ROS package in '/home/bruithwirr/uni/ros2_ws/src/robot_old' with build type 'ament_cmake'
[0.981s] INFO:colcon.colcon_cmake.task.cmake.build:Building CMake package in '/home/bruithwirr/uni/ros2_ws/src/robot_old'
[0.982s] INFO:colcon.colcon_core.shell:Skip shell extension 'powershell' for command environment: Not usable outside of PowerShell
[0.982s] DEBUG:colcon.colcon_core.shell:Skip shell extension 'dsv' for command environment
[1.005s] DEBUG:colcon.colcon_core.event_handler.log_command:Invoking command in '/home/bruithwirr/uni/ros2_ws/build/robot_msgs': CMAKE_PREFIX_PATH=${CMAKE_PREFIX_PATH}:/opt/ros/humble /usr/bin/cmake --build /home/bruithwirr/uni/ros2_ws/build/robot_msgs -- -j12 -l12
[1.017s] DEBUG:colcon.colcon_core.event_handler.log_command:Invoking command in '/home/bruithwirr/uni/ros2_ws/build/robot_old': CMAKE_PREFIX_PATH=${CMAKE_PREFIX_PATH}:/opt/ros/humble /usr/bin/cmake --build /home/bruithwirr/uni/ros2_ws/build/robot_old -- -j12 -l12
[1.125s] DEBUG:colcon.colcon_core.event_handler.log_command:Invoked command in '/home/bruithwirr/uni/ros2_ws/build/robot_old' returned '0': CMAKE_PREFIX_PATH=${CMAKE_PREFIX_PATH}:/opt/ros/humble /usr/bin/cmake --build /home/bruithwirr/uni/ros2_ws/build/robot_old -- -j12 -l12
[1.155s] DEBUG:colcon.colcon_core.event_handler.log_command:Invoking command in '/home/bruithwirr/uni/ros2_ws/build/robot_old': CMAKE_PREFIX_PATH=${CMAKE_PREFIX_PATH}:/opt/ros/humble /usr/bin/cmake --install /home/bruithwirr/uni/ros2_ws/build/robot_old
[1.182s] Level 1:colcon.colcon_core.environment:create_environment_scripts_only(robot_old)
[1.184s] DEBUG:colcon.colcon_core.event_handler.log_command:Invoked command in '/home/bruithwirr/uni/ros2_ws/build/robot_old' returned '0': CMAKE_PREFIX_PATH=${CMAKE_PREFIX_PATH}:/opt/ros/humble /usr/bin/cmake --install /home/bruithwirr/uni/ros2_ws/build/robot_old
[1.191s] Level 1:colcon.colcon_core.environment:checking '/home/bruithwirr/uni/ros2_ws/install/robot_old' for CMake module files
[1.193s] Level 1:colcon.colcon_core.environment:checking '/home/bruithwirr/uni/ros2_ws/install/robot_old' for CMake config files
[1.193s] Level 1:colcon.colcon_core.shell:create_environment_hook('robot_old', 'cmake_prefix_path')
[1.194s] INFO:colcon.colcon_core.shell:Creating environment hook '/home/bruithwirr/uni/ros2_ws/install/robot_old/share/robot_old/hook/cmake_prefix_path.ps1'
[1.196s] INFO:colcon.colcon_core.shell:Creating environment descriptor '/home/bruithwirr/uni/ros2_ws/install/robot_old/share/robot_old/hook/cmake_prefix_path.dsv'
[1.197s] INFO:colcon.colcon_core.shell:Creating environment hook '/home/bruithwirr/uni/ros2_ws/install/robot_old/share/robot_old/hook/cmake_prefix_path.sh'
[1.200s] Level 1:colcon.colcon_core.environment:checking '/home/bruithwirr/uni/ros2_ws/install/robot_old/bin'
[1.200s] Level 1:colcon.colcon_core.environment:checking '/home/bruithwirr/uni/ros2_ws/install/robot_old/lib/pkgconfig/robot_old.pc'
[1.201s] Level 1:colcon.colcon_core.environment:checking '/home/bruithwirr/uni/ros2_ws/install/robot_old/lib/python3.10/site-packages'
[1.202s] Level 1:colcon.colcon_core.environment:checking '/home/bruithwirr/uni/ros2_ws/install/robot_old/bin'
[1.203s] INFO:colcon.colcon_core.shell:Creating package script '/home/bruithwirr/uni/ros2_ws/install/robot_old/share/robot_old/package.ps1'
[1.207s] INFO:colcon.colcon_core.shell:Creating package descriptor '/home/bruithwirr/uni/ros2_ws/install/robot_old/share/robot_old/package.dsv'
[1.209s] INFO:colcon.colcon_core.shell:Creating package script '/home/bruithwirr/uni/ros2_ws/install/robot_old/share/robot_old/package.sh'
[1.211s] INFO:colcon.colcon_core.shell:Creating package script '/home/bruithwirr/uni/ros2_ws/install/robot_old/share/robot_old/package.bash'
[1.214s] INFO:colcon.colcon_core.shell:Creating package script '/home/bruithwirr/uni/ros2_ws/install/robot_old/share/robot_old/package.zsh'
[1.217s] Level 1:colcon.colcon_core.environment:create_file_with_runtime_dependencies(/home/bruithwirr/uni/ros2_ws/install/robot_old/share/colcon-core/packages/robot_old)
[1.219s] Level 1:colcon.colcon_core.environment:create_environment_scripts_only(robot_old)
[1.219s] Level 1:colcon.colcon_core.environment:checking '/home/bruithwirr/uni/ros2_ws/install/robot_old' for CMake module files
[1.221s] Level 1:colcon.colcon_core.environment:checking '/home/bruithwirr/uni/ros2_ws/install/robot_old' for CMake config files
[1.222s] Level 1:colcon.colcon_core.shell:create_environment_hook('robot_old', 'cmake_prefix_path')
[1.223s] INFO:colcon.colcon_core.shell:Creating environment hook '/home/bruithwirr/uni/ros2_ws/install/robot_old/share/robot_old/hook/cmake_prefix_path.ps1'
[1.227s] INFO:colcon.colcon_core.shell:Creating environment descriptor '/home/bruithwirr/uni/ros2_ws/install/robot_old/share/robot_old/hook/cmake_prefix_path.dsv'
[1.228s] INFO:colcon.colcon_core.shell:Creating environment hook '/home/bruithwirr/uni/ros2_ws/install/robot_old/share/robot_old/hook/cmake_prefix_path.sh'
[1.231s] Level 1:colcon.colcon_core.environment:checking '/home/bruithwirr/uni/ros2_ws/install/robot_old/bin'
[1.231s] Level 1:colcon.colcon_core.environment:checking '/home/bruithwirr/uni/ros2_ws/install/robot_old/lib/pkgconfig/robot_old.pc'
[1.232s] Level 1:colcon.colcon_core.environment:checking '/home/bruithwirr/uni/ros2_ws/install/robot_old/lib/python3.10/site-packages'
[1.233s] Level 1:colcon.colcon_core.environment:checking '/home/bruithwirr/uni/ros2_ws/install/robot_old/bin'
[1.234s] INFO:colcon.colcon_core.shell:Creating package script '/home/bruithwirr/uni/ros2_ws/install/robot_old/share/robot_old/package.ps1'
[1.237s] INFO:colcon.colcon_core.shell:Creating package descriptor '/home/bruithwirr/uni/ros2_ws/install/robot_old/share/robot_old/package.dsv'
[1.238s] INFO:colcon.colcon_core.shell:Creating package script '/home/bruithwirr/uni/ros2_ws/install/robot_old/share/robot_old/package.sh'
[1.240s] INFO:colcon.colcon_core.shell:Creating package script '/home/bruithwirr/uni/ros2_ws/install/robot_old/share/robot_old/package.bash'
[1.241s] INFO:colcon.colcon_core.shell:Creating package script '/home/bruithwirr/uni/ros2_ws/install/robot_old/share/robot_old/package.zsh'
[1.243s] Level 1:colcon.colcon_core.environment:create_file_with_runtime_dependencies(/home/bruithwirr/uni/ros2_ws/install/robot_old/share/colcon-core/packages/robot_old)
[1.965s] DEBUG:colcon.colcon_core.event_handler.log_command:Invoked command in '/home/bruithwirr/uni/ros2_ws/build/robot_msgs' returned '0': CMAKE_PREFIX_PATH=${CMAKE_PREFIX_PATH}:/opt/ros/humble /usr/bin/cmake --build /home/bruithwirr/uni/ros2_ws/build/robot_msgs -- -j12 -l12
[1.970s] DEBUG:colcon.colcon_core.event_handler.log_command:Invoking command in '/home/bruithwirr/uni/ros2_ws/build/robot_msgs': CMAKE_PREFIX_PATH=${CMAKE_PREFIX_PATH}:/opt/ros/humble /usr/bin/cmake --install /home/bruithwirr/uni/ros2_ws/build/robot_msgs
[2.123s] Level 1:colcon.colcon_core.environment:create_environment_scripts_only(robot_msgs)
[2.123s] Level 1:colcon.colcon_core.environment:checking '/home/bruithwirr/uni/ros2_ws/install/robot_msgs' for CMake module files
[2.125s] DEBUG:colcon.colcon_core.event_handler.log_command:Invoked command in '/home/bruithwirr/uni/ros2_ws/build/robot_msgs' returned '0': CMAKE_PREFIX_PATH=${CMAKE_PREFIX_PATH}:/opt/ros/humble /usr/bin/cmake --install /home/bruithwirr/uni/ros2_ws/build/robot_msgs
[2.126s] Level 1:colcon.colcon_core.environment:checking '/home/bruithwirr/uni/ros2_ws/install/robot_msgs' for CMake config files
[2.127s] Level 1:colcon.colcon_core.shell:create_environment_hook('robot_msgs', 'cmake_prefix_path')
[2.127s] INFO:colcon.colcon_core.shell:Creating environment hook '/home/bruithwirr/uni/ros2_ws/install/robot_msgs/share/robot_msgs/hook/cmake_prefix_path.ps1'
[2.128s] INFO:colcon.colcon_core.shell:Creating environment descriptor '/home/bruithwirr/uni/ros2_ws/install/robot_msgs/share/robot_msgs/hook/cmake_prefix_path.dsv'
[2.129s] INFO:colcon.colcon_core.shell:Creating environment hook '/home/bruithwirr/uni/ros2_ws/install/robot_msgs/share/robot_msgs/hook/cmake_prefix_path.sh'
[2.131s] Level 1:colcon.colcon_core.environment:checking '/home/bruithwirr/uni/ros2_ws/install/robot_msgs/lib'
[2.131s] Level 1:colcon.colcon_core.shell:create_environment_hook('robot_msgs', 'ld_library_path_lib')
[2.132s] INFO:colcon.colcon_core.shell:Creating environment hook '/home/bruithwirr/uni/ros2_ws/install/robot_msgs/share/robot_msgs/hook/ld_library_path_lib.ps1'
[2.133s] INFO:colcon.colcon_core.shell:Creating environment descriptor '/home/bruithwirr/uni/ros2_ws/install/robot_msgs/share/robot_msgs/hook/ld_library_path_lib.dsv'
[2.134s] INFO:colcon.colcon_core.shell:Creating environment hook '/home/bruithwirr/uni/ros2_ws/install/robot_msgs/share/robot_msgs/hook/ld_library_path_lib.sh'
[2.135s] Level 1:colcon.colcon_core.environment:checking '/home/bruithwirr/uni/ros2_ws/install/robot_msgs/bin'
[2.135s] Level 1:colcon.colcon_core.environment:checking '/home/bruithwirr/uni/ros2_ws/install/robot_msgs/lib/pkgconfig/robot_msgs.pc'
[2.135s] Level 1:colcon.colcon_core.environment:checking '/home/bruithwirr/uni/ros2_ws/install/robot_msgs/lib/python3.10/site-packages'
[2.136s] Level 1:colcon.colcon_core.environment:checking '/home/bruithwirr/uni/ros2_ws/install/robot_msgs/bin'
[2.137s] INFO:colcon.colcon_core.shell:Creating package script '/home/bruithwirr/uni/ros2_ws/install/robot_msgs/share/robot_msgs/package.ps1'
[2.138s] INFO:colcon.colcon_core.shell:Creating package descriptor '/home/bruithwirr/uni/ros2_ws/install/robot_msgs/share/robot_msgs/package.dsv'
[2.139s] INFO:colcon.colcon_core.shell:Creating package script '/home/bruithwirr/uni/ros2_ws/install/robot_msgs/share/robot_msgs/package.sh'
[2.141s] INFO:colcon.colcon_core.shell:Creating package script '/home/bruithwirr/uni/ros2_ws/install/robot_msgs/share/robot_msgs/package.bash'
[2.142s] INFO:colcon.colcon_core.shell:Creating package script '/home/bruithwirr/uni/ros2_ws/install/robot_msgs/share/robot_msgs/package.zsh'
[2.143s] Level 1:colcon.colcon_core.environment:create_file_with_runtime_dependencies(/home/bruithwirr/uni/ros2_ws/install/robot_msgs/share/colcon-core/packages/robot_msgs)
[2.144s] Level 1:colcon.colcon_core.environment:create_environment_scripts_only(robot_msgs)
[2.145s] Level 1:colcon.colcon_core.environment:checking '/home/bruithwirr/uni/ros2_ws/install/robot_msgs' for CMake module files
[2.146s] Level 1:colcon.colcon_core.environment:checking '/home/bruithwirr/uni/ros2_ws/install/robot_msgs' for CMake config files
[2.147s] Level 1:colcon.colcon_core.shell:create_environment_hook('robot_msgs', 'cmake_prefix_path')
[2.147s] INFO:colcon.colcon_core.shell:Creating environment hook '/home/bruithwirr/uni/ros2_ws/install/robot_msgs/share/robot_msgs/hook/cmake_prefix_path.ps1'
[2.148s] INFO:colcon.colcon_core.shell:Creating environment descriptor '/home/bruithwirr/uni/ros2_ws/install/robot_msgs/share/robot_msgs/hook/cmake_prefix_path.dsv'
[2.149s] INFO:colcon.colcon_core.shell:Creating environment hook '/home/bruithwirr/uni/ros2_ws/install/robot_msgs/share/robot_msgs/hook/cmake_prefix_path.sh'
[2.151s] Level 1:colcon.colcon_core.environment:checking '/home/bruithwirr/uni/ros2_ws/install/robot_msgs/lib'
[2.151s] Level 1:colcon.colcon_core.shell:create_environment_hook('robot_msgs', 'ld_library_path_lib')
[2.151s] INFO:colcon.colcon_core.shell:Creating environment hook '/home/bruithwirr/uni/ros2_ws/install/robot_msgs/share/robot_msgs/hook/ld_library_path_lib.ps1'
[2.152s] INFO:colcon.colcon_core.shell:Creating environment descriptor '/home/bruithwirr/uni/ros2_ws/install/robot_msgs/share/robot_msgs/hook/ld_library_path_lib.dsv'
[2.153s] INFO:colcon.colcon_core.shell:Creating environment hook '/home/bruithwirr/uni/ros2_ws/install/robot_msgs/share/robot_msgs/hook/ld_library_path_lib.sh'
[2.154s] Level 1:colcon.colcon_core.environment:checking '/home/bruithwirr/uni/ros2_ws/install/robot_msgs/bin'
[2.154s] Level 1:colcon.colcon_core.environment:checking '/home/bruithwirr/uni/ros2_ws/install/robot_msgs/lib/pkgconfig/robot_msgs.pc'
[2.155s] Level 1:colcon.colcon_core.environment:checking '/home/bruithwirr/uni/ros2_ws/install/robot_msgs/lib/python3.10/site-packages'
[2.155s] Level 1:colcon.colcon_core.environment:checking '/home/bruithwirr/uni/ros2_ws/install/robot_msgs/bin'
[2.156s] INFO:colcon.colcon_core.shell:Creating package script '/home/bruithwirr/uni/ros2_ws/install/robot_msgs/share/robot_msgs/package.ps1'
[2.158s] INFO:colcon.colcon_core.shell:Creating package descriptor '/home/bruithwirr/uni/ros2_ws/install/robot_msgs/share/robot_msgs/package.dsv'
[2.159s] INFO:colcon.colcon_core.shell:Creating package script '/home/bruithwirr/uni/ros2_ws/install/robot_msgs/share/robot_msgs/package.sh'
[2.160s] INFO:colcon.colcon_core.shell:Creating package script '/home/bruithwirr/uni/ros2_ws/install/robot_msgs/share/robot_msgs/package.bash'
[2.161s] INFO:colcon.colcon_core.shell:Creating package script '/home/bruithwirr/uni/ros2_ws/install/robot_msgs/share/robot_msgs/package.zsh'
[2.162s] Level 1:colcon.colcon_core.environment:create_file_with_runtime_dependencies(/home/bruithwirr/uni/ros2_ws/install/robot_msgs/share/colcon-core/packages/robot_msgs)
[2.164s] INFO:colcon.colcon_ros.task.ament_cmake.build:Building ROS package in '/home/bruithwirr/uni/ros2_ws/src/robot_game' with build type 'ament_cmake'
[2.164s] INFO:colcon.colcon_cmake.task.cmake.build:Building CMake package in '/home/bruithwirr/uni/ros2_ws/src/robot_game'
[2.164s] INFO:colcon.colcon_core.shell:Skip shell extension 'powershell' for command environment: Not usable outside of PowerShell
[2.165s] DEBUG:colcon.colcon_core.shell:Skip shell extension 'dsv' for command environment
[2.194s] DEBUG:colcon.colcon_core.event_handler.log_command:Invoking command in '/home/bruithwirr/uni/ros2_ws/build/robot_game': CMAKE_PREFIX_PATH=/home/bruithwirr/uni/ros2_ws/install/robot_msgs:/home/bruithwirr/uni/ros2_ws/install/robot_old:/home/bruithwirr/uni/ros2_ws/install/robot_game:/opt/ros/humble /usr/bin/cmake --build /home/bruithwirr/uni/ros2_ws/build/robot_game -- -j12 -l12
[15.512s] DEBUG:colcon.colcon_core.event_handler.log_command:Invoked command in '/home/bruithwirr/uni/ros2_ws/build/robot_game' returned '0': CMAKE_PREFIX_PATH=/home/bruithwirr/uni/ros2_ws/install/robot_msgs:/home/bruithwirr/uni/ros2_ws/install/robot_old:/home/bruithwirr/uni/ros2_ws/install/robot_game:/opt/ros/humble /usr/bin/cmake --build /home/bruithwirr/uni/ros2_ws/build/robot_game -- -j12 -l12
[15.514s] DEBUG:colcon.colcon_core.event_handler.log_command:Invoking command in '/home/bruithwirr/uni/ros2_ws/build/robot_game': CMAKE_PREFIX_PATH=/home/bruithwirr/uni/ros2_ws/install/robot_msgs:/home/bruithwirr/uni/ros2_ws/install/robot_old:/home/bruithwirr/uni/ros2_ws/install/robot_game:/opt/ros/humble /usr/bin/cmake --install /home/bruithwirr/uni/ros2_ws/build/robot_game
[15.535s] Level 1:colcon.colcon_core.environment:create_environment_scripts_only(robot_game)
[15.536s] Level 1:colcon.colcon_core.environment:checking '/home/bruithwirr/uni/ros2_ws/install/robot_game' for CMake module files
[15.536s] DEBUG:colcon.colcon_core.event_handler.log_command:Invoked command in '/home/bruithwirr/uni/ros2_ws/build/robot_game' returned '0': CMAKE_PREFIX_PATH=/home/bruithwirr/uni/ros2_ws/install/robot_msgs:/home/bruithwirr/uni/ros2_ws/install/robot_old:/home/bruithwirr/uni/ros2_ws/install/robot_game:/opt/ros/humble /usr/bin/cmake --install /home/bruithwirr/uni/ros2_ws/build/robot_game
[15.537s] Level 1:colcon.colcon_core.environment:checking '/home/bruithwirr/uni/ros2_ws/install/robot_game' for CMake config files
[15.537s] Level 1:colcon.colcon_core.shell:create_environment_hook('robot_game', 'cmake_prefix_path')
[15.537s] INFO:colcon.colcon_core.shell:Creating environment hook '/home/bruithwirr/uni/ros2_ws/install/robot_game/share/robot_game/hook/cmake_prefix_path.ps1'
[15.538s] INFO:colcon.colcon_core.shell:Creating environment descriptor '/home/bruithwirr/uni/ros2_ws/install/robot_game/share/robot_game/hook/cmake_prefix_path.dsv'
[15.538s] INFO:colcon.colcon_core.shell:Creating environment hook '/home/bruithwirr/uni/ros2_ws/install/robot_game/share/robot_game/hook/cmake_prefix_path.sh'
[15.538s] Level 1:colcon.colcon_core.environment:checking '/home/bruithwirr/uni/ros2_ws/install/robot_game/lib'
[15.538s] Level 1:colcon.colcon_core.environment:checking '/home/bruithwirr/uni/ros2_ws/install/robot_game/bin'
[15.538s] Level 1:colcon.colcon_core.environment:checking '/home/bruithwirr/uni/ros2_ws/install/robot_game/lib/pkgconfig/robot_game.pc'
[15.539s] Level 1:colcon.colcon_core.environment:checking '/home/bruithwirr/uni/ros2_ws/install/robot_game/lib/python3.10/site-packages'
[15.539s] Level 1:colcon.colcon_core.environment:checking '/home/bruithwirr/uni/ros2_ws/install/robot_game/bin'
[15.539s] INFO:colcon.colcon_core.shell:Creating package script '/home/bruithwirr/uni/ros2_ws/install/robot_game/share/robot_game/package.ps1'
[15.539s] INFO:colcon.colcon_core.shell:Creating package descriptor '/home/bruithwirr/uni/ros2_ws/install/robot_game/share/robot_game/package.dsv'
[15.540s] INFO:colcon.colcon_core.shell:Creating package script '/home/bruithwirr/uni/ros2_ws/install/robot_game/share/robot_game/package.sh'
[15.540s] INFO:colcon.colcon_core.shell:Creating package script '/home/bruithwirr/uni/ros2_ws/install/robot_game/share/robot_game/package.bash'
[15.541s] INFO:colcon.colcon_core.shell:Creating package script '/home/bruithwirr/uni/ros2_ws/install/robot_game/share/robot_game/package.zsh'
[15.541s] Level 1:colcon.colcon_core.environment:create_file_with_runtime_dependencies(/home/bruithwirr/uni/ros2_ws/install/robot_game/share/colcon-core/packages/robot_game)
[15.541s] Level 1:colcon.colcon_core.environment:create_environment_scripts_only(robot_game)
[15.542s] Level 1:colcon.colcon_core.environment:checking '/home/bruithwirr/uni/ros2_ws/install/robot_game' for CMake module files
[15.542s] Level 1:colcon.colcon_core.environment:checking '/home/bruithwirr/uni/ros2_ws/install/robot_game' for CMake config files
[15.542s] Level 1:colcon.colcon_core.shell:create_environment_hook('robot_game', 'cmake_prefix_path')
[15.543s] INFO:colcon.colcon_core.shell:Creating environment hook '/home/bruithwirr/uni/ros2_ws/install/robot_game/share/robot_game/hook/cmake_prefix_path.ps1'
[15.660s] INFO:colcon.colcon_core.shell:Creating environment descriptor '/home/bruithwirr/uni/ros2_ws/install/robot_game/share/robot_game/hook/cmake_prefix_path.dsv'
[15.661s] INFO:colcon.colcon_core.shell:Creating environment hook '/home/bruithwirr/uni/ros2_ws/install/robot_game/share/robot_game/hook/cmake_prefix_path.sh'
[15.662s] Level 1:colcon.colcon_core.environment:checking '/home/bruithwirr/uni/ros2_ws/install/robot_game/lib'
[15.662s] Level 1:colcon.colcon_core.environment:checking '/home/bruithwirr/uni/ros2_ws/install/robot_game/bin'
[15.662s] Level 1:colcon.colcon_core.environment:checking '/home/bruithwirr/uni/ros2_ws/install/robot_game/lib/pkgconfig/robot_game.pc'
[15.662s] Level 1:colcon.colcon_core.environment:checking '/home/bruithwirr/uni/ros2_ws/install/robot_game/lib/python3.10/site-packages'
[15.662s] Level 1:colcon.colcon_core.environment:checking '/home/bruithwirr/uni/ros2_ws/install/robot_game/bin'
[15.662s] INFO:colcon.colcon_core.shell:Creating package script '/home/bruithwirr/uni/ros2_ws/install/robot_game/share/robot_game/package.ps1'
[15.663s] INFO:colcon.colcon_core.shell:Creating package descriptor '/home/bruithwirr/uni/ros2_ws/install/robot_game/share/robot_game/package.dsv'
[15.663s] INFO:colcon.colcon_core.shell:Creating package script '/home/bruithwirr/uni/ros2_ws/install/robot_game/share/robot_game/package.sh'
[15.664s] INFO:colcon.colcon_core.shell:Creating package script '/home/bruithwirr/uni/ros2_ws/install/robot_game/share/robot_game/package.bash'
[15.664s] INFO:colcon.colcon_core.shell:Creating package script '/home/bruithwirr/uni/ros2_ws/install/robot_game/share/robot_game/package.zsh'
[15.664s] Level 1:colcon.colcon_core.environment:create_file_with_runtime_dependencies(/home/bruithwirr/uni/ros2_ws/install/robot_game/share/colcon-core/packages/robot_game)
[15.665s] DEBUG:colcon.colcon_parallel_executor.executor.parallel:closing loop
[15.665s] DEBUG:colcon.colcon_parallel_executor.executor.parallel:loop closed
[15.665s] DEBUG:colcon.colcon_parallel_executor.executor.parallel:run_until_complete finished with '0'
[15.665s] DEBUG:colcon.colcon_core.event_reactor:joining thread
[15.670s] INFO:colcon.colcon_core.plugin_system:Skipping extension 'colcon_notification.desktop_notification.terminal_notifier': Not used on non-Darwin systems
[15.670s] INFO:colcon.colcon_core.plugin_system:Skipping extension 'colcon_notification.desktop_notification.win32': Not used on non-Windows systems
[15.670s] INFO:colcon.colcon_notification.desktop_notification:Sending desktop notification using 'notify2'
[15.680s] DEBUG:colcon.colcon_core.event_reactor:joined thread
[15.681s] INFO:colcon.colcon_core.shell:Creating prefix script '/home/bruithwirr/uni/ros2_ws/install/local_setup.ps1'
[15.682s] INFO:colcon.colcon_core.shell:Creating prefix util module '/home/bruithwirr/uni/ros2_ws/install/_local_setup_util_ps1.py'
[15.683s] INFO:colcon.colcon_core.shell:Creating prefix chain script '/home/bruithwirr/uni/ros2_ws/install/setup.ps1'
[15.684s] INFO:colcon.colcon_core.shell:Creating prefix script '/home/bruithwirr/uni/ros2_ws/install/local_setup.sh'
[15.684s] INFO:colcon.colcon_core.shell:Creating prefix util module '/home/bruithwirr/uni/ros2_ws/install/_local_setup_util_sh.py'
[15.685s] INFO:colcon.colcon_core.shell:Creating prefix chain script '/home/bruithwirr/uni/ros2_ws/install/setup.sh'
[15.686s] INFO:colcon.colcon_core.shell:Creating prefix script '/home/bruithwirr/uni/ros2_ws/install/local_setup.bash'
[15.686s] INFO:colcon.colcon_core.shell:Creating prefix chain script '/home/bruithwirr/uni/ros2_ws/install/setup.bash'
[15.687s] INFO:colcon.colcon_core.shell:Creating prefix script '/home/bruithwirr/uni/ros2_ws/install/local_setup.zsh'
[15.687s] INFO:colcon.colcon_core.shell:Creating prefix chain script '/home/bruithwirr/uni/ros2_ws/install/setup.zsh'
