[0.013s] Invoking command in '/home/bruithwirr/uni/ros2_ws/build/robot_msgs': CMAKE_PREFIX_PATH=${CMAKE_PREFIX_PATH}:/opt/ros/humble /usr/bin/cmake --build /home/bruithwirr/uni/ros2_ws/build/robot_msgs -- -j12 -l12
[0.063s] [  9%] Built target robot_msgs__rs
[0.063s] [ 12%] Built target robot_msgs__rosidl_generator_c
[0.069s] [ 15%] Built target robot_msgs__cpp
[0.078s] [ 15%] Built target ament_cmake_python_copy_robot_msgs
[0.092s] [ 34%] Built target robot_msgs__rosidl_typesupport_c
[0.094s] [ 34%] Built target robot_msgs__rosidl_typesupport_introspection_c
[0.094s] [ 43%] Built target robot_msgs__rosidl_typesupport_fastrtps_c
[0.095s] [ 53%] Built target robot_msgs__rosidl_typesupport_cpp
[0.095s] [ 65%] Built target robot_msgs__rosidl_typesupport_fastrtps_cpp
[0.095s] [ 71%] Built target robot_msgs__rosidl_typesupport_introspection_cpp
[0.117s] [ 71%] Built target robot_msgs
[0.141s] [ 75%] Built target robot_msgs__py
[0.166s] [ 81%] Built target robot_msgs__rosidl_generator_py
[0.189s] [100%] Built target robot_msgs__rosidl_typesupport_c__pyext
[0.189s] [100%] Built target robot_msgs__rosidl_typesupport_fastrtps_c__pyext
[0.189s] [100%] Built target robot_msgs__rosidl_typesupport_introspection_c__pyext
[0.292s] running egg_info
[0.293s] writing robot_msgs.egg-info/PKG-INFO
[0.293s] writing dependency_links to robot_msgs.egg-info/dependency_links.txt
[0.293s] writing top-level names to robot_msgs.egg-info/top_level.txt
[0.295s] reading manifest file 'robot_msgs.egg-info/SOURCES.txt'
[0.295s] writing manifest file 'robot_msgs.egg-info/SOURCES.txt'
[0.322s] [100%] Built target ament_cmake_python_build_robot_msgs_egg
