[0.131s] DEBUG:colcon:Command line arguments: ['/usr/bin/colcon', 'build']
[0.131s] DEBUG:colcon:Parsed command line arguments: Namespace(log_base=None, log_level=None, verb_name='build', build_base='build', install_base='install', merge_install=False, symlink_install=False, test_result_base=None, continue_on_error=False, executor='parallel', parallel_workers=12, event_handlers=None, ignore_user_meta=False, metas=['./colcon.meta'], base_paths=['.'], packages_ignore=None, packages_ignore_regex=None, paths=None, packages_up_to=None, packages_up_to_regex=None, packages_above=None, packages_above_and_dependencies=None, packages_above_depth=None, packages_select_by_dep=None, packages_skip_by_dep=None, packages_skip_up_to=None, packages_select_build_failed=False, packages_skip_build_finished=False, packages_select_test_failures=False, packages_skip_test_passed=False, packages_select=None, packages_skip=None, packages_select_regex=None, packages_skip_regex=None, packages_start=None, packages_end=None, allow_overriding=[], cmake_args=None, cmake_target=None, cmake_target_skip_unavailable=False, cmake_clean_cache=False, cmake_clean_first=False, cmake_force_configure=False, ament_cmake_args=None, catkin_cmake_args=None, catkin_skip_building_tests=False, verb_parser=<colcon_defaults.argument_parser.defaults.DefaultArgumentsDecorator object at 0x7b0ad171b6a0>, verb_extension=<colcon_core.verb.build.BuildVerb object at 0x7b0ad171b1c0>, main=<bound method BuildVerb.main of <colcon_core.verb.build.BuildVerb object at 0x7b0ad171b1c0>>)
[0.339s] Level 1:colcon.colcon_core.package_discovery:discover_packages(colcon_meta) check parameters
[0.339s] Level 1:colcon.colcon_core.package_discovery:discover_packages(recursive) check parameters
[0.339s] Level 1:colcon.colcon_core.package_discovery:discover_packages(ignore) check parameters
[0.339s] Level 1:colcon.colcon_core.package_discovery:discover_packages(path) check parameters
[0.339s] Level 1:colcon.colcon_core.package_discovery:discover_packages(colcon_meta) discover
[0.340s] Level 1:colcon.colcon_core.package_discovery:discover_packages(recursive) discover
[0.340s] INFO:colcon.colcon_core.package_discovery:Crawling recursively for packages in '/home/bruithwirr/uni/ros2_ws'
[0.340s] Level 1:colcon.colcon_core.package_identification:_identify(.) by extensions ['ignore', 'ignore_ament_install']
[0.340s] Level 1:colcon.colcon_core.package_identification:_identify(.) by extension 'ignore'
[0.340s] Level 1:colcon.colcon_core.package_identification:_identify(.) by extension 'ignore_ament_install'
[0.340s] Level 1:colcon.colcon_core.package_identification:_identify(.) by extensions ['colcon_pkg']
[0.340s] Level 1:colcon.colcon_core.package_identification:_identify(.) by extension 'colcon_pkg'
[0.340s] Level 1:colcon.colcon_core.package_identification:_identify(.) by extensions ['colcon_meta']
[0.340s] Level 1:colcon.colcon_core.package_identification:_identify(.) by extension 'colcon_meta'
[0.340s] Level 1:colcon.colcon_core.package_identification:_identify(.) by extensions ['ros']
[0.340s] Level 1:colcon.colcon_core.package_identification:_identify(.) by extension 'ros'
[0.355s] Level 1:colcon.colcon_core.package_identification:_identify(.) by extensions ['cmake', 'python']
[0.355s] Level 1:colcon.colcon_core.package_identification:_identify(.) by extension 'cmake'
[0.355s] Level 1:colcon.colcon_core.package_identification:_identify(.) by extension 'python'
[0.355s] Level 1:colcon.colcon_core.package_identification:_identify(.) by extensions ['python_setup_py']
[0.355s] Level 1:colcon.colcon_core.package_identification:_identify(.) by extension 'python_setup_py'
[0.355s] Level 1:colcon.colcon_core.package_identification:_identify(build) by extensions ['ignore', 'ignore_ament_install']
[0.355s] Level 1:colcon.colcon_core.package_identification:_identify(build) by extension 'ignore'
[0.355s] Level 1:colcon.colcon_core.package_identification:_identify(build) ignored
[0.355s] Level 1:colcon.colcon_core.package_identification:_identify(install) by extensions ['ignore', 'ignore_ament_install']
[0.356s] Level 1:colcon.colcon_core.package_identification:_identify(install) by extension 'ignore'
[0.356s] Level 1:colcon.colcon_core.package_identification:_identify(install) ignored
[0.356s] Level 1:colcon.colcon_core.package_identification:_identify(log) by extensions ['ignore', 'ignore_ament_install']
[0.356s] Level 1:colcon.colcon_core.package_identification:_identify(log) by extension 'ignore'
[0.356s] Level 1:colcon.colcon_core.package_identification:_identify(log) ignored
[0.356s] Level 1:colcon.colcon_core.package_identification:_identify(src) by extensions ['ignore', 'ignore_ament_install']
[0.357s] Level 1:colcon.colcon_core.package_identification:_identify(src) by extension 'ignore'
[0.357s] Level 1:colcon.colcon_core.package_identification:_identify(src) by extension 'ignore_ament_install'
[0.357s] Level 1:colcon.colcon_core.package_identification:_identify(src) by extensions ['colcon_pkg']
[0.357s] Level 1:colcon.colcon_core.package_identification:_identify(src) by extension 'colcon_pkg'
[0.357s] Level 1:colcon.colcon_core.package_identification:_identify(src) by extensions ['colcon_meta']
[0.357s] Level 1:colcon.colcon_core.package_identification:_identify(src) by extension 'colcon_meta'
[0.357s] Level 1:colcon.colcon_core.package_identification:_identify(src) by extensions ['ros']
[0.357s] Level 1:colcon.colcon_core.package_identification:_identify(src) by extension 'ros'
[0.357s] Level 1:colcon.colcon_core.package_identification:_identify(src) by extensions ['cmake', 'python']
[0.357s] Level 1:colcon.colcon_core.package_identification:_identify(src) by extension 'cmake'
[0.357s] Level 1:colcon.colcon_core.package_identification:_identify(src) by extension 'python'
[0.357s] Level 1:colcon.colcon_core.package_identification:_identify(src) by extensions ['python_setup_py']
[0.357s] Level 1:colcon.colcon_core.package_identification:_identify(src) by extension 'python_setup_py'
[0.358s] Level 1:colcon.colcon_core.package_identification:_identify(src/robot_game) by extensions ['ignore', 'ignore_ament_install']
[0.358s] Level 1:colcon.colcon_core.package_identification:_identify(src/robot_game) by extension 'ignore'
[0.358s] Level 1:colcon.colcon_core.package_identification:_identify(src/robot_game) by extension 'ignore_ament_install'
[0.358s] Level 1:colcon.colcon_core.package_identification:_identify(src/robot_game) by extensions ['colcon_pkg']
[0.358s] Level 1:colcon.colcon_core.package_identification:_identify(src/robot_game) by extension 'colcon_pkg'
[0.358s] Level 1:colcon.colcon_core.package_identification:_identify(src/robot_game) by extensions ['colcon_meta']
[0.358s] Level 1:colcon.colcon_core.package_identification:_identify(src/robot_game) by extension 'colcon_meta'
[0.358s] Level 1:colcon.colcon_core.package_identification:_identify(src/robot_game) by extensions ['ros']
[0.358s] Level 1:colcon.colcon_core.package_identification:_identify(src/robot_game) by extension 'ros'
[0.363s] DEBUG:colcon.colcon_core.package_identification:Package 'src/robot_game' with type 'ros.ament_cmake' and name 'robot_game'
[0.363s] Level 1:colcon.colcon_core.package_identification:_identify(src/robot_msgs) by extensions ['ignore', 'ignore_ament_install']
[0.363s] Level 1:colcon.colcon_core.package_identification:_identify(src/robot_msgs) by extension 'ignore'
[0.363s] Level 1:colcon.colcon_core.package_identification:_identify(src/robot_msgs) by extension 'ignore_ament_install'
[0.363s] Level 1:colcon.colcon_core.package_identification:_identify(src/robot_msgs) by extensions ['colcon_pkg']
[0.363s] Level 1:colcon.colcon_core.package_identification:_identify(src/robot_msgs) by extension 'colcon_pkg'
[0.363s] Level 1:colcon.colcon_core.package_identification:_identify(src/robot_msgs) by extensions ['colcon_meta']
[0.363s] Level 1:colcon.colcon_core.package_identification:_identify(src/robot_msgs) by extension 'colcon_meta'
[0.363s] Level 1:colcon.colcon_core.package_identification:_identify(src/robot_msgs) by extensions ['ros']
[0.363s] Level 1:colcon.colcon_core.package_identification:_identify(src/robot_msgs) by extension 'ros'
[0.365s] DEBUG:colcon.colcon_core.package_identification:Package 'src/robot_msgs' with type 'ros.ament_cmake' and name 'robot_msgs'
[0.365s] Level 1:colcon.colcon_core.package_identification:_identify(src/robot_old) by extensions ['ignore', 'ignore_ament_install']
[0.365s] Level 1:colcon.colcon_core.package_identification:_identify(src/robot_old) by extension 'ignore'
[0.365s] Level 1:colcon.colcon_core.package_identification:_identify(src/robot_old) by extension 'ignore_ament_install'
[0.365s] Level 1:colcon.colcon_core.package_identification:_identify(src/robot_old) by extensions ['colcon_pkg']
[0.365s] Level 1:colcon.colcon_core.package_identification:_identify(src/robot_old) by extension 'colcon_pkg'
[0.365s] Level 1:colcon.colcon_core.package_identification:_identify(src/robot_old) by extensions ['colcon_meta']
[0.365s] Level 1:colcon.colcon_core.package_identification:_identify(src/robot_old) by extension 'colcon_meta'
[0.365s] Level 1:colcon.colcon_core.package_identification:_identify(src/robot_old) by extensions ['ros']
[0.365s] Level 1:colcon.colcon_core.package_identification:_identify(src/robot_old) by extension 'ros'
[0.366s] DEBUG:colcon.colcon_core.package_identification:Package 'src/robot_old' with type 'ros.ament_cmake' and name 'robot_old'
[0.366s] Level 1:colcon.colcon_core.package_discovery:discover_packages(recursive) using defaults
[0.366s] Level 1:colcon.colcon_core.package_discovery:discover_packages(ignore) discover
[0.366s] Level 1:colcon.colcon_core.package_discovery:discover_packages(ignore) using defaults
[0.366s] Level 1:colcon.colcon_core.package_discovery:discover_packages(path) discover
[0.366s] Level 1:colcon.colcon_core.package_discovery:discover_packages(path) using defaults
[0.395s] Level 1:colcon.colcon_core.package_discovery:discover_packages(prefix_path) check parameters
[0.395s] Level 1:colcon.colcon_core.package_discovery:discover_packages(prefix_path) discover
[0.397s] DEBUG:colcon.colcon_installed_package_information.package_discovery:Found 3 installed packages in /home/bruithwirr/uni/ros2_ws/install
[0.398s] DEBUG:colcon.colcon_installed_package_information.package_discovery:Found 0 installed packages in /home/bruithwirr/ros2_ws/install
[0.400s] DEBUG:colcon.colcon_installed_package_information.package_discovery:Found 273 installed packages in /opt/ros/humble
[0.403s] Level 1:colcon.colcon_core.package_discovery:discover_packages(prefix_path) using defaults
[0.469s] Level 5:colcon.colcon_core.verb:set package 'robot_msgs' build argument 'cmake_args' from command line to 'None'
[0.469s] Level 5:colcon.colcon_core.verb:set package 'robot_msgs' build argument 'cmake_target' from command line to 'None'
[0.469s] Level 5:colcon.colcon_core.verb:set package 'robot_msgs' build argument 'cmake_target_skip_unavailable' from command line to 'False'
[0.469s] Level 5:colcon.colcon_core.verb:set package 'robot_msgs' build argument 'cmake_clean_cache' from command line to 'False'
[0.469s] Level 5:colcon.colcon_core.verb:set package 'robot_msgs' build argument 'cmake_clean_first' from command line to 'False'
[0.469s] Level 5:colcon.colcon_core.verb:set package 'robot_msgs' build argument 'cmake_force_configure' from command line to 'False'
[0.469s] Level 5:colcon.colcon_core.verb:set package 'robot_msgs' build argument 'ament_cmake_args' from command line to 'None'
[0.469s] Level 5:colcon.colcon_core.verb:set package 'robot_msgs' build argument 'catkin_cmake_args' from command line to 'None'
[0.469s] Level 5:colcon.colcon_core.verb:set package 'robot_msgs' build argument 'catkin_skip_building_tests' from command line to 'False'
[0.469s] DEBUG:colcon.colcon_core.verb:Building package 'robot_msgs' with the following arguments: {'ament_cmake_args': None, 'build_base': '/home/bruithwirr/uni/ros2_ws/build/robot_msgs', 'catkin_cmake_args': None, 'catkin_skip_building_tests': False, 'cmake_args': None, 'cmake_clean_cache': False, 'cmake_clean_first': False, 'cmake_force_configure': False, 'cmake_target': None, 'cmake_target_skip_unavailable': False, 'install_base': '/home/bruithwirr/uni/ros2_ws/install/robot_msgs', 'merge_install': False, 'path': '/home/bruithwirr/uni/ros2_ws/src/robot_msgs', 'symlink_install': False, 'test_result_base': None}
[0.470s] Level 5:colcon.colcon_core.verb:set package 'robot_old' build argument 'cmake_args' from command line to 'None'
[0.470s] Level 5:colcon.colcon_core.verb:set package 'robot_old' build argument 'cmake_target' from command line to 'None'
[0.470s] Level 5:colcon.colcon_core.verb:set package 'robot_old' build argument 'cmake_target_skip_unavailable' from command line to 'False'
[0.470s] Level 5:colcon.colcon_core.verb:set package 'robot_old' build argument 'cmake_clean_cache' from command line to 'False'
[0.470s] Level 5:colcon.colcon_core.verb:set package 'robot_old' build argument 'cmake_clean_first' from command line to 'False'
[0.470s] Level 5:colcon.colcon_core.verb:set package 'robot_old' build argument 'cmake_force_configure' from command line to 'False'
[0.470s] Level 5:colcon.colcon_core.verb:set package 'robot_old' build argument 'ament_cmake_args' from command line to 'None'
[0.470s] Level 5:colcon.colcon_core.verb:set package 'robot_old' build argument 'catkin_cmake_args' from command line to 'None'
[0.470s] Level 5:colcon.colcon_core.verb:set package 'robot_old' build argument 'catkin_skip_building_tests' from command line to 'False'
[0.470s] DEBUG:colcon.colcon_core.verb:Building package 'robot_old' with the following arguments: {'ament_cmake_args': None, 'build_base': '/home/bruithwirr/uni/ros2_ws/build/robot_old', 'catkin_cmake_args': None, 'catkin_skip_building_tests': False, 'cmake_args': None, 'cmake_clean_cache': False, 'cmake_clean_first': False, 'cmake_force_configure': False, 'cmake_target': None, 'cmake_target_skip_unavailable': False, 'install_base': '/home/bruithwirr/uni/ros2_ws/install/robot_old', 'merge_install': False, 'path': '/home/bruithwirr/uni/ros2_ws/src/robot_old', 'symlink_install': False, 'test_result_base': None}
[0.470s] Level 5:colcon.colcon_core.verb:set package 'robot_game' build argument 'cmake_args' from command line to 'None'
[0.471s] Level 5:colcon.colcon_core.verb:set package 'robot_game' build argument 'cmake_target' from command line to 'None'
[0.471s] Level 5:colcon.colcon_core.verb:set package 'robot_game' build argument 'cmake_target_skip_unavailable' from command line to 'False'
[0.471s] Level 5:colcon.colcon_core.verb:set package 'robot_game' build argument 'cmake_clean_cache' from command line to 'False'
[0.471s] Level 5:colcon.colcon_core.verb:set package 'robot_game' build argument 'cmake_clean_first' from command line to 'False'
[0.471s] Level 5:colcon.colcon_core.verb:set package 'robot_game' build argument 'cmake_force_configure' from command line to 'False'
[0.471s] Level 5:colcon.colcon_core.verb:set package 'robot_game' build argument 'ament_cmake_args' from command line to 'None'
[0.471s] Level 5:colcon.colcon_core.verb:set package 'robot_game' build argument 'catkin_cmake_args' from command line to 'None'
[0.471s] Level 5:colcon.colcon_core.verb:set package 'robot_game' build argument 'catkin_skip_building_tests' from command line to 'False'
[0.471s] DEBUG:colcon.colcon_core.verb:Building package 'robot_game' with the following arguments: {'ament_cmake_args': None, 'build_base': '/home/bruithwirr/uni/ros2_ws/build/robot_game', 'catkin_cmake_args': None, 'catkin_skip_building_tests': False, 'cmake_args': None, 'cmake_clean_cache': False, 'cmake_clean_first': False, 'cmake_force_configure': False, 'cmake_target': None, 'cmake_target_skip_unavailable': False, 'install_base': '/home/bruithwirr/uni/ros2_ws/install/robot_game', 'merge_install': False, 'path': '/home/bruithwirr/uni/ros2_ws/src/robot_game', 'symlink_install': False, 'test_result_base': None}
[0.471s] INFO:colcon.colcon_core.executor:Executing jobs using 'parallel' executor
[0.472s] DEBUG:colcon.colcon_parallel_executor.executor.parallel:run_until_complete
[0.473s] INFO:colcon.colcon_ros.task.ament_cmake.build:Building ROS package in '/home/bruithwirr/uni/ros2_ws/src/robot_msgs' with build type 'ament_cmake'
[0.473s] INFO:colcon.colcon_cmake.task.cmake.build:Building CMake package in '/home/bruithwirr/uni/ros2_ws/src/robot_msgs'
[0.476s] INFO:colcon.colcon_core.plugin_system:Skipping extension 'colcon_core.shell.bat': Not used on non-Windows systems
[0.476s] INFO:colcon.colcon_core.shell:Skip shell extension 'powershell' for command environment: Not usable outside of PowerShell
[0.476s] DEBUG:colcon.colcon_core.shell:Skip shell extension 'dsv' for command environment
[0.481s] INFO:colcon.colcon_ros.task.ament_cmake.build:Building ROS package in '/home/bruithwirr/uni/ros2_ws/src/robot_old' with build type 'ament_cmake'
[0.482s] INFO:colcon.colcon_cmake.task.cmake.build:Building CMake package in '/home/bruithwirr/uni/ros2_ws/src/robot_old'
[0.482s] INFO:colcon.colcon_core.shell:Skip shell extension 'powershell' for command environment: Not usable outside of PowerShell
[0.482s] DEBUG:colcon.colcon_core.shell:Skip shell extension 'dsv' for command environment
[0.494s] DEBUG:colcon.colcon_core.event_handler.log_command:Invoking command in '/home/bruithwirr/uni/ros2_ws/build/robot_msgs': CMAKE_PREFIX_PATH=${CMAKE_PREFIX_PATH}:/opt/ros/humble /usr/bin/cmake --build /home/bruithwirr/uni/ros2_ws/build/robot_msgs -- -j12 -l12
[0.500s] DEBUG:colcon.colcon_core.event_handler.log_command:Invoking command in '/home/bruithwirr/uni/ros2_ws/build/robot_old': CMAKE_PREFIX_PATH=${CMAKE_PREFIX_PATH}:/opt/ros/humble /usr/bin/cmake --build /home/bruithwirr/uni/ros2_ws/build/robot_old -- -j12 -l12
[0.559s] DEBUG:colcon.colcon_core.event_handler.log_command:Invoked command in '/home/bruithwirr/uni/ros2_ws/build/robot_old' returned '0': CMAKE_PREFIX_PATH=${CMAKE_PREFIX_PATH}:/opt/ros/humble /usr/bin/cmake --build /home/bruithwirr/uni/ros2_ws/build/robot_old -- -j12 -l12
[0.575s] DEBUG:colcon.colcon_core.event_handler.log_command:Invoking command in '/home/bruithwirr/uni/ros2_ws/build/robot_old': CMAKE_PREFIX_PATH=${CMAKE_PREFIX_PATH}:/opt/ros/humble /usr/bin/cmake --install /home/bruithwirr/uni/ros2_ws/build/robot_old
[0.595s] Level 1:colcon.colcon_core.environment:create_environment_scripts_only(robot_old)
[0.597s] DEBUG:colcon.colcon_core.event_handler.log_command:Invoked command in '/home/bruithwirr/uni/ros2_ws/build/robot_old' returned '0': CMAKE_PREFIX_PATH=${CMAKE_PREFIX_PATH}:/opt/ros/humble /usr/bin/cmake --install /home/bruithwirr/uni/ros2_ws/build/robot_old
[0.601s] Level 1:colcon.colcon_core.environment:checking '/home/bruithwirr/uni/ros2_ws/install/robot_old' for CMake module files
[0.602s] Level 1:colcon.colcon_core.environment:checking '/home/bruithwirr/uni/ros2_ws/install/robot_old' for CMake config files
[0.602s] Level 1:colcon.colcon_core.shell:create_environment_hook('robot_old', 'cmake_prefix_path')
[0.603s] INFO:colcon.colcon_core.shell:Creating environment hook '/home/bruithwirr/uni/ros2_ws/install/robot_old/share/robot_old/hook/cmake_prefix_path.ps1'
[0.604s] INFO:colcon.colcon_core.shell:Creating environment descriptor '/home/bruithwirr/uni/ros2_ws/install/robot_old/share/robot_old/hook/cmake_prefix_path.dsv'
[0.605s] INFO:colcon.colcon_core.shell:Creating environment hook '/home/bruithwirr/uni/ros2_ws/install/robot_old/share/robot_old/hook/cmake_prefix_path.sh'
[0.608s] Level 1:colcon.colcon_core.environment:checking '/home/bruithwirr/uni/ros2_ws/install/robot_old/bin'
[0.608s] Level 1:colcon.colcon_core.environment:checking '/home/bruithwirr/uni/ros2_ws/install/robot_old/lib/pkgconfig/robot_old.pc'
[0.609s] Level 1:colcon.colcon_core.environment:checking '/home/bruithwirr/uni/ros2_ws/install/robot_old/lib/python3.10/site-packages'
[0.610s] Level 1:colcon.colcon_core.environment:checking '/home/bruithwirr/uni/ros2_ws/install/robot_old/bin'
[0.610s] INFO:colcon.colcon_core.shell:Creating package script '/home/bruithwirr/uni/ros2_ws/install/robot_old/share/robot_old/package.ps1'
[0.614s] INFO:colcon.colcon_core.shell:Creating package descriptor '/home/bruithwirr/uni/ros2_ws/install/robot_old/share/robot_old/package.dsv'
[0.615s] INFO:colcon.colcon_core.shell:Creating package script '/home/bruithwirr/uni/ros2_ws/install/robot_old/share/robot_old/package.sh'
[0.616s] INFO:colcon.colcon_core.shell:Creating package script '/home/bruithwirr/uni/ros2_ws/install/robot_old/share/robot_old/package.bash'
[0.617s] INFO:colcon.colcon_core.shell:Creating package script '/home/bruithwirr/uni/ros2_ws/install/robot_old/share/robot_old/package.zsh'
[0.617s] Level 1:colcon.colcon_core.environment:create_file_with_runtime_dependencies(/home/bruithwirr/uni/ros2_ws/install/robot_old/share/colcon-core/packages/robot_old)
[0.618s] Level 1:colcon.colcon_core.environment:create_environment_scripts_only(robot_old)
[0.619s] Level 1:colcon.colcon_core.environment:checking '/home/bruithwirr/uni/ros2_ws/install/robot_old' for CMake module files
[0.619s] Level 1:colcon.colcon_core.environment:checking '/home/bruithwirr/uni/ros2_ws/install/robot_old' for CMake config files
[0.619s] Level 1:colcon.colcon_core.shell:create_environment_hook('robot_old', 'cmake_prefix_path')
[0.620s] INFO:colcon.colcon_core.shell:Creating environment hook '/home/bruithwirr/uni/ros2_ws/install/robot_old/share/robot_old/hook/cmake_prefix_path.ps1'
[0.620s] INFO:colcon.colcon_core.shell:Creating environment descriptor '/home/bruithwirr/uni/ros2_ws/install/robot_old/share/robot_old/hook/cmake_prefix_path.dsv'
[0.621s] INFO:colcon.colcon_core.shell:Creating environment hook '/home/bruithwirr/uni/ros2_ws/install/robot_old/share/robot_old/hook/cmake_prefix_path.sh'
[0.621s] Level 1:colcon.colcon_core.environment:checking '/home/bruithwirr/uni/ros2_ws/install/robot_old/bin'
[0.621s] Level 1:colcon.colcon_core.environment:checking '/home/bruithwirr/uni/ros2_ws/install/robot_old/lib/pkgconfig/robot_old.pc'
[0.622s] Level 1:colcon.colcon_core.environment:checking '/home/bruithwirr/uni/ros2_ws/install/robot_old/lib/python3.10/site-packages'
[0.622s] Level 1:colcon.colcon_core.environment:checking '/home/bruithwirr/uni/ros2_ws/install/robot_old/bin'
[0.622s] INFO:colcon.colcon_core.shell:Creating package script '/home/bruithwirr/uni/ros2_ws/install/robot_old/share/robot_old/package.ps1'
[0.623s] INFO:colcon.colcon_core.shell:Creating package descriptor '/home/bruithwirr/uni/ros2_ws/install/robot_old/share/robot_old/package.dsv'
[0.624s] INFO:colcon.colcon_core.shell:Creating package script '/home/bruithwirr/uni/ros2_ws/install/robot_old/share/robot_old/package.sh'
[0.624s] INFO:colcon.colcon_core.shell:Creating package script '/home/bruithwirr/uni/ros2_ws/install/robot_old/share/robot_old/package.bash'
[0.625s] INFO:colcon.colcon_core.shell:Creating package script '/home/bruithwirr/uni/ros2_ws/install/robot_old/share/robot_old/package.zsh'
[0.625s] Level 1:colcon.colcon_core.environment:create_file_with_runtime_dependencies(/home/bruithwirr/uni/ros2_ws/install/robot_old/share/colcon-core/packages/robot_old)
[1.021s] DEBUG:colcon.colcon_core.event_handler.log_command:Invoked command in '/home/bruithwirr/uni/ros2_ws/build/robot_msgs' returned '0': CMAKE_PREFIX_PATH=${CMAKE_PREFIX_PATH}:/opt/ros/humble /usr/bin/cmake --build /home/bruithwirr/uni/ros2_ws/build/robot_msgs -- -j12 -l12
[1.024s] DEBUG:colcon.colcon_core.event_handler.log_command:Invoking command in '/home/bruithwirr/uni/ros2_ws/build/robot_msgs': CMAKE_PREFIX_PATH=${CMAKE_PREFIX_PATH}:/opt/ros/humble /usr/bin/cmake --install /home/bruithwirr/uni/ros2_ws/build/robot_msgs
[1.105s] Level 1:colcon.colcon_core.environment:create_environment_scripts_only(robot_msgs)
[1.106s] Level 1:colcon.colcon_core.environment:checking '/home/bruithwirr/uni/ros2_ws/install/robot_msgs' for CMake module files
[1.106s] DEBUG:colcon.colcon_core.event_handler.log_command:Invoked command in '/home/bruithwirr/uni/ros2_ws/build/robot_msgs' returned '0': CMAKE_PREFIX_PATH=${CMAKE_PREFIX_PATH}:/opt/ros/humble /usr/bin/cmake --install /home/bruithwirr/uni/ros2_ws/build/robot_msgs
[1.107s] Level 1:colcon.colcon_core.environment:checking '/home/bruithwirr/uni/ros2_ws/install/robot_msgs' for CMake config files
[1.108s] Level 1:colcon.colcon_core.shell:create_environment_hook('robot_msgs', 'cmake_prefix_path')
[1.108s] INFO:colcon.colcon_core.shell:Creating environment hook '/home/bruithwirr/uni/ros2_ws/install/robot_msgs/share/robot_msgs/hook/cmake_prefix_path.ps1'
[1.109s] INFO:colcon.colcon_core.shell:Creating environment descriptor '/home/bruithwirr/uni/ros2_ws/install/robot_msgs/share/robot_msgs/hook/cmake_prefix_path.dsv'
[1.110s] INFO:colcon.colcon_core.shell:Creating environment hook '/home/bruithwirr/uni/ros2_ws/install/robot_msgs/share/robot_msgs/hook/cmake_prefix_path.sh'
[1.111s] Level 1:colcon.colcon_core.environment:checking '/home/bruithwirr/uni/ros2_ws/install/robot_msgs/lib'
[1.111s] Level 1:colcon.colcon_core.shell:create_environment_hook('robot_msgs', 'ld_library_path_lib')
[1.111s] INFO:colcon.colcon_core.shell:Creating environment hook '/home/bruithwirr/uni/ros2_ws/install/robot_msgs/share/robot_msgs/hook/ld_library_path_lib.ps1'
[1.112s] INFO:colcon.colcon_core.shell:Creating environment descriptor '/home/bruithwirr/uni/ros2_ws/install/robot_msgs/share/robot_msgs/hook/ld_library_path_lib.dsv'
[1.112s] INFO:colcon.colcon_core.shell:Creating environment hook '/home/bruithwirr/uni/ros2_ws/install/robot_msgs/share/robot_msgs/hook/ld_library_path_lib.sh'
[1.113s] Level 1:colcon.colcon_core.environment:checking '/home/bruithwirr/uni/ros2_ws/install/robot_msgs/bin'
[1.113s] Level 1:colcon.colcon_core.environment:checking '/home/bruithwirr/uni/ros2_ws/install/robot_msgs/lib/pkgconfig/robot_msgs.pc'
[1.113s] Level 1:colcon.colcon_core.environment:checking '/home/bruithwirr/uni/ros2_ws/install/robot_msgs/lib/python3.10/site-packages'
[1.114s] Level 1:colcon.colcon_core.environment:checking '/home/bruithwirr/uni/ros2_ws/install/robot_msgs/bin'
[1.114s] INFO:colcon.colcon_core.shell:Creating package script '/home/bruithwirr/uni/ros2_ws/install/robot_msgs/share/robot_msgs/package.ps1'
[1.115s] INFO:colcon.colcon_core.shell:Creating package descriptor '/home/bruithwirr/uni/ros2_ws/install/robot_msgs/share/robot_msgs/package.dsv'
[1.115s] INFO:colcon.colcon_core.shell:Creating package script '/home/bruithwirr/uni/ros2_ws/install/robot_msgs/share/robot_msgs/package.sh'
[1.116s] INFO:colcon.colcon_core.shell:Creating package script '/home/bruithwirr/uni/ros2_ws/install/robot_msgs/share/robot_msgs/package.bash'
[1.116s] INFO:colcon.colcon_core.shell:Creating package script '/home/bruithwirr/uni/ros2_ws/install/robot_msgs/share/robot_msgs/package.zsh'
[1.117s] Level 1:colcon.colcon_core.environment:create_file_with_runtime_dependencies(/home/bruithwirr/uni/ros2_ws/install/robot_msgs/share/colcon-core/packages/robot_msgs)
[1.117s] Level 1:colcon.colcon_core.environment:create_environment_scripts_only(robot_msgs)
[1.118s] Level 1:colcon.colcon_core.environment:checking '/home/bruithwirr/uni/ros2_ws/install/robot_msgs' for CMake module files
[1.119s] Level 1:colcon.colcon_core.environment:checking '/home/bruithwirr/uni/ros2_ws/install/robot_msgs' for CMake config files
[1.119s] Level 1:colcon.colcon_core.shell:create_environment_hook('robot_msgs', 'cmake_prefix_path')
[1.119s] INFO:colcon.colcon_core.shell:Creating environment hook '/home/bruithwirr/uni/ros2_ws/install/robot_msgs/share/robot_msgs/hook/cmake_prefix_path.ps1'
[1.120s] INFO:colcon.colcon_core.shell:Creating environment descriptor '/home/bruithwirr/uni/ros2_ws/install/robot_msgs/share/robot_msgs/hook/cmake_prefix_path.dsv'
[1.120s] INFO:colcon.colcon_core.shell:Creating environment hook '/home/bruithwirr/uni/ros2_ws/install/robot_msgs/share/robot_msgs/hook/cmake_prefix_path.sh'
[1.121s] Level 1:colcon.colcon_core.environment:checking '/home/bruithwirr/uni/ros2_ws/install/robot_msgs/lib'
[1.121s] Level 1:colcon.colcon_core.shell:create_environment_hook('robot_msgs', 'ld_library_path_lib')
[1.121s] INFO:colcon.colcon_core.shell:Creating environment hook '/home/bruithwirr/uni/ros2_ws/install/robot_msgs/share/robot_msgs/hook/ld_library_path_lib.ps1'
[1.121s] INFO:colcon.colcon_core.shell:Creating environment descriptor '/home/bruithwirr/uni/ros2_ws/install/robot_msgs/share/robot_msgs/hook/ld_library_path_lib.dsv'
[1.122s] INFO:colcon.colcon_core.shell:Creating environment hook '/home/bruithwirr/uni/ros2_ws/install/robot_msgs/share/robot_msgs/hook/ld_library_path_lib.sh'
[1.122s] Level 1:colcon.colcon_core.environment:checking '/home/bruithwirr/uni/ros2_ws/install/robot_msgs/bin'
[1.122s] Level 1:colcon.colcon_core.environment:checking '/home/bruithwirr/uni/ros2_ws/install/robot_msgs/lib/pkgconfig/robot_msgs.pc'
[1.123s] Level 1:colcon.colcon_core.environment:checking '/home/bruithwirr/uni/ros2_ws/install/robot_msgs/lib/python3.10/site-packages'
[1.123s] Level 1:colcon.colcon_core.environment:checking '/home/bruithwirr/uni/ros2_ws/install/robot_msgs/bin'
[1.123s] INFO:colcon.colcon_core.shell:Creating package script '/home/bruithwirr/uni/ros2_ws/install/robot_msgs/share/robot_msgs/package.ps1'
[1.124s] INFO:colcon.colcon_core.shell:Creating package descriptor '/home/bruithwirr/uni/ros2_ws/install/robot_msgs/share/robot_msgs/package.dsv'
[1.125s] INFO:colcon.colcon_core.shell:Creating package script '/home/bruithwirr/uni/ros2_ws/install/robot_msgs/share/robot_msgs/package.sh'
[1.126s] INFO:colcon.colcon_core.shell:Creating package script '/home/bruithwirr/uni/ros2_ws/install/robot_msgs/share/robot_msgs/package.bash'
[1.126s] INFO:colcon.colcon_core.shell:Creating package script '/home/bruithwirr/uni/ros2_ws/install/robot_msgs/share/robot_msgs/package.zsh'
[1.127s] Level 1:colcon.colcon_core.environment:create_file_with_runtime_dependencies(/home/bruithwirr/uni/ros2_ws/install/robot_msgs/share/colcon-core/packages/robot_msgs)
[1.127s] INFO:colcon.colcon_ros.task.ament_cmake.build:Building ROS package in '/home/bruithwirr/uni/ros2_ws/src/robot_game' with build type 'ament_cmake'
[1.127s] INFO:colcon.colcon_cmake.task.cmake.build:Building CMake package in '/home/bruithwirr/uni/ros2_ws/src/robot_game'
[1.127s] INFO:colcon.colcon_core.shell:Skip shell extension 'powershell' for command environment: Not usable outside of PowerShell
[1.128s] DEBUG:colcon.colcon_core.shell:Skip shell extension 'dsv' for command environment
[1.145s] DEBUG:colcon.colcon_core.event_handler.log_command:Invoking command in '/home/bruithwirr/uni/ros2_ws/build/robot_game': CMAKE_PREFIX_PATH=/home/bruithwirr/uni/ros2_ws/install/robot_msgs:/home/bruithwirr/uni/ros2_ws/install/robot_old:/home/bruithwirr/uni/ros2_ws/install/robot_game:/opt/ros/humble /usr/bin/cmake --build /home/bruithwirr/uni/ros2_ws/build/robot_game -- -j12 -l12
[1.272s] DEBUG:colcon.colcon_core.event_handler.log_command:Invoked command in '/home/bruithwirr/uni/ros2_ws/build/robot_game' returned '0': CMAKE_PREFIX_PATH=/home/bruithwirr/uni/ros2_ws/install/robot_msgs:/home/bruithwirr/uni/ros2_ws/install/robot_old:/home/bruithwirr/uni/ros2_ws/install/robot_game:/opt/ros/humble /usr/bin/cmake --build /home/bruithwirr/uni/ros2_ws/build/robot_game -- -j12 -l12
[1.274s] DEBUG:colcon.colcon_core.event_handler.log_command:Invoking command in '/home/bruithwirr/uni/ros2_ws/build/robot_game': CMAKE_PREFIX_PATH=/home/bruithwirr/uni/ros2_ws/install/robot_msgs:/home/bruithwirr/uni/ros2_ws/install/robot_old:/home/bruithwirr/uni/ros2_ws/install/robot_game:/opt/ros/humble /usr/bin/cmake --install /home/bruithwirr/uni/ros2_ws/build/robot_game
[1.293s] Level 1:colcon.colcon_core.environment:create_environment_scripts_only(robot_game)
[1.294s] Level 1:colcon.colcon_core.environment:checking '/home/bruithwirr/uni/ros2_ws/install/robot_game' for CMake module files
[1.294s] DEBUG:colcon.colcon_core.event_handler.log_command:Invoked command in '/home/bruithwirr/uni/ros2_ws/build/robot_game' returned '0': CMAKE_PREFIX_PATH=/home/bruithwirr/uni/ros2_ws/install/robot_msgs:/home/bruithwirr/uni/ros2_ws/install/robot_old:/home/bruithwirr/uni/ros2_ws/install/robot_game:/opt/ros/humble /usr/bin/cmake --install /home/bruithwirr/uni/ros2_ws/build/robot_game
[1.295s] Level 1:colcon.colcon_core.environment:checking '/home/bruithwirr/uni/ros2_ws/install/robot_game' for CMake config files
[1.295s] Level 1:colcon.colcon_core.shell:create_environment_hook('robot_game', 'cmake_prefix_path')
[1.296s] INFO:colcon.colcon_core.shell:Creating environment hook '/home/bruithwirr/uni/ros2_ws/install/robot_game/share/robot_game/hook/cmake_prefix_path.ps1'
[1.296s] INFO:colcon.colcon_core.shell:Creating environment descriptor '/home/bruithwirr/uni/ros2_ws/install/robot_game/share/robot_game/hook/cmake_prefix_path.dsv'
[1.297s] INFO:colcon.colcon_core.shell:Creating environment hook '/home/bruithwirr/uni/ros2_ws/install/robot_game/share/robot_game/hook/cmake_prefix_path.sh'
[1.298s] Level 1:colcon.colcon_core.environment:checking '/home/bruithwirr/uni/ros2_ws/install/robot_game/lib'
[1.298s] Level 1:colcon.colcon_core.environment:checking '/home/bruithwirr/uni/ros2_ws/install/robot_game/bin'
[1.298s] Level 1:colcon.colcon_core.environment:checking '/home/bruithwirr/uni/ros2_ws/install/robot_game/lib/pkgconfig/robot_game.pc'
[1.298s] Level 1:colcon.colcon_core.environment:checking '/home/bruithwirr/uni/ros2_ws/install/robot_game/lib/python3.10/site-packages'
[1.299s] Level 1:colcon.colcon_core.environment:checking '/home/bruithwirr/uni/ros2_ws/install/robot_game/bin'
[1.299s] INFO:colcon.colcon_core.shell:Creating package script '/home/bruithwirr/uni/ros2_ws/install/robot_game/share/robot_game/package.ps1'
[1.300s] INFO:colcon.colcon_core.shell:Creating package descriptor '/home/bruithwirr/uni/ros2_ws/install/robot_game/share/robot_game/package.dsv'
[1.301s] INFO:colcon.colcon_core.shell:Creating package script '/home/bruithwirr/uni/ros2_ws/install/robot_game/share/robot_game/package.sh'
[1.301s] INFO:colcon.colcon_core.shell:Creating package script '/home/bruithwirr/uni/ros2_ws/install/robot_game/share/robot_game/package.bash'
[1.302s] INFO:colcon.colcon_core.shell:Creating package script '/home/bruithwirr/uni/ros2_ws/install/robot_game/share/robot_game/package.zsh'
[1.302s] Level 1:colcon.colcon_core.environment:create_file_with_runtime_dependencies(/home/bruithwirr/uni/ros2_ws/install/robot_game/share/colcon-core/packages/robot_game)
[1.303s] Level 1:colcon.colcon_core.environment:create_environment_scripts_only(robot_game)
[1.303s] Level 1:colcon.colcon_core.environment:checking '/home/bruithwirr/uni/ros2_ws/install/robot_game' for CMake module files
[1.304s] Level 1:colcon.colcon_core.environment:checking '/home/bruithwirr/uni/ros2_ws/install/robot_game' for CMake config files
[1.304s] Level 1:colcon.colcon_core.shell:create_environment_hook('robot_game', 'cmake_prefix_path')
[1.305s] INFO:colcon.colcon_core.shell:Creating environment hook '/home/bruithwirr/uni/ros2_ws/install/robot_game/share/robot_game/hook/cmake_prefix_path.ps1'
[1.305s] INFO:colcon.colcon_core.shell:Creating environment descriptor '/home/bruithwirr/uni/ros2_ws/install/robot_game/share/robot_game/hook/cmake_prefix_path.dsv'
[1.306s] INFO:colcon.colcon_core.shell:Creating environment hook '/home/bruithwirr/uni/ros2_ws/install/robot_game/share/robot_game/hook/cmake_prefix_path.sh'
[1.306s] Level 1:colcon.colcon_core.environment:checking '/home/bruithwirr/uni/ros2_ws/install/robot_game/lib'
[1.306s] Level 1:colcon.colcon_core.environment:checking '/home/bruithwirr/uni/ros2_ws/install/robot_game/bin'
[1.306s] Level 1:colcon.colcon_core.environment:checking '/home/bruithwirr/uni/ros2_ws/install/robot_game/lib/pkgconfig/robot_game.pc'
[1.307s] Level 1:colcon.colcon_core.environment:checking '/home/bruithwirr/uni/ros2_ws/install/robot_game/lib/python3.10/site-packages'
[1.307s] Level 1:colcon.colcon_core.environment:checking '/home/bruithwirr/uni/ros2_ws/install/robot_game/bin'
[1.307s] INFO:colcon.colcon_core.shell:Creating package script '/home/bruithwirr/uni/ros2_ws/install/robot_game/share/robot_game/package.ps1'
[1.308s] INFO:colcon.colcon_core.shell:Creating package descriptor '/home/bruithwirr/uni/ros2_ws/install/robot_game/share/robot_game/package.dsv'
[1.309s] INFO:colcon.colcon_core.shell:Creating package script '/home/bruithwirr/uni/ros2_ws/install/robot_game/share/robot_game/package.sh'
[1.309s] INFO:colcon.colcon_core.shell:Creating package script '/home/bruithwirr/uni/ros2_ws/install/robot_game/share/robot_game/package.bash'
[1.310s] INFO:colcon.colcon_core.shell:Creating package script '/home/bruithwirr/uni/ros2_ws/install/robot_game/share/robot_game/package.zsh'
[1.310s] Level 1:colcon.colcon_core.environment:create_file_with_runtime_dependencies(/home/bruithwirr/uni/ros2_ws/install/robot_game/share/colcon-core/packages/robot_game)
[1.311s] DEBUG:colcon.colcon_parallel_executor.executor.parallel:closing loop
[1.311s] DEBUG:colcon.colcon_parallel_executor.executor.parallel:loop closed
[1.311s] DEBUG:colcon.colcon_parallel_executor.executor.parallel:run_until_complete finished with '0'
[1.312s] DEBUG:colcon.colcon_core.event_reactor:joining thread
[1.319s] INFO:colcon.colcon_core.plugin_system:Skipping extension 'colcon_notification.desktop_notification.terminal_notifier': Not used on non-Darwin systems
[1.319s] INFO:colcon.colcon_core.plugin_system:Skipping extension 'colcon_notification.desktop_notification.win32': Not used on non-Windows systems
[1.319s] INFO:colcon.colcon_notification.desktop_notification:Sending desktop notification using 'notify2'
[1.334s] DEBUG:colcon.colcon_core.event_reactor:joined thread
[1.334s] INFO:colcon.colcon_core.shell:Creating prefix script '/home/bruithwirr/uni/ros2_ws/install/local_setup.ps1'
[1.336s] INFO:colcon.colcon_core.shell:Creating prefix util module '/home/bruithwirr/uni/ros2_ws/install/_local_setup_util_ps1.py'
[1.337s] INFO:colcon.colcon_core.shell:Creating prefix chain script '/home/bruithwirr/uni/ros2_ws/install/setup.ps1'
[1.339s] INFO:colcon.colcon_core.shell:Creating prefix script '/home/bruithwirr/uni/ros2_ws/install/local_setup.sh'
[1.340s] INFO:colcon.colcon_core.shell:Creating prefix util module '/home/bruithwirr/uni/ros2_ws/install/_local_setup_util_sh.py'
[1.341s] INFO:colcon.colcon_core.shell:Creating prefix chain script '/home/bruithwirr/uni/ros2_ws/install/setup.sh'
[1.342s] INFO:colcon.colcon_core.shell:Creating prefix script '/home/bruithwirr/uni/ros2_ws/install/local_setup.bash'
[1.343s] INFO:colcon.colcon_core.shell:Creating prefix chain script '/home/bruithwirr/uni/ros2_ws/install/setup.bash'
[1.344s] INFO:colcon.colcon_core.shell:Creating prefix script '/home/bruithwirr/uni/ros2_ws/install/local_setup.zsh'
[1.345s] INFO:colcon.colcon_core.shell:Creating prefix chain script '/home/bruithwirr/uni/ros2_ws/install/setup.zsh'
