[0.014s] Invoking command in '/home/bruithwirr/uni/ros2_ws/build/robot_game': CMAKE_PREFIX_PATH=/home/bruithwirr/uni/ros2_ws/install/robot_msgs:/home/bruithwirr/uni/ros2_ws/install/robot_old:/home/bruithwirr/uni/ros2_ws/install/robot_game:/opt/ros/humble /usr/bin/cmake --build /home/bruithwirr/uni/ros2_ws/build/robot_game -- -j12 -l12
[0.101s] [ 15%] Built target keyboard_node
[0.103s] [ 30%] [32mBuilding CXX object CMakeFiles/game_node.dir/src/ConfigParser.cpp.o[0m
[0.104s] [ 38%] [32mBuilding CXX object CMakeFiles/robot_node.dir/src/ConfigParser.cpp.o[0m
[0.104s] [ 38%] [32mBuilding CXX object CMakeFiles/robot_node.dir/src/RobotNode.cpp.o[0m
[0.104s] [ 46%] [32mBuilding CXX object CMakeFiles/game_node.dir/src/GameNode.cpp.o[0m
[0.127s] [01m[Kcc1plus:[m[K [01;31m[Kfatal error: [m[K/home/bruithwirr/uni/ros2_ws/src/robot_game/src/ConfigParser.cpp: No such file or directory
[0.127s] [01m[Kcc1plus:[m[K [01;31m[Kfatal error: [m[K/home/bruithwirr/uni/ros2_ws/src/robot_game/src/ConfigParser.cpp: No such file or directory
[0.128s] compilation terminated.
[0.128s] compilation terminated.
[0.129s] gmake[2]: *** [CMakeFiles/game_node.dir/build.make:90: CMakeFiles/game_node.dir/src/ConfigParser.cpp.o] Error 1
[0.129s] gmake[2]: *** [CMakeFiles/robot_node.dir/build.make:90: CMakeFiles/robot_node.dir/src/ConfigParser.cpp.o] Error 1
[0.129s] gmake[2]: *** Waiting for unfinished jobs....
[0.129s] gmake[2]: *** Waiting for unfinished jobs....
[4.210s] In file included from [01m[K/home/bruithwirr/uni/ros2_ws/src/robot_game/include/RobotNode.h:9[m[K,
[4.210s]                  from [01m[K/home/bruithwirr/uni/ros2_ws/src/robot_game/src/RobotNode.cpp:1[m[K:
[4.210s] [01m[K/home/bruithwirr/uni/ros2_ws/src/robot_game/../robot_old/include/robot/Robot.h:25:84:[m[K [01;35m[Kwarning: [m[Kmissing initializer for member ‘[01m[Kgeometry::RobotState::velocity[m[K’ [[01;35m[K]8;;https://gcc.gnu.org/onlinedocs/gcc/Warning-Options.html#index-Wmissing-field-initializers-Wmissing-field-initializers]8;;[m[K]
[4.210s]    25 |         geometry::RobotState initial_state = geometry::RobotState{200.0, 200.0, 0.0[01;35m[K}[m[K,
[4.210s]       |                                                                                    [01;35m[K^[m[K
[11.356s] gmake[1]: *** [CMakeFiles/Makefile2:193: CMakeFiles/game_node.dir/all] Error 2
[11.356s] gmake[1]: *** Waiting for unfinished jobs....
[12.221s] gmake[1]: *** [CMakeFiles/Makefile2:167: CMakeFiles/robot_node.dir/all] Error 2
[12.222s] gmake: *** [Makefile:146: all] Error 2
[12.224s] Invoked command in '/home/bruithwirr/uni/ros2_ws/build/robot_game' returned '2': CMAKE_PREFIX_PATH=/home/bruithwirr/uni/ros2_ws/install/robot_msgs:/home/bruithwirr/uni/ros2_ws/install/robot_old:/home/bruithwirr/uni/ros2_ws/install/robot_game:/opt/ros/humble /usr/bin/cmake --build /home/bruithwirr/uni/ros2_ws/build/robot_game -- -j12 -l12
