In file included from [01m[K/home/bruithwirr/uni/ros2_ws/src/robot_game/src/KeyboardNode.cpp:1[m[K:
[01m[K/home/bruithwirr/uni/ros2_ws/src/robot_game/include/KeyboardNode.h:19:42:[m[K [01;31m[Kerror: [m[Ktemplate argument 1 is invalid
   19 |     rclcpp::Publisher<std_msgs::msg::Bool[01;31m[K>[m[K::SharedPtr bot_toggle_pub_;
      |                                          [01;31m[K^[m[K
[01m[K/home/bruithwirr/uni/ros2_ws/src/robot_game/include/KeyboardNode.h:19:45:[m[K [01;31m[Kerror: [m[Kexpected ‘[01m[K;[m[K’ at end of member declaration
   19 |     rclcpp::Publisher<std_msgs::msg::Bool>::[01;31m[KSharedPtr[m[K bot_toggle_pub_;
      |                                             [01;31m[K^~~~~~~~~[m[K
      |                                                      [32m[K;[m[K
[01m[K/home/bruithwirr/uni/ros2_ws/src/robot_game/include/KeyboardNode.h:19:55:[m[K [01;31m[Kerror: [m[K‘[01m[Kbot_toggle_pub_[m[K’ does not name a type
   19 |     rclcpp::Publisher<std_msgs::msg::Bool>::SharedPtr [01;31m[Kbot_toggle_pub_[m[K;
      |                                                       [01;31m[K^~~~~~~~~~~~~~~[m[K
[01m[K/home/bruithwirr/uni/ros2_ws/src/robot_game/src/KeyboardNode.cpp:[m[K In constructor ‘[01m[KKeyboardNode::KeyboardNode()[m[K’:
[01m[K/home/bruithwirr/uni/ros2_ws/src/robot_game/src/KeyboardNode.cpp:13:5:[m[K [01;31m[Kerror: [m[K‘[01m[Kbot_toggle_pub_[m[K’ was not declared in this scope
   13 |     [01;31m[Kbot_toggle_pub_[m[K = this->create_publisher<std_msgs::msg::Bool>(
      |     [01;31m[K^~~~~~~~~~~~~~~[m[K
[01m[K/home/bruithwirr/uni/ros2_ws/src/robot_game/src/KeyboardNode.cpp:13:29:[m[K [01;31m[Kerror: [m[Kparse error in template argument list
   13 |     bot_toggle_pub_ = this->[01;31m[Kcreate_publisher<std_msgs::msg::Bool>[m[K(
      |                             [01;31m[K^~~~~~~~~~~~~~~~~~~~~~~~~~~~~~~~~~~~~[m[K
[01m[K/home/bruithwirr/uni/ros2_ws/src/robot_game/src/KeyboardNode.cpp:13:66:[m[K [01;31m[Kerror: [m[Kno matching function for call to ‘[01m[KKeyboardNode::create_publisher<<expression error> >(const char [12], int)[m[K’
   13 |     bot_toggle_pub_ = [01;31m[Kthis->create_publisher<std_msgs::msg::Bool>([m[K
      |                       [01;31m[K~~~~~~~~~~~~~~~~~~~~~~~~~~~~~~~~~~~~~~~~~~~^[m[K
   14 | [01;31m[K        "/bot_toggle", 10[m[K
      |         [01;31m[K~~~~~~~~~~~~~~~~~[m[K                                         
   15 | [01;31m[K    )[m[K;
      |     [01;31m[K~[m[K                                                             
In file included from [01m[K/opt/ros/humble/include/rclcpp/rclcpp/node.hpp:1321[m[K,
                 from [01m[K/opt/ros/humble/include/rclcpp/rclcpp/executors/single_threaded_executor.hpp:28[m[K,
                 from [01m[K/opt/ros/humble/include/rclcpp/rclcpp/executors.hpp:22[m[K,
                 from [01m[K/opt/ros/humble/include/rclcpp/rclcpp/rclcpp.hpp:155[m[K,
                 from [01m[K/home/bruithwirr/uni/ros2_ws/src/robot_game/include/KeyboardNode.h:3[m[K,
                 from [01m[K/home/bruithwirr/uni/ros2_ws/src/robot_game/src/KeyboardNode.cpp:1[m[K:
[01m[K/opt/ros/humble/include/rclcpp/rclcpp/node_impl.hpp:73:1:[m[K [01;36m[Knote: [m[Kcandidate: ‘[01m[Ktemplate<class MessageT, class AllocatorT, class PublisherT> std::shared_ptr<PublisherT> rclcpp::Node::create_publisher(const string&, const rclcpp::QoS&, const rclcpp::PublisherOptionsWithAllocator<AllocatorT>&)[m[K’
   73 | [01;36m[KNode[m[K::create_publisher(
      | [01;36m[K^~~~[m[K
[01m[K/opt/ros/humble/include/rclcpp/rclcpp/node_impl.hpp:73:1:[m[K [01;36m[Knote: [m[K  template argument deduction/substitution failed:
[01m[K/home/bruithwirr/uni/ros2_ws/src/robot_game/src/KeyboardNode.cpp:13:66:[m[K [01;31m[Kerror: [m[Ktemplate argument 1 is invalid
   13 |     bot_toggle_pub_ = [01;31m[Kthis->create_publisher<std_msgs::msg::Bool>([m[K
      |                       [01;31m[K~~~~~~~~~~~~~~~~~~~~~~~~~~~~~~~~~~~~~~~~~~~^[m[K
   14 | [01;31m[K        "/bot_toggle", 10[m[K
      |         [01;31m[K~~~~~~~~~~~~~~~~~[m[K                                         
   15 | [01;31m[K    )[m[K;
      |     [01;31m[K~[m[K                                                             
[01m[K/home/bruithwirr/uni/ros2_ws/src/robot_game/src/KeyboardNode.cpp:[m[K In member function ‘[01m[Kvoid KeyboardNode::timerCallback()[m[K’:
[01m[K/home/bruithwirr/uni/ros2_ws/src/robot_game/src/KeyboardNode.cpp:70:9:[m[K [01;31m[Kerror: [m[K‘[01m[Kbot_toggle_pub_[m[K’ was not declared in this scope
   70 |         [01;31m[Kbot_toggle_pub_[m[K->publish(toggle_msg);
      |         [01;31m[K^~~~~~~~~~~~~~~[m[K
gmake[2]: *** [CMakeFiles/keyboard_node.dir/build.make:76: CMakeFiles/keyboard_node.dir/src/KeyboardNode.cpp.o] Error 1
gmake[1]: *** [CMakeFiles/Makefile2:141: CMakeFiles/keyboard_node.dir/all] Error 2
gmake[1]: *** Waiting for unfinished jobs....
In file included from [01m[K/home/bruithwirr/uni/ros2_ws/src/robot_game/src/GameNode.cpp:1[m[K:
[01m[K/home/bruithwirr/uni/ros2_ws/src/robot_game/include/GameNode.h:26:43:[m[K [01;31m[Kerror: [m[K‘[01m[KBool[m[K’ in namespace ‘[01m[Kstd_msgs::msg[m[K’ does not name a type
   26 |     void onBotToggle(const std_msgs::msg::[01;31m[KBool[m[K::SharedPtr msg);
      |                                           [01;31m[K^~~~[m[K
[01m[K/home/bruithwirr/uni/ros2_ws/src/robot_game/include/GameNode.h:26:59:[m[K [01;31m[Kerror: [m[Kexpected unqualified-id before ‘[01m[Kmsg[m[K’
   26 |     void onBotToggle(const std_msgs::msg::Bool::SharedPtr [01;31m[Kmsg[m[K);
      |                                                           [01;31m[K^~~[m[K
[01m[K/home/bruithwirr/uni/ros2_ws/src/robot_game/include/GameNode.h:26:58:[m[K [01;31m[Kerror: [m[Kexpected ‘[01m[K)[m[K’ before ‘[01m[Kmsg[m[K’
   26 |     void onBotToggle[34m[K([m[Kconst std_msgs::msg::Bool::SharedPtr[01;31m[K [m[K[32m[Kmsg[m[K);
      |                     [34m[K~[m[K                                    [01;31m[K^[m[K[32m[K~~~[m[K
      |                                                          [32m[K)[m[K
[01m[K/home/bruithwirr/uni/ros2_ws/src/robot_game/include/GameNode.h:26:49:[m[K [01;31m[Kerror: [m[Kexpected ‘[01m[K;[m[K’ at end of member declaration
   26 |     void onBotToggle(const std_msgs::msg::Bool::[01;31m[KSharedPtr[m[K msg);
      |                                                 [01;31m[K^~~~~~~~~[m[K
      |                                                          [32m[K;[m[K
[01m[K/home/bruithwirr/uni/ros2_ws/src/robot_game/include/GameNode.h:26:59:[m[K [01;31m[Kerror: [m[K‘[01m[Kmsg[m[K’ does not name a type
   26 |     void onBotToggle(const std_msgs::msg::Bool::SharedPtr [01;31m[Kmsg[m[K);
      |                                                           [01;31m[K^~~[m[K
[01m[K/home/bruithwirr/uni/ros2_ws/src/robot_game/include/GameNode.h:38:41:[m[K [01;31m[Kerror: [m[K‘[01m[KEmpty[m[K’ is not a member of ‘[01m[Kstd_msgs::msg[m[K’; did you mean ‘[01m[Krclcpp::Empty[m[K’?
   38 |     rclcpp::Subscription<std_msgs::msg::[01;31m[KEmpty[m[K>::SharedPtr bot_toggle_sub_;
      |                                         [01;31m[K^~~~~[m[K
In file included from [01m[K/opt/ros/humble/include/rclcpp/rclcpp/wait_result.hpp:25[m[K,
                 from [01m[K/opt/ros/humble/include/rclcpp/rclcpp/wait_set_policies/sequential_synchronization.hpp:32[m[K,
                 from [01m[K/opt/ros/humble/include/rclcpp/rclcpp/wait_set.hpp:26[m[K,
                 from [01m[K/opt/ros/humble/include/rclcpp/rclcpp/rclcpp.hpp:168[m[K,
                 from [01m[K/home/bruithwirr/uni/ros2_ws/src/robot_game/include/GameNode.h:3[m[K,
                 from [01m[K/home/bruithwirr/uni/ros2_ws/src/robot_game/src/GameNode.cpp:1[m[K:
[01m[K/opt/ros/humble/include/rclcpp/rclcpp/wait_result_kind.hpp:28:3:[m[K [01;36m[Knote: [m[K‘[01m[Krclcpp::Empty[m[K’ declared here
   28 |   [01;36m[KEmpty[m[K,  //<! Kind used when trying to wait on an empty wait set.
      |   [01;36m[K^~~~~[m[K
In file included from [01m[K/home/bruithwirr/uni/ros2_ws/src/robot_game/src/GameNode.cpp:1[m[K:
[01m[K/home/bruithwirr/uni/ros2_ws/src/robot_game/include/GameNode.h:38:46:[m[K [01;31m[Kerror: [m[Ktemplate argument 1 is invalid
   38 |     rclcpp::Subscription<std_msgs::msg::Empty[01;31m[K>[m[K::SharedPtr bot_toggle_sub_;
      |                                              [01;31m[K^[m[K
[01m[K/home/bruithwirr/uni/ros2_ws/src/robot_game/include/GameNode.h:38:46:[m[K [01;31m[Kerror: [m[Ktemplate argument 3 is invalid
[01m[K/home/bruithwirr/uni/ros2_ws/src/robot_game/include/GameNode.h:38:46:[m[K [01;31m[Kerror: [m[Ktemplate argument 4 is invalid
[01m[K/home/bruithwirr/uni/ros2_ws/src/robot_game/include/GameNode.h:38:46:[m[K [01;31m[Kerror: [m[Ktemplate argument 5 is invalid
[01m[K/home/bruithwirr/uni/ros2_ws/src/robot_game/include/GameNode.h:38:49:[m[K [01;31m[Kerror: [m[Kexpected ‘[01m[K;[m[K’ at end of member declaration
   38 |     rclcpp::Subscription<std_msgs::msg::Empty>::[01;31m[KSharedPtr[m[K bot_toggle_sub_;
      |                                                 [01;31m[K^~~~~~~~~[m[K
      |                                                          [32m[K;[m[K
[01m[K/home/bruithwirr/uni/ros2_ws/src/robot_game/include/GameNode.h:38:59:[m[K [01;31m[Kerror: [m[K‘[01m[Kbot_toggle_sub_[m[K’ does not name a type
   38 |     rclcpp::Subscription<std_msgs::msg::Empty>::SharedPtr [01;31m[Kbot_toggle_sub_[m[K;
      |                                                           [01;31m[K^~~~~~~~~~~~~~~[m[K
[01m[K/home/bruithwirr/uni/ros2_ws/src/robot_game/src/GameNode.cpp:[m[K In constructor ‘[01m[KGameNode::GameNode()[m[K’:
[01m[K/home/bruithwirr/uni/ros2_ws/src/robot_game/src/GameNode.cpp:55:5:[m[K [01;31m[Kerror: [m[K‘[01m[Kbot_toggle_sub_[m[K’ was not declared in this scope
   55 |     [01;31m[Kbot_toggle_sub_[m[K = this->create_subscription<std_msgs::msg::Empty>(
      |     [01;31m[K^~~~~~~~~~~~~~~[m[K
[01m[K/home/bruithwirr/uni/ros2_ws/src/robot_game/src/GameNode.cpp:55:64:[m[K [01;31m[Kerror: [m[K‘[01m[KEmpty[m[K’ is not a member of ‘[01m[Kstd_msgs::msg[m[K’; did you mean ‘[01m[Krclcpp::Empty[m[K’?
   55 |     bot_toggle_sub_ = this->create_subscription<std_msgs::msg::[01;31m[KEmpty[m[K>(
      |                                                                [01;31m[K^~~~~[m[K
In file included from [01m[K/opt/ros/humble/include/rclcpp/rclcpp/wait_result.hpp:25[m[K,
                 from [01m[K/opt/ros/humble/include/rclcpp/rclcpp/wait_set_policies/sequential_synchronization.hpp:32[m[K,
                 from [01m[K/opt/ros/humble/include/rclcpp/rclcpp/wait_set.hpp:26[m[K,
                 from [01m[K/opt/ros/humble/include/rclcpp/rclcpp/rclcpp.hpp:168[m[K,
                 from [01m[K/home/bruithwirr/uni/ros2_ws/src/robot_game/include/GameNode.h:3[m[K,
                 from [01m[K/home/bruithwirr/uni/ros2_ws/src/robot_game/src/GameNode.cpp:1[m[K:
[01m[K/opt/ros/humble/include/rclcpp/rclcpp/wait_result_kind.hpp:28:3:[m[K [01;36m[Knote: [m[K‘[01m[Krclcpp::Empty[m[K’ declared here
   28 |   [01;36m[KEmpty[m[K,  //<! Kind used when trying to wait on an empty wait set.
      |   [01;36m[K^~~~~[m[K
[01m[K/home/bruithwirr/uni/ros2_ws/src/robot_game/src/GameNode.cpp:55:70:[m[K [01;31m[Kerror: [m[Kno matching function for call to ‘[01m[KGameNode::create_subscription<<expression error> >(const char [12], int, std::_Bind_helper<false, void (GameNode::*)(...), GameNode*, const std::_Placeholder<1>&>::type)[m[K’
   55 |     bot_toggle_sub_ = [01;31m[Kthis->create_subscription<std_msgs::msg::Empty>([m[K
      |                       [01;31m[K~~~~~~~~~~~~~~~~~~~~~~~~~~~~~~~~~~~~~~~~~~~~~~~^[m[K
   56 | [01;31m[K    "/bot_toggle", 10,[m[K
      |     [01;31m[K~~~~~~~~~~~~~~~~~~[m[K                                                
   57 | [01;31m[K    std::bind(&GameNode::onBotToggle, this, std::placeholders::_1)[m[K
      |     [01;31m[K~~~~~~~~~~~~~~~~~~~~~~~~~~~~~~~~~~~~~~~~~~~~~~~~~~~~~~~~~~~~~~[m[K    
   58 | [01;31m[K)[m[K;
      | [01;31m[K~[m[K                                                                     
In file included from [01m[K/opt/ros/humble/include/rclcpp/rclcpp/node.hpp:1321[m[K,
                 from [01m[K/opt/ros/humble/include/rclcpp/rclcpp/executors/single_threaded_executor.hpp:28[m[K,
                 from [01m[K/opt/ros/humble/include/rclcpp/rclcpp/executors.hpp:22[m[K,
                 from [01m[K/opt/ros/humble/include/rclcpp/rclcpp/rclcpp.hpp:155[m[K,
                 from [01m[K/home/bruithwirr/uni/ros2_ws/src/robot_game/include/GameNode.h:3[m[K,
                 from [01m[K/home/bruithwirr/uni/ros2_ws/src/robot_game/src/GameNode.cpp:1[m[K:
[01m[K/opt/ros/humble/include/rclcpp/rclcpp/node_impl.hpp:92:1:[m[K [01;36m[Knote: [m[Kcandidate: ‘[01m[Ktemplate<class MessageT, class CallbackT, class AllocatorT, class SubscriptionT, class MessageMemoryStrategyT> std::shared_ptr<ROSMessageT> rclcpp::Node::create_subscription(const string&, const rclcpp::QoS&, CallbackT&&, const rclcpp::SubscriptionOptionsWithAllocator<AllocatorT>&, typename MessageMemoryStrategyT::SharedPtr)[m[K’
   92 | [01;36m[KNode[m[K::create_subscription(
      | [01;36m[K^~~~[m[K
[01m[K/opt/ros/humble/include/rclcpp/rclcpp/node_impl.hpp:92:1:[m[K [01;36m[Knote: [m[K  template argument deduction/substitution failed:
[01m[K/home/bruithwirr/uni/ros2_ws/src/robot_game/src/GameNode.cpp:55:70:[m[K [01;31m[Kerror: [m[Ktemplate argument 1 is invalid
   55 |     bot_toggle_sub_ = [01;31m[Kthis->create_subscription<std_msgs::msg::Empty>([m[K
      |                       [01;31m[K~~~~~~~~~~~~~~~~~~~~~~~~~~~~~~~~~~~~~~~~~~~~~~~^[m[K
   56 | [01;31m[K    "/bot_toggle", 10,[m[K
      |     [01;31m[K~~~~~~~~~~~~~~~~~~[m[K                                                
   57 | [01;31m[K    std::bind(&GameNode::onBotToggle, this, std::placeholders::_1)[m[K
      |     [01;31m[K~~~~~~~~~~~~~~~~~~~~~~~~~~~~~~~~~~~~~~~~~~~~~~~~~~~~~~~~~~~~~~[m[K    
   58 | [01;31m[K)[m[K;
      | [01;31m[K~[m[K                                                                     
[01m[K/home/bruithwirr/uni/ros2_ws/src/robot_game/src/GameNode.cpp:[m[K At global scope:
[01m[K/home/bruithwirr/uni/ros2_ws/src/robot_game/src/GameNode.cpp:84:6:[m[K [01;31m[Kerror: [m[Kno declaration matches ‘[01m[Kvoid GameNode::onBotToggle(std_msgs::msg::Int32_<std::allocator<void> >::SharedPtr)[m[K’
   84 | void [01;31m[KGameNode[m[K::onBotToggle(const std_msgs::msg::Int32::SharedPtr)
      |      [01;31m[K^~~~~~~~[m[K
In file included from [01m[K/home/bruithwirr/uni/ros2_ws/src/robot_game/src/GameNode.cpp:1[m[K:
[01m[K/home/bruithwirr/uni/ros2_ws/src/robot_game/include/GameNode.h:26:10:[m[K [01;36m[Knote: [m[Kcandidate is: ‘[01m[Kvoid GameNode::onBotToggle(...)[m[K’
   26 |     void [01;36m[KonBotToggle[m[K(const std_msgs::msg::Bool::SharedPtr msg);
      |          [01;36m[K^~~~~~~~~~~[m[K
[01m[K/home/bruithwirr/uni/ros2_ws/src/robot_game/include/GameNode.h:19:7:[m[K [01;36m[Knote: [m[K‘[01m[Kclass GameNode[m[K’ defined here
   19 | class [01;36m[KGameNode[m[K : public rclcpp::Node {
      |       [01;36m[K^~~~~~~~[m[K
gmake[2]: *** [CMakeFiles/game_node.dir/build.make:76: CMakeFiles/game_node.dir/src/GameNode.cpp.o] Error 1
gmake[1]: *** [CMakeFiles/Makefile2:193: CMakeFiles/game_node.dir/all] Error 2
gmake: *** [Makefile:146: all] Error 2
