[0.015s] Invoking command in '/home/bruithwirr/uni/ros2_ws/build/robot_msgs': CMAKE_PREFIX_PATH=/opt/ros/humble /usr/bin/cmake --build /home/bruithwirr/uni/ros2_ws/build/robot_msgs -- -j12 -l12
[0.066s] -- Found ament_cmake: 1.3.14 (/opt/ros/humble/share/ament_cmake/cmake)
[0.194s] -- Found rosidl_default_generators: 1.2.1 (/opt/ros/humble/share/rosidl_default_generators/cmake)
[0.196s] -- Using all available rosidl_typesupport_c: rosidl_typesupport_fastrtps_c;rosidl_typesupport_introspection_c
[0.200s] -- Found rosidl_adapter: 3.1.8 (/opt/ros/humble/share/rosidl_adapter/cmake)
[0.234s] -- Using all available rosidl_typesupport_cpp: rosidl_typesupport_fastrtps_cpp;rosidl_typesupport_introspection_cpp
[0.564s] -- Found ament_cmake_ros: 0.10.0 (/opt/ros/humble/share/ament_cmake_ros/cmake)
[0.719s] -- Using all available rosidl_typesupport_c: rosidl_typesupport_fastrtps_c;rosidl_typesupport_introspection_c
[1.007s] -- Using all available rosidl_typesupport_cpp: rosidl_typesupport_fastrtps_cpp;rosidl_typesupport_introspection_cpp
[1.061s] -- Found python_cmake_module: 0.10.0 (/opt/ros/humble/share/python_cmake_module/cmake)
[1.081s] -- Using PYTHON_EXECUTABLE: /usr/bin/python3
[1.081s] -- Using PYTHON_INCLUDE_DIRS: /usr/include/python3.10
[1.081s] -- Using PYTHON_LIBRARIES: /usr/lib/x86_64-linux-gnu/libpython3.10.so
[1.140s] -- Found ament_lint_auto: 0.12.15 (/opt/ros/humble/share/ament_lint_auto/cmake)
[1.153s] -- Added test 'lint_cmake' to check CMake code style
[1.154s] -- Added test 'xmllint' to check XML markup files
[1.157s] -- Configuring done
[1.195s] -- Generating done
[1.205s] -- Build files have been written to: /home/bruithwirr/uni/ros2_ws/build/robot_msgs
[1.251s] [35m[1mConsolidate compiler generated dependencies of target robot_msgs__rosidl_generator_c[0m
[1.264s] [  9%] Built target robot_msgs__rosidl_generator_c
[1.270s] [ 12%] Built target robot_msgs__cpp
[1.271s] [ 15%] Built target robot_msgs__rs
[1.276s] [35m[1mConsolidate compiler generated dependencies of target robot_msgs__rosidl_typesupport_introspection_c[0m
[1.276s] [35m[1mConsolidate compiler generated dependencies of target robot_msgs__rosidl_typesupport_fastrtps_c[0m
[1.276s] [35m[1mConsolidate compiler generated dependencies of target robot_msgs__rosidl_typesupport_c[0m
[1.283s] [35m[1mConsolidate compiler generated dependencies of target robot_msgs__rosidl_typesupport_introspection_cpp[0m
[1.283s] [35m[1mConsolidate compiler generated dependencies of target robot_msgs__rosidl_typesupport_fastrtps_cpp[0m
[1.284s] [35m[1mConsolidate compiler generated dependencies of target robot_msgs__rosidl_typesupport_cpp[0m
[1.285s] [ 15%] Built target ament_cmake_python_copy_robot_msgs
[1.290s] [ 34%] Built target robot_msgs__rosidl_typesupport_introspection_c
[1.290s] [ 34%] Built target robot_msgs__rosidl_typesupport_c
[1.294s] [ 43%] Built target robot_msgs__rosidl_typesupport_fastrtps_c
[1.299s] [ 62%] Built target robot_msgs__rosidl_typesupport_fastrtps_cpp
[1.299s] [ 62%] Built target robot_msgs__rosidl_typesupport_introspection_cpp
[1.299s] [ 71%] Built target robot_msgs__rosidl_typesupport_cpp
[1.320s] [ 71%] Built target robot_msgs
[1.443s] [ 75%] Built target robot_msgs__py
[1.455s] [35m[1mConsolidate compiler generated dependencies of target robot_msgs__rosidl_generator_py[0m
[1.472s] [ 81%] Built target robot_msgs__rosidl_generator_py
[1.483s] [35m[1mConsolidate compiler generated dependencies of target robot_msgs__rosidl_typesupport_fastrtps_c__pyext[0m
[1.483s] [35m[1mConsolidate compiler generated dependencies of target robot_msgs__rosidl_typesupport_introspection_c__pyext[0m
[1.483s] [35m[1mConsolidate compiler generated dependencies of target robot_msgs__rosidl_typesupport_c__pyext[0m
[1.496s] [ 96%] Built target robot_msgs__rosidl_typesupport_introspection_c__pyext
[1.496s] [ 96%] Built target robot_msgs__rosidl_typesupport_fastrtps_c__pyext
[1.496s] [100%] Built target robot_msgs__rosidl_typesupport_c__pyext
[1.541s] running egg_info
[1.541s] writing robot_msgs.egg-info/PKG-INFO
[1.541s] writing dependency_links to robot_msgs.egg-info/dependency_links.txt
[1.541s] writing top-level names to robot_msgs.egg-info/top_level.txt
[1.544s] reading manifest file 'robot_msgs.egg-info/SOURCES.txt'
[1.544s] writing manifest file 'robot_msgs.egg-info/SOURCES.txt'
[1.570s] [100%] Built target ament_cmake_python_build_robot_msgs_egg
[1.582s] Invoked command in '/home/bruithwirr/uni/ros2_ws/build/robot_msgs' returned '0': CMAKE_PREFIX_PATH=/opt/ros/humble /usr/bin/cmake --build /home/bruithwirr/uni/ros2_ws/build/robot_msgs -- -j12 -l12
[1.585s] Invoking command in '/home/bruithwirr/uni/ros2_ws/build/robot_msgs': CMAKE_PREFIX_PATH=/opt/ros/humble /usr/bin/cmake --install /home/bruithwirr/uni/ros2_ws/build/robot_msgs
[1.593s] -- Install configuration: ""
[1.593s] -- Up-to-date: /home/bruithwirr/uni/ros2_ws/install/robot_msgs/share/ament_index/resource_index/rosidl_interfaces/robot_msgs
[1.593s] -- Up-to-date: /home/bruithwirr/uni/ros2_ws/install/robot_msgs/include/robot_msgs/robot_msgs
[1.593s] -- Up-to-date: /home/bruithwirr/uni/ros2_ws/install/robot_msgs/include/robot_msgs/robot_msgs/msg
[1.594s] -- Up-to-date: /home/bruithwirr/uni/ros2_ws/install/robot_msgs/include/robot_msgs/robot_msgs/msg/detail
[1.594s] -- Up-to-date: /home/bruithwirr/uni/ros2_ws/install/robot_msgs/include/robot_msgs/robot_msgs/msg/detail/robot_state__type_support.h
[1.594s] -- Up-to-date: /home/bruithwirr/uni/ros2_ws/install/robot_msgs/include/robot_msgs/robot_msgs/msg/detail/robot_state__struct.h
[1.594s] -- Up-to-date: /home/bruithwirr/uni/ros2_ws/install/robot_msgs/include/robot_msgs/robot_msgs/msg/detail/robot_state__functions.h
[1.594s] -- Up-to-date: /home/bruithwirr/uni/ros2_ws/install/robot_msgs/include/robot_msgs/robot_msgs/msg/detail/robot_state__functions.c
[1.594s] -- Up-to-date: /home/bruithwirr/uni/ros2_ws/install/robot_msgs/include/robot_msgs/robot_msgs/msg/robot_state.h
[1.594s] -- Up-to-date: /home/bruithwirr/uni/ros2_ws/install/robot_msgs/include/robot_msgs/robot_msgs/msg/rosidl_generator_c__visibility_control.h
[1.594s] -- Up-to-date: /home/bruithwirr/uni/ros2_ws/install/robot_msgs/share/robot_msgs/environment/library_path.sh
[1.594s] -- Installing: /home/bruithwirr/uni/ros2_ws/install/robot_msgs/share/robot_msgs/environment/library_path.dsv
[1.594s] -- Up-to-date: /home/bruithwirr/uni/ros2_ws/install/robot_msgs/lib/librobot_msgs__rosidl_generator_c.so
[1.595s] -- Up-to-date: /home/bruithwirr/uni/ros2_ws/install/robot_msgs/include/robot_msgs/robot_msgs
[1.595s] -- Up-to-date: /home/bruithwirr/uni/ros2_ws/install/robot_msgs/include/robot_msgs/robot_msgs/msg
[1.595s] -- Up-to-date: /home/bruithwirr/uni/ros2_ws/install/robot_msgs/include/robot_msgs/robot_msgs/msg/detail
[1.595s] -- Up-to-date: /home/bruithwirr/uni/ros2_ws/install/robot_msgs/include/robot_msgs/robot_msgs/msg/detail/robot_state__rosidl_typesupport_fastrtps_c.h
[1.595s] -- Up-to-date: /home/bruithwirr/uni/ros2_ws/install/robot_msgs/include/robot_msgs/robot_msgs/msg/rosidl_typesupport_fastrtps_c__visibility_control.h
[1.595s] -- Up-to-date: /home/bruithwirr/uni/ros2_ws/install/robot_msgs/lib/librobot_msgs__rosidl_typesupport_fastrtps_c.so
[1.595s] -- Up-to-date: /home/bruithwirr/uni/ros2_ws/install/robot_msgs/include/robot_msgs/robot_msgs
[1.596s] -- Up-to-date: /home/bruithwirr/uni/ros2_ws/install/robot_msgs/include/robot_msgs/robot_msgs/msg
[1.596s] -- Up-to-date: /home/bruithwirr/uni/ros2_ws/install/robot_msgs/include/robot_msgs/robot_msgs/msg/detail
[1.596s] -- Up-to-date: /home/bruithwirr/uni/ros2_ws/install/robot_msgs/include/robot_msgs/robot_msgs/msg/detail/robot_state__rosidl_typesupport_introspection_c.h
[1.596s] -- Up-to-date: /home/bruithwirr/uni/ros2_ws/install/robot_msgs/include/robot_msgs/robot_msgs/msg/detail/robot_state__type_support.c
[1.596s] -- Up-to-date: /home/bruithwirr/uni/ros2_ws/install/robot_msgs/include/robot_msgs/robot_msgs/msg/rosidl_typesupport_introspection_c__visibility_control.h
[1.596s] -- Up-to-date: /home/bruithwirr/uni/ros2_ws/install/robot_msgs/lib/librobot_msgs__rosidl_typesupport_introspection_c.so
[1.597s] -- Up-to-date: /home/bruithwirr/uni/ros2_ws/install/robot_msgs/lib/librobot_msgs__rosidl_typesupport_c.so
[1.597s] -- Up-to-date: /home/bruithwirr/uni/ros2_ws/install/robot_msgs/include/robot_msgs/robot_msgs
[1.597s] -- Up-to-date: /home/bruithwirr/uni/ros2_ws/install/robot_msgs/include/robot_msgs/robot_msgs/msg
[1.597s] -- Up-to-date: /home/bruithwirr/uni/ros2_ws/install/robot_msgs/include/robot_msgs/robot_msgs/msg/detail
[1.597s] -- Up-to-date: /home/bruithwirr/uni/ros2_ws/install/robot_msgs/include/robot_msgs/robot_msgs/msg/detail/robot_state__builder.hpp
[1.597s] -- Up-to-date: /home/bruithwirr/uni/ros2_ws/install/robot_msgs/include/robot_msgs/robot_msgs/msg/detail/robot_state__traits.hpp
[1.597s] -- Up-to-date: /home/bruithwirr/uni/ros2_ws/install/robot_msgs/include/robot_msgs/robot_msgs/msg/detail/robot_state__type_support.hpp
[1.597s] -- Up-to-date: /home/bruithwirr/uni/ros2_ws/install/robot_msgs/include/robot_msgs/robot_msgs/msg/detail/robot_state__struct.hpp
[1.597s] -- Up-to-date: /home/bruithwirr/uni/ros2_ws/install/robot_msgs/include/robot_msgs/robot_msgs/msg/rosidl_generator_cpp__visibility_control.hpp
[1.597s] -- Up-to-date: /home/bruithwirr/uni/ros2_ws/install/robot_msgs/include/robot_msgs/robot_msgs/msg/robot_state.hpp
[1.597s] -- Up-to-date: /home/bruithwirr/uni/ros2_ws/install/robot_msgs/include/robot_msgs/robot_msgs
[1.598s] -- Up-to-date: /home/bruithwirr/uni/ros2_ws/install/robot_msgs/include/robot_msgs/robot_msgs/msg
[1.598s] -- Up-to-date: /home/bruithwirr/uni/ros2_ws/install/robot_msgs/include/robot_msgs/robot_msgs/msg/detail
[1.598s] -- Up-to-date: /home/bruithwirr/uni/ros2_ws/install/robot_msgs/include/robot_msgs/robot_msgs/msg/detail/robot_state__rosidl_typesupport_fastrtps_cpp.hpp
[1.598s] -- Up-to-date: /home/bruithwirr/uni/ros2_ws/install/robot_msgs/include/robot_msgs/robot_msgs/msg/detail/dds_fastrtps
[1.598s] -- Up-to-date: /home/bruithwirr/uni/ros2_ws/install/robot_msgs/include/robot_msgs/robot_msgs/msg/rosidl_typesupport_fastrtps_cpp__visibility_control.h
[1.598s] -- Up-to-date: /home/bruithwirr/uni/ros2_ws/install/robot_msgs/lib/librobot_msgs__rosidl_typesupport_fastrtps_cpp.so
[1.598s] -- Up-to-date: /home/bruithwirr/uni/ros2_ws/install/robot_msgs/include/robot_msgs/robot_msgs
[1.598s] -- Up-to-date: /home/bruithwirr/uni/ros2_ws/install/robot_msgs/include/robot_msgs/robot_msgs/msg
[1.598s] -- Up-to-date: /home/bruithwirr/uni/ros2_ws/install/robot_msgs/include/robot_msgs/robot_msgs/msg/detail
[1.598s] -- Up-to-date: /home/bruithwirr/uni/ros2_ws/install/robot_msgs/include/robot_msgs/robot_msgs/msg/detail/robot_state__type_support.cpp
[1.598s] -- Up-to-date: /home/bruithwirr/uni/ros2_ws/install/robot_msgs/include/robot_msgs/robot_msgs/msg/detail/robot_state__rosidl_typesupport_introspection_cpp.hpp
[1.598s] -- Up-to-date: /home/bruithwirr/uni/ros2_ws/install/robot_msgs/lib/librobot_msgs__rosidl_typesupport_introspection_cpp.so
[1.599s] -- Up-to-date: /home/bruithwirr/uni/ros2_ws/install/robot_msgs/lib/librobot_msgs__rosidl_typesupport_cpp.so
[1.599s] -- Up-to-date: /home/bruithwirr/uni/ros2_ws/install/robot_msgs/share/robot_msgs/environment/pythonpath.sh
[1.599s] -- Installing: /home/bruithwirr/uni/ros2_ws/install/robot_msgs/share/robot_msgs/environment/pythonpath.dsv
[1.599s] -- Up-to-date: /home/bruithwirr/uni/ros2_ws/install/robot_msgs/local/lib/python3.10/dist-packages/robot_msgs-0.0.0-py3.10.egg-info
[1.599s] -- Installing: /home/bruithwirr/uni/ros2_ws/install/robot_msgs/local/lib/python3.10/dist-packages/robot_msgs-0.0.0-py3.10.egg-info/top_level.txt
[1.599s] -- Installing: /home/bruithwirr/uni/ros2_ws/install/robot_msgs/local/lib/python3.10/dist-packages/robot_msgs-0.0.0-py3.10.egg-info/dependency_links.txt
[1.600s] -- Installing: /home/bruithwirr/uni/ros2_ws/install/robot_msgs/local/lib/python3.10/dist-packages/robot_msgs-0.0.0-py3.10.egg-info/SOURCES.txt
[1.600s] -- Installing: /home/bruithwirr/uni/ros2_ws/install/robot_msgs/local/lib/python3.10/dist-packages/robot_msgs-0.0.0-py3.10.egg-info/PKG-INFO
[1.600s] -- Up-to-date: /home/bruithwirr/uni/ros2_ws/install/robot_msgs/local/lib/python3.10/dist-packages/robot_msgs
[1.600s] -- Up-to-date: /home/bruithwirr/uni/ros2_ws/install/robot_msgs/local/lib/python3.10/dist-packages/robot_msgs/robot_msgs_s__rosidl_typesupport_fastrtps_c.cpython-310-x86_64-linux-gnu.so
[1.600s] -- Up-to-date: /home/bruithwirr/uni/ros2_ws/install/robot_msgs/local/lib/python3.10/dist-packages/robot_msgs/robot_msgs_s__rosidl_typesupport_introspection_c.cpython-310-x86_64-linux-gnu.so
[1.600s] -- Up-to-date: /home/bruithwirr/uni/ros2_ws/install/robot_msgs/local/lib/python3.10/dist-packages/robot_msgs/_robot_msgs_s.ep.rosidl_typesupport_c.c
[1.600s] -- Installing: /home/bruithwirr/uni/ros2_ws/install/robot_msgs/local/lib/python3.10/dist-packages/robot_msgs/__init__.py
[1.600s] -- Up-to-date: /home/bruithwirr/uni/ros2_ws/install/robot_msgs/local/lib/python3.10/dist-packages/robot_msgs/robot_msgs_s__rosidl_typesupport_c.cpython-310-x86_64-linux-gnu.so
[1.600s] -- Up-to-date: /home/bruithwirr/uni/ros2_ws/install/robot_msgs/local/lib/python3.10/dist-packages/robot_msgs/_robot_msgs_s.ep.rosidl_typesupport_introspection_c.c
[1.600s] -- Up-to-date: /home/bruithwirr/uni/ros2_ws/install/robot_msgs/local/lib/python3.10/dist-packages/robot_msgs/msg
[1.601s] -- Up-to-date: /home/bruithwirr/uni/ros2_ws/install/robot_msgs/local/lib/python3.10/dist-packages/robot_msgs/msg/_robot_state.py
[1.601s] -- Up-to-date: /home/bruithwirr/uni/ros2_ws/install/robot_msgs/local/lib/python3.10/dist-packages/robot_msgs/msg/_robot_state_s.c
[1.601s] -- Up-to-date: /home/bruithwirr/uni/ros2_ws/install/robot_msgs/local/lib/python3.10/dist-packages/robot_msgs/msg/__init__.py
[1.601s] -- Up-to-date: /home/bruithwirr/uni/ros2_ws/install/robot_msgs/local/lib/python3.10/dist-packages/robot_msgs/_robot_msgs_s.ep.rosidl_typesupport_fastrtps_c.c
[1.601s] -- Up-to-date: /home/bruithwirr/uni/ros2_ws/install/robot_msgs/local/lib/python3.10/dist-packages/robot_msgs/librobot_msgs__rosidl_generator_py.so
[1.632s] Listing '/home/bruithwirr/uni/ros2_ws/install/robot_msgs/local/lib/python3.10/dist-packages/robot_msgs'...
[1.632s] Compiling '/home/bruithwirr/uni/ros2_ws/install/robot_msgs/local/lib/python3.10/dist-packages/robot_msgs/__init__.py'...
[1.632s] Listing '/home/bruithwirr/uni/ros2_ws/install/robot_msgs/local/lib/python3.10/dist-packages/robot_msgs/msg'...
[1.637s] -- Up-to-date: /home/bruithwirr/uni/ros2_ws/install/robot_msgs/local/lib/python3.10/dist-packages/robot_msgs/robot_msgs_s__rosidl_typesupport_fastrtps_c.cpython-310-x86_64-linux-gnu.so
[1.638s] -- Up-to-date: /home/bruithwirr/uni/ros2_ws/install/robot_msgs/local/lib/python3.10/dist-packages/robot_msgs/robot_msgs_s__rosidl_typesupport_introspection_c.cpython-310-x86_64-linux-gnu.so
[1.639s] -- Up-to-date: /home/bruithwirr/uni/ros2_ws/install/robot_msgs/local/lib/python3.10/dist-packages/robot_msgs/robot_msgs_s__rosidl_typesupport_c.cpython-310-x86_64-linux-gnu.so
[1.639s] -- Up-to-date: /home/bruithwirr/uni/ros2_ws/install/robot_msgs/lib/librobot_msgs__rosidl_generator_py.so
[1.640s] -- Up-to-date: /home/bruithwirr/uni/ros2_ws/install/robot_msgs/share/ament_index/resource_index/rust_packages/robot_msgs
[1.640s] -- Up-to-date: /home/bruithwirr/uni/ros2_ws/install/robot_msgs/share/robot_msgs/rust
[1.640s] -- Up-to-date: /home/bruithwirr/uni/ros2_ws/install/robot_msgs/share/robot_msgs/rust/build.rs
[1.640s] -- Up-to-date: /home/bruithwirr/uni/ros2_ws/install/robot_msgs/share/robot_msgs/rust/Cargo.toml
[1.640s] -- Up-to-date: /home/bruithwirr/uni/ros2_ws/install/robot_msgs/share/robot_msgs/rust/src
[1.640s] -- Up-to-date: /home/bruithwirr/uni/ros2_ws/install/robot_msgs/share/robot_msgs/rust/src/lib.rs
[1.640s] -- Up-to-date: /home/bruithwirr/uni/ros2_ws/install/robot_msgs/share/robot_msgs/rust/src/msg.rs
[1.640s] -- Up-to-date: /home/bruithwirr/uni/ros2_ws/install/robot_msgs/share/robot_msgs/rust/src/msg
[1.640s] -- Up-to-date: /home/bruithwirr/uni/ros2_ws/install/robot_msgs/share/robot_msgs/rust/src/msg/rmw.rs
[1.640s] -- Up-to-date: /home/bruithwirr/uni/ros2_ws/install/robot_msgs/share/robot_msgs/msg/RobotState.idl
[1.641s] -- Installing: /home/bruithwirr/uni/ros2_ws/install/robot_msgs/share/robot_msgs/msg/RobotState.msg
[1.641s] -- Up-to-date: /home/bruithwirr/uni/ros2_ws/install/robot_msgs/share/ament_index/resource_index/package_run_dependencies/robot_msgs
[1.641s] -- Installing: /home/bruithwirr/uni/ros2_ws/install/robot_msgs/share/ament_index/resource_index/parent_prefix_path/robot_msgs
[1.641s] -- Up-to-date: /home/bruithwirr/uni/ros2_ws/install/robot_msgs/share/robot_msgs/environment/ament_prefix_path.sh
[1.641s] -- Installing: /home/bruithwirr/uni/ros2_ws/install/robot_msgs/share/robot_msgs/environment/ament_prefix_path.dsv
[1.641s] -- Up-to-date: /home/bruithwirr/uni/ros2_ws/install/robot_msgs/share/robot_msgs/environment/path.sh
[1.641s] -- Installing: /home/bruithwirr/uni/ros2_ws/install/robot_msgs/share/robot_msgs/environment/path.dsv
[1.641s] -- Up-to-date: /home/bruithwirr/uni/ros2_ws/install/robot_msgs/share/robot_msgs/local_setup.bash
[1.641s] -- Up-to-date: /home/bruithwirr/uni/ros2_ws/install/robot_msgs/share/robot_msgs/local_setup.sh
[1.641s] -- Up-to-date: /home/bruithwirr/uni/ros2_ws/install/robot_msgs/share/robot_msgs/local_setup.zsh
[1.641s] -- Installing: /home/bruithwirr/uni/ros2_ws/install/robot_msgs/share/robot_msgs/local_setup.dsv
[1.642s] -- Installing: /home/bruithwirr/uni/ros2_ws/install/robot_msgs/share/robot_msgs/package.dsv
[1.642s] -- Up-to-date: /home/bruithwirr/uni/ros2_ws/install/robot_msgs/share/ament_index/resource_index/packages/robot_msgs
[1.642s] -- Up-to-date: /home/bruithwirr/uni/ros2_ws/install/robot_msgs/share/robot_msgs/cmake/export_robot_msgs__rosidl_generator_cExport.cmake
[1.642s] -- Up-to-date: /home/bruithwirr/uni/ros2_ws/install/robot_msgs/share/robot_msgs/cmake/export_robot_msgs__rosidl_generator_cExport-noconfig.cmake
[1.642s] -- Up-to-date: /home/bruithwirr/uni/ros2_ws/install/robot_msgs/share/robot_msgs/cmake/export_robot_msgs__rosidl_typesupport_fastrtps_cExport.cmake
[1.643s] -- Up-to-date: /home/bruithwirr/uni/ros2_ws/install/robot_msgs/share/robot_msgs/cmake/export_robot_msgs__rosidl_typesupport_fastrtps_cExport-noconfig.cmake
[1.643s] -- Up-to-date: /home/bruithwirr/uni/ros2_ws/install/robot_msgs/share/robot_msgs/cmake/robot_msgs__rosidl_typesupport_introspection_cExport.cmake
[1.643s] -- Up-to-date: /home/bruithwirr/uni/ros2_ws/install/robot_msgs/share/robot_msgs/cmake/robot_msgs__rosidl_typesupport_introspection_cExport-noconfig.cmake
[1.643s] -- Up-to-date: /home/bruithwirr/uni/ros2_ws/install/robot_msgs/share/robot_msgs/cmake/robot_msgs__rosidl_typesupport_cExport.cmake
[1.643s] -- Up-to-date: /home/bruithwirr/uni/ros2_ws/install/robot_msgs/share/robot_msgs/cmake/robot_msgs__rosidl_typesupport_cExport-noconfig.cmake
[1.643s] -- Up-to-date: /home/bruithwirr/uni/ros2_ws/install/robot_msgs/share/robot_msgs/cmake/export_robot_msgs__rosidl_generator_cppExport.cmake
[1.644s] -- Up-to-date: /home/bruithwirr/uni/ros2_ws/install/robot_msgs/share/robot_msgs/cmake/export_robot_msgs__rosidl_typesupport_fastrtps_cppExport.cmake
[1.644s] -- Up-to-date: /home/bruithwirr/uni/ros2_ws/install/robot_msgs/share/robot_msgs/cmake/export_robot_msgs__rosidl_typesupport_fastrtps_cppExport-noconfig.cmake
[1.644s] -- Up-to-date: /home/bruithwirr/uni/ros2_ws/install/robot_msgs/share/robot_msgs/cmake/robot_msgs__rosidl_typesupport_introspection_cppExport.cmake
[1.644s] -- Up-to-date: /home/bruithwirr/uni/ros2_ws/install/robot_msgs/share/robot_msgs/cmake/robot_msgs__rosidl_typesupport_introspection_cppExport-noconfig.cmake
[1.644s] -- Up-to-date: /home/bruithwirr/uni/ros2_ws/install/robot_msgs/share/robot_msgs/cmake/robot_msgs__rosidl_typesupport_cppExport.cmake
[1.644s] -- Up-to-date: /home/bruithwirr/uni/ros2_ws/install/robot_msgs/share/robot_msgs/cmake/robot_msgs__rosidl_typesupport_cppExport-noconfig.cmake
[1.644s] -- Up-to-date: /home/bruithwirr/uni/ros2_ws/install/robot_msgs/share/robot_msgs/cmake/export_robot_msgs__rosidl_generator_pyExport.cmake
[1.644s] -- Up-to-date: /home/bruithwirr/uni/ros2_ws/install/robot_msgs/share/robot_msgs/cmake/export_robot_msgs__rosidl_generator_pyExport-noconfig.cmake
[1.645s] -- Up-to-date: /home/bruithwirr/uni/ros2_ws/install/robot_msgs/share/robot_msgs/cmake/rosidl_cmake-extras.cmake
[1.645s] -- Up-to-date: /home/bruithwirr/uni/ros2_ws/install/robot_msgs/share/robot_msgs/cmake/ament_cmake_export_include_directories-extras.cmake
[1.645s] -- Up-to-date: /home/bruithwirr/uni/ros2_ws/install/robot_msgs/share/robot_msgs/cmake/ament_cmake_export_libraries-extras.cmake
[1.645s] -- Up-to-date: /home/bruithwirr/uni/ros2_ws/install/robot_msgs/share/robot_msgs/cmake/ament_cmake_export_targets-extras.cmake
[1.645s] -- Up-to-date: /home/bruithwirr/uni/ros2_ws/install/robot_msgs/share/robot_msgs/cmake/rosidl_cmake_export_typesupport_targets-extras.cmake
[1.645s] -- Up-to-date: /home/bruithwirr/uni/ros2_ws/install/robot_msgs/share/robot_msgs/cmake/ament_cmake_export_dependencies-extras.cmake
[1.645s] -- Up-to-date: /home/bruithwirr/uni/ros2_ws/install/robot_msgs/share/robot_msgs/cmake/rosidl_cmake_export_typesupport_libraries-extras.cmake
[1.645s] -- Up-to-date: /home/bruithwirr/uni/ros2_ws/install/robot_msgs/share/robot_msgs/cmake/robot_msgsConfig.cmake
[1.645s] -- Up-to-date: /home/bruithwirr/uni/ros2_ws/install/robot_msgs/share/robot_msgs/cmake/robot_msgsConfig-version.cmake
[1.645s] -- Installing: /home/bruithwirr/uni/ros2_ws/install/robot_msgs/share/robot_msgs/package.xml
[1.648s] Invoked command in '/home/bruithwirr/uni/ros2_ws/build/robot_msgs' returned '0': CMAKE_PREFIX_PATH=/opt/ros/humble /usr/bin/cmake --install /home/bruithwirr/uni/ros2_ws/build/robot_msgs
