[0.018s] Invoking command in '/home/bruithwirr/uni/ros2_ws/build/robot_game': CMAKE_PREFIX_PATH=/home/bruithwirr/uni/ros2_ws/install/robot_msgs:/home/bruithwirr/uni/ros2_ws/install/robot_old:/home/bruithwirr/uni/ros2_ws/install/robot_game:/opt/ros/humble /usr/bin/cmake --build /home/bruithwirr/uni/ros2_ws/build/robot_game -- -j12 -l12
[0.099s] [35m[1mConsolidate compiler generated dependencies of target robot_node[0m
[0.120s] [ 25%] Built target bot_node
[0.120s] [ 31%] Built target keyboard_node
[0.122s] [ 56%] Built target game_node
[0.149s] [ 62%] [32mBuilding CXX object CMakeFiles/robot_node.dir/src/RobotNode.cpp.o[0m
[3.627s] In file included from [01m[K/home/bruithwirr/uni/ros2_ws/src/robot_game/include/RobotNode.h:9[m[K,
[3.627s]                  from [01m[K/home/bruithwirr/uni/ros2_ws/src/robot_game/src/RobotNode.cpp:1[m[K:
[3.627s] [01m[K/home/bruithwirr/uni/ros2_ws/src/robot_game/../robot_old/include/robot/Robot.h:25:84:[m[K [01;35m[Kwarning: [m[Kmissing initializer for member ‘[01m[Kgeometry::RobotState::velocity[m[K’ [[01;35m[K]8;;https://gcc.gnu.org/onlinedocs/gcc/Warning-Options.html#index-Wmissing-field-initializers-Wmissing-field-initializers]8;;[m[K]
[3.627s]    25 |         geometry::RobotState initial_state = geometry::RobotState{200.0, 200.0, 0.0[01;35m[K}[m[K,
[3.627s]       |                                                                                    [01;35m[K^[m[K
[10.314s] [ 68%] [32m[1mLinking CXX executable robot_node[0m
[11.085s] [100%] Built target robot_node
[11.097s] Invoked command in '/home/bruithwirr/uni/ros2_ws/build/robot_game' returned '0': CMAKE_PREFIX_PATH=/home/bruithwirr/uni/ros2_ws/install/robot_msgs:/home/bruithwirr/uni/ros2_ws/install/robot_old:/home/bruithwirr/uni/ros2_ws/install/robot_game:/opt/ros/humble /usr/bin/cmake --build /home/bruithwirr/uni/ros2_ws/build/robot_game -- -j12 -l12
[11.099s] Invoking command in '/home/bruithwirr/uni/ros2_ws/build/robot_game': CMAKE_PREFIX_PATH=/home/bruithwirr/uni/ros2_ws/install/robot_msgs:/home/bruithwirr/uni/ros2_ws/install/robot_old:/home/bruithwirr/uni/ros2_ws/install/robot_game:/opt/ros/humble /usr/bin/cmake --install /home/bruithwirr/uni/ros2_ws/build/robot_game
[11.106s] -- Install configuration: ""
[11.107s] -- Up-to-date: /home/bruithwirr/uni/ros2_ws/install/robot_game/lib/robot_game/keyboard_node
[11.107s] -- Installing: /home/bruithwirr/uni/ros2_ws/install/robot_game/lib/robot_game/robot_node
[11.114s] -- Set runtime path of "/home/bruithwirr/uni/ros2_ws/install/robot_game/lib/robot_game/robot_node" to ""
[11.114s] -- Up-to-date: /home/bruithwirr/uni/ros2_ws/install/robot_game/lib/robot_game/game_node
[11.115s] -- Up-to-date: /home/bruithwirr/uni/ros2_ws/install/robot_game/lib/robot_game/bot_node
[11.115s] -- Up-to-date: /home/bruithwirr/uni/ros2_ws/install/robot_game/share/robot_game/launch
[11.115s] -- Up-to-date: /home/bruithwirr/uni/ros2_ws/install/robot_game/share/robot_game/launch/game.launch.py
[11.115s] -- Up-to-date: /home/bruithwirr/uni/ros2_ws/install/robot_game/share/robot_game/rviz
[11.115s] -- Up-to-date: /home/bruithwirr/uni/ros2_ws/install/robot_game/share/robot_game/rviz/rviz_config.rviz
[11.115s] -- Up-to-date: /home/bruithwirr/uni/ros2_ws/install/robot_game/share/robot_game/config
[11.115s] -- Up-to-date: /home/bruithwirr/uni/ros2_ws/install/robot_game/share/robot_game/config/game_config.yaml
[11.115s] -- Up-to-date: /home/bruithwirr/uni/ros2_ws/install/robot_game/share/ament_index/resource_index/package_run_dependencies/robot_game
[11.116s] -- Up-to-date: /home/bruithwirr/uni/ros2_ws/install/robot_game/share/ament_index/resource_index/parent_prefix_path/robot_game
[11.116s] -- Up-to-date: /home/bruithwirr/uni/ros2_ws/install/robot_game/share/robot_game/environment/ament_prefix_path.sh
[11.116s] -- Up-to-date: /home/bruithwirr/uni/ros2_ws/install/robot_game/share/robot_game/environment/ament_prefix_path.dsv
[11.116s] -- Up-to-date: /home/bruithwirr/uni/ros2_ws/install/robot_game/share/robot_game/environment/path.sh
[11.116s] -- Up-to-date: /home/bruithwirr/uni/ros2_ws/install/robot_game/share/robot_game/environment/path.dsv
[11.116s] -- Up-to-date: /home/bruithwirr/uni/ros2_ws/install/robot_game/share/robot_game/local_setup.bash
[11.116s] -- Up-to-date: /home/bruithwirr/uni/ros2_ws/install/robot_game/share/robot_game/local_setup.sh
[11.116s] -- Up-to-date: /home/bruithwirr/uni/ros2_ws/install/robot_game/share/robot_game/local_setup.zsh
[11.116s] -- Up-to-date: /home/bruithwirr/uni/ros2_ws/install/robot_game/share/robot_game/local_setup.dsv
[11.116s] -- Installing: /home/bruithwirr/uni/ros2_ws/install/robot_game/share/robot_game/package.dsv
[11.116s] -- Up-to-date: /home/bruithwirr/uni/ros2_ws/install/robot_game/share/ament_index/resource_index/packages/robot_game
[11.116s] -- Up-to-date: /home/bruithwirr/uni/ros2_ws/install/robot_game/share/robot_game/cmake/robot_gameConfig.cmake
[11.116s] -- Up-to-date: /home/bruithwirr/uni/ros2_ws/install/robot_game/share/robot_game/cmake/robot_gameConfig-version.cmake
[11.116s] -- Up-to-date: /home/bruithwirr/uni/ros2_ws/install/robot_game/share/robot_game/package.xml
[11.119s] Invoked command in '/home/bruithwirr/uni/ros2_ws/build/robot_game' returned '0': CMAKE_PREFIX_PATH=/home/bruithwirr/uni/ros2_ws/install/robot_msgs:/home/bruithwirr/uni/ros2_ws/install/robot_old:/home/bruithwirr/uni/ros2_ws/install/robot_game:/opt/ros/humble /usr/bin/cmake --install /home/bruithwirr/uni/ros2_ws/build/robot_game
