-- Found ament_cmake: 1.3.14 (/opt/ros/humble/share/ament_cmake/cmake)
-- Found rosidl_default_generators: 1.2.1 (/opt/ros/humble/share/rosidl_default_generators/cmake)
-- Using all available rosidl_typesupport_c: rosidl_typesupport_fastrtps_c;rosidl_typesupport_introspection_c
-- Found rosidl_adapter: 3.1.8 (/opt/ros/humble/share/rosidl_adapter/cmake)
-- Using all available rosidl_typesupport_cpp: rosidl_typesupport_fastrtps_cpp;rosidl_typesupport_introspection_cpp
-- Found ament_cmake_ros: 0.10.0 (/opt/ros/humble/share/ament_cmake_ros/cmake)
-- Using all available rosidl_typesupport_c: rosidl_typesupport_fastrtps_c;rosidl_typesupport_introspection_c
-- Using all available rosidl_typesupport_cpp: rosidl_typesupport_fastrtps_cpp;rosidl_typesupport_introspection_cpp
-- Found python_cmake_module: 0.10.0 (/opt/ros/humble/share/python_cmake_module/cmake)
-- Using PYTHON_EXECUTABLE: /usr/bin/python3
-- Using PYTHON_INCLUDE_DIRS: /usr/include/python3.10
-- Using PYTHON_LIBRARIES: /usr/lib/x86_64-linux-gnu/libpython3.10.so
-- Found ament_lint_auto: 0.12.15 (/opt/ros/humble/share/ament_lint_auto/cmake)
-- Added test 'lint_cmake' to check CMake code style
-- Added test 'xmllint' to check XML markup files
-- Configuring done
-- Generating done
-- Build files have been written to: /home/bruithwirr/uni/ros2_ws/build/robot_msgs
[35m[1mConsolidate compiler generated dependencies of target robot_msgs__rosidl_generator_c[0m
[  6%] Built target robot_msgs__cpp
[  6%] Built target robot_msgs__rs
[  9%] [32m[1mLinking C shared library librobot_msgs__rosidl_generator_c.so[0m
[  9%] Built target ament_cmake_python_copy_robot_msgs
[35m[1mConsolidate compiler generated dependencies of target robot_msgs__rosidl_typesupport_introspection_cpp[0m
[35m[1mConsolidate compiler generated dependencies of target robot_msgs__rosidl_typesupport_fastrtps_cpp[0m
[35m[1mConsolidate compiler generated dependencies of target robot_msgs__rosidl_typesupport_cpp[0m
[ 15%] [32m[1mLinking CXX shared library librobot_msgs__rosidl_typesupport_fastrtps_cpp.so[0m
[ 18%] [32m[1mLinking CXX shared library librobot_msgs__rosidl_typesupport_cpp.so[0m
[ 18%] [32m[1mLinking CXX shared library librobot_msgs__rosidl_typesupport_introspection_cpp.so[0m
[ 25%] Built target robot_msgs__rosidl_generator_c
[35m[1mConsolidate compiler generated dependencies of target robot_msgs__rosidl_typesupport_fastrtps_c[0m
[35m[1mConsolidate compiler generated dependencies of target robot_msgs__rosidl_typesupport_introspection_c[0m
[35m[1mConsolidate compiler generated dependencies of target robot_msgs__rosidl_typesupport_c[0m
[ 31%] Built target robot_msgs__rosidl_typesupport_introspection_cpp
[ 34%] [32m[1mLinking C shared library librobot_msgs__rosidl_typesupport_introspection_c.so[0m
[ 40%] Built target robot_msgs__rosidl_typesupport_cpp
[ 46%] [32m[1mLinking CXX shared library librobot_msgs__rosidl_typesupport_fastrtps_c.so[0m
[ 46%] [32m[1mLinking CXX shared library librobot_msgs__rosidl_typesupport_c.so[0m
[ 53%] Built target robot_msgs__rosidl_typesupport_introspection_c
[ 59%] Built target robot_msgs__rosidl_typesupport_c
[ 65%] Built target robot_msgs__rosidl_typesupport_fastrtps_cpp
[ 71%] Built target robot_msgs__rosidl_typesupport_fastrtps_c
[ 71%] Built target robot_msgs
[ 75%] Built target robot_msgs__py
[35m[1mConsolidate compiler generated dependencies of target robot_msgs__rosidl_generator_py[0m
running egg_info
writing robot_msgs.egg-info/PKG-INFO
writing dependency_links to robot_msgs.egg-info/dependency_links.txt
writing top-level names to robot_msgs.egg-info/top_level.txt
reading manifest file 'robot_msgs.egg-info/SOURCES.txt'
writing manifest file 'robot_msgs.egg-info/SOURCES.txt'
[ 78%] [32m[1mLinking C shared library rosidl_generator_py/robot_msgs/librobot_msgs__rosidl_generator_py.so[0m
[ 78%] Built target ament_cmake_python_build_robot_msgs_egg
[ 81%] Built target robot_msgs__rosidl_generator_py
[35m[1mConsolidate compiler generated dependencies of target robot_msgs__rosidl_typesupport_c__pyext[0m
[35m[1mConsolidate compiler generated dependencies of target robot_msgs__rosidl_typesupport_introspection_c__pyext[0m
[35m[1mConsolidate compiler generated dependencies of target robot_msgs__rosidl_typesupport_fastrtps_c__pyext[0m
[ 90%] [32m[1mLinking C shared library rosidl_generator_py/robot_msgs/robot_msgs_s__rosidl_typesupport_fastrtps_c.cpython-310-x86_64-linux-gnu.so[0m
[ 90%] [32m[1mLinking C shared library rosidl_generator_py/robot_msgs/robot_msgs_s__rosidl_typesupport_c.cpython-310-x86_64-linux-gnu.so[0m
[ 90%] [32m[1mLinking C shared library rosidl_generator_py/robot_msgs/robot_msgs_s__rosidl_typesupport_introspection_c.cpython-310-x86_64-linux-gnu.so[0m
/usr/bin/ld: CMakeFiles/robot_msgs__rosidl_typesupport_c__pyext.dir/rosidl_generator_py/robot_msgs/_robot_msgs_s.ep.rosidl_typesupport_c.c.o: in function `robot_msgs__msg__game_state__create_ros_message':
_robot_msgs_s.ep.rosidl_typesupport_c.c:(.text+0x2db): undefined reference to `robot_msgs__msg__GameState__create'
/usr/bin/ld: CMakeFiles/robot_msgs__rosidl_typesupport_c__pyext.dir/rosidl_generator_py/robot_msgs/_robot_msgs_s.ep.rosidl_typesupport_c.c.o: in function `robot_msgs__msg__game_state__destroy_ros_message':
_robot_msgs_s.ep.rosidl_typesupport_c.c:(.text+0x301): undefined reference to `robot_msgs__msg__GameState__destroy'
/usr/bin/ld: CMakeFiles/robot_msgs__rosidl_typesupport_c__pyext.dir/rosidl_generator_py/robot_msgs/_robot_msgs_s.ep.rosidl_typesupport_c.c.o: in function `_register_msg_type__msg__game_state':
_robot_msgs_s.ep.rosidl_typesupport_c.c:(.text+0x409): undefined reference to `robot_msgs__msg__game_state__convert_from_py'
/usr/bin/ld: _robot_msgs_s.ep.rosidl_typesupport_c.c:(.text+0x477): undefined reference to `robot_msgs__msg__game_state__convert_to_py'
/usr/bin/ld: _robot_msgs_s.ep.rosidl_typesupport_c.c:(.text+0x4db): undefined reference to `rosidl_typesupport_c__get_message_type_support_handle__robot_msgs__msg__GameState'
/usr/bin/ld: CMakeFiles/robot_msgs__rosidl_typesupport_introspection_c__pyext.dir/rosidl_generator_py/robot_msgs/_robot_msgs_s.ep.rosidl_typesupport_introspection_c.c.o: in function `robot_msgs__msg__game_state__create_ros_message':
_robot_msgs_s.ep.rosidl_typesupport_introspection_c.c:(.text+0x2db): undefined reference to `robot_msgs__msg__GameState__create'
/usr/bin/ld: CMakeFiles/robot_msgs__rosidl_typesupport_introspection_c__pyext.dir/rosidl_generator_py/robot_msgs/_robot_msgs_s.ep.rosidl_typesupport_introspection_c.c.o: in function `robot_msgs__msg__game_state__destroy_ros_message':
_robot_msgs_s.ep.rosidl_typesupport_introspection_c.c:(.text+0x301): undefined reference to `robot_msgs__msg__GameState__destroy'
/usr/bin/ld: CMakeFiles/robot_msgs__rosidl_typesupport_introspection_c__pyext.dir/rosidl_generator_py/robot_msgs/_robot_msgs_s.ep.rosidl_typesupport_introspection_c.c.o: in function `_register_msg_type__msg__game_state':
_robot_msgs_s.ep.rosidl_typesupport_introspection_c.c:(.text+0x409): undefined reference to `robot_msgs__msg__game_state__convert_from_py'
/usr/bin/ld: _robot_msgs_s.ep.rosidl_typesupport_introspection_c.c:(.text+0x477): undefined reference to `robot_msgs__msg__game_state__convert_to_py'
/usr/bin/ld: _robot_msgs_s.ep.rosidl_typesupport_introspection_c.c:(.text+0x4db): undefined reference to `rosidl_typesupport_c__get_message_type_support_handle__robot_msgs__msg__GameState'
collect2: error: ld returned 1 exit status
/usr/bin/ld: CMakeFiles/robot_msgs__rosidl_typesupport_fastrtps_c__pyext.dir/rosidl_generator_py/robot_msgs/_robot_msgs_s.ep.rosidl_typesupport_fastrtps_c.c.o: in function `robot_msgs__msg__game_state__create_ros_message':
_robot_msgs_s.ep.rosidl_typesupport_fastrtps_c.c:(.text+0x2db): undefined reference to `robot_msgs__msg__GameState__create'
/usr/bin/ld: CMakeFiles/robot_msgs__rosidl_typesupport_fastrtps_c__pyext.dir/rosidl_generator_py/robot_msgs/_robot_msgs_s.ep.rosidl_typesupport_fastrtps_c.c.o: in function `robot_msgs__msg__game_state__destroy_ros_message':
_robot_msgs_s.ep.rosidl_typesupport_fastrtps_c.c:(.text+0x301): undefined reference to `robot_msgs__msg__GameState__destroy'
/usr/bin/ld: CMakeFiles/robot_msgs__rosidl_typesupport_fastrtps_c__pyext.dir/rosidl_generator_py/robot_msgs/_robot_msgs_s.ep.rosidl_typesupport_fastrtps_c.c.o: in function `_register_msg_type__msg__game_state':
_robot_msgs_s.ep.rosidl_typesupport_fastrtps_c.c:(.text+0x409): undefined reference to `robot_msgs__msg__game_state__convert_from_py'
/usr/bin/ld: _robot_msgs_s.ep.rosidl_typesupport_fastrtps_c.c:(.text+0x477): undefined reference to `robot_msgs__msg__game_state__convert_to_py'
/usr/bin/ld: _robot_msgs_s.ep.rosidl_typesupport_fastrtps_c.c:(.text+0x4db): undefined reference to `rosidl_typesupport_c__get_message_type_support_handle__robot_msgs__msg__GameState'
collect2: error: ld returned 1 exit status
collect2: error: ld returned 1 exit status
gmake[2]: *** [CMakeFiles/robot_msgs__rosidl_typesupport_c__pyext.dir/build.make:105: rosidl_generator_py/robot_msgs/robot_msgs_s__rosidl_typesupport_c.cpython-310-x86_64-linux-gnu.so] Error 1
gmake[1]: *** [CMakeFiles/Makefile2:583: CMakeFiles/robot_msgs__rosidl_typesupport_c__pyext.dir/all] Error 2
gmake[1]: *** Waiting for unfinished jobs....
gmake[2]: *** [CMakeFiles/robot_msgs__rosidl_typesupport_introspection_c__pyext.dir/build.make:107: rosidl_generator_py/robot_msgs/robot_msgs_s__rosidl_typesupport_introspection_c.cpython-310-x86_64-linux-gnu.so] Error 1
gmake[1]: *** [CMakeFiles/Makefile2:554: CMakeFiles/robot_msgs__rosidl_typesupport_introspection_c__pyext.dir/all] Error 2
gmake[2]: *** [CMakeFiles/robot_msgs__rosidl_typesupport_fastrtps_c__pyext.dir/build.make:110: rosidl_generator_py/robot_msgs/robot_msgs_s__rosidl_typesupport_fastrtps_c.cpython-310-x86_64-linux-gnu.so] Error 1
gmake[1]: *** [CMakeFiles/Makefile2:524: CMakeFiles/robot_msgs__rosidl_typesupport_fastrtps_c__pyext.dir/all] Error 2
gmake: *** [Makefile:146: all] Error 2
