[0.019s] Invoking command in '/home/bruithwirr/uni/ros2_ws/build/robot_msgs': CMAKE_PREFIX_PATH=${CMAKE_PREFIX_PATH}:/opt/ros/humble /usr/bin/cmake --build /home/bruithwirr/uni/ros2_ws/build/robot_msgs -- -j12 -l12
[0.123s] -- Found ament_cmake: 1.3.14 (/opt/ros/humble/share/ament_cmake/cmake)
[0.240s] -- Found rosidl_default_generators: 1.2.1 (/opt/ros/humble/share/rosidl_default_generators/cmake)
[0.242s] -- Using all available rosidl_typesupport_c: rosidl_typesupport_fastrtps_c;rosidl_typesupport_introspection_c
[0.244s] -- Found rosidl_adapter: 3.1.8 (/opt/ros/humble/share/rosidl_adapter/cmake)
[0.270s] -- Using all available rosidl_typesupport_cpp: rosidl_typesupport_fastrtps_cpp;rosidl_typesupport_introspection_cpp
[0.604s] -- Found ament_cmake_ros: 0.10.0 (/opt/ros/humble/share/ament_cmake_ros/cmake)
[0.780s] -- Using all available rosidl_typesupport_c: rosidl_typesupport_fastrtps_c;rosidl_typesupport_introspection_c
[1.014s] -- Using all available rosidl_typesupport_cpp: rosidl_typesupport_fastrtps_cpp;rosidl_typesupport_introspection_cpp
[1.041s] -- Found python_cmake_module: 0.10.0 (/opt/ros/humble/share/python_cmake_module/cmake)
[1.062s] -- Using PYTHON_EXECUTABLE: /usr/bin/python3
[1.062s] -- Using PYTHON_INCLUDE_DIRS: /usr/include/python3.10
[1.062s] -- Using PYTHON_LIBRARIES: /usr/lib/x86_64-linux-gnu/libpython3.10.so
[1.128s] -- Found ament_lint_auto: 0.12.15 (/opt/ros/humble/share/ament_lint_auto/cmake)
[1.144s] -- Added test 'lint_cmake' to check CMake code style
[1.145s] -- Added test 'xmllint' to check XML markup files
[1.148s] -- Configuring done
[1.181s] -- Generating done
[1.191s] -- Build files have been written to: /home/bruithwirr/uni/ros2_ws/build/robot_msgs
[1.225s] [35m[1mConsolidate compiler generated dependencies of target robot_msgs__rosidl_generator_c[0m
[1.235s] [  6%] Built target robot_msgs__cpp
[1.235s] [  6%] Built target robot_msgs__rs
[1.236s] [  9%] [32m[1mLinking C shared library librobot_msgs__rosidl_generator_c.so[0m
[1.247s] [  9%] Built target ament_cmake_python_copy_robot_msgs
[1.247s] [35m[1mConsolidate compiler generated dependencies of target robot_msgs__rosidl_typesupport_introspection_cpp[0m
[1.247s] [35m[1mConsolidate compiler generated dependencies of target robot_msgs__rosidl_typesupport_fastrtps_cpp[0m
[1.247s] [35m[1mConsolidate compiler generated dependencies of target robot_msgs__rosidl_typesupport_cpp[0m
[1.269s] [ 15%] [32m[1mLinking CXX shared library librobot_msgs__rosidl_typesupport_fastrtps_cpp.so[0m
[1.270s] [ 18%] [32m[1mLinking CXX shared library librobot_msgs__rosidl_typesupport_cpp.so[0m
[1.271s] [ 18%] [32m[1mLinking CXX shared library librobot_msgs__rosidl_typesupport_introspection_cpp.so[0m
[1.304s] [ 25%] Built target robot_msgs__rosidl_generator_c
[1.346s] [35m[1mConsolidate compiler generated dependencies of target robot_msgs__rosidl_typesupport_fastrtps_c[0m
[1.351s] [35m[1mConsolidate compiler generated dependencies of target robot_msgs__rosidl_typesupport_introspection_c[0m
[1.366s] [35m[1mConsolidate compiler generated dependencies of target robot_msgs__rosidl_typesupport_c[0m
[1.367s] [ 31%] Built target robot_msgs__rosidl_typesupport_introspection_cpp
[1.374s] [ 34%] [32m[1mLinking C shared library librobot_msgs__rosidl_typesupport_introspection_c.so[0m
[1.381s] [ 40%] Built target robot_msgs__rosidl_typesupport_cpp
[1.381s] [ 46%] [32m[1mLinking CXX shared library librobot_msgs__rosidl_typesupport_fastrtps_c.so[0m
[1.382s] [ 46%] [32m[1mLinking CXX shared library librobot_msgs__rosidl_typesupport_c.so[0m
[1.436s] [ 53%] Built target robot_msgs__rosidl_typesupport_introspection_c
[1.451s] [ 59%] Built target robot_msgs__rosidl_typesupport_c
[1.464s] [ 65%] Built target robot_msgs__rosidl_typesupport_fastrtps_cpp
[1.498s] [ 71%] Built target robot_msgs__rosidl_typesupport_fastrtps_c
[1.524s] [ 71%] Built target robot_msgs
[1.548s] [ 75%] Built target robot_msgs__py
[1.559s] [35m[1mConsolidate compiler generated dependencies of target robot_msgs__rosidl_generator_py[0m
[1.569s] running egg_info
[1.569s] writing robot_msgs.egg-info/PKG-INFO
[1.570s] writing dependency_links to robot_msgs.egg-info/dependency_links.txt
[1.570s] writing top-level names to robot_msgs.egg-info/top_level.txt
[1.572s] reading manifest file 'robot_msgs.egg-info/SOURCES.txt'
[1.572s] writing manifest file 'robot_msgs.egg-info/SOURCES.txt'
[1.575s] [ 78%] [32m[1mLinking C shared library rosidl_generator_py/robot_msgs/librobot_msgs__rosidl_generator_py.so[0m
[1.602s] [ 78%] Built target ament_cmake_python_build_robot_msgs_egg
[1.622s] [ 81%] Built target robot_msgs__rosidl_generator_py
[1.635s] [35m[1mConsolidate compiler generated dependencies of target robot_msgs__rosidl_typesupport_c__pyext[0m
[1.635s] [35m[1mConsolidate compiler generated dependencies of target robot_msgs__rosidl_typesupport_introspection_c__pyext[0m
[1.635s] [35m[1mConsolidate compiler generated dependencies of target robot_msgs__rosidl_typesupport_fastrtps_c__pyext[0m
[1.650s] [ 90%] [32m[1mLinking C shared library rosidl_generator_py/robot_msgs/robot_msgs_s__rosidl_typesupport_fastrtps_c.cpython-310-x86_64-linux-gnu.so[0m
[1.650s] [ 90%] [32m[1mLinking C shared library rosidl_generator_py/robot_msgs/robot_msgs_s__rosidl_typesupport_c.cpython-310-x86_64-linux-gnu.so[0m
[1.650s] [ 90%] [32m[1mLinking C shared library rosidl_generator_py/robot_msgs/robot_msgs_s__rosidl_typesupport_introspection_c.cpython-310-x86_64-linux-gnu.so[0m
[1.676s] /usr/bin/ld: CMakeFiles/robot_msgs__rosidl_typesupport_c__pyext.dir/rosidl_generator_py/robot_msgs/_robot_msgs_s.ep.rosidl_typesupport_c.c.o: in function `robot_msgs__msg__game_state__create_ros_message':
[1.676s] _robot_msgs_s.ep.rosidl_typesupport_c.c:(.text+0x2db): undefined reference to `robot_msgs__msg__GameState__create'
[1.676s] /usr/bin/ld: CMakeFiles/robot_msgs__rosidl_typesupport_c__pyext.dir/rosidl_generator_py/robot_msgs/_robot_msgs_s.ep.rosidl_typesupport_c.c.o: in function `robot_msgs__msg__game_state__destroy_ros_message':
[1.676s] _robot_msgs_s.ep.rosidl_typesupport_c.c:(.text+0x301): undefined reference to `robot_msgs__msg__GameState__destroy'
[1.676s] /usr/bin/ld: CMakeFiles/robot_msgs__rosidl_typesupport_c__pyext.dir/rosidl_generator_py/robot_msgs/_robot_msgs_s.ep.rosidl_typesupport_c.c.o: in function `_register_msg_type__msg__game_state':
[1.676s] _robot_msgs_s.ep.rosidl_typesupport_c.c:(.text+0x409): undefined reference to `robot_msgs__msg__game_state__convert_from_py'
[1.677s] /usr/bin/ld: _robot_msgs_s.ep.rosidl_typesupport_c.c:(.text+0x477): undefined reference to `robot_msgs__msg__game_state__convert_to_py'
[1.677s] /usr/bin/ld: _robot_msgs_s.ep.rosidl_typesupport_c.c:(.text+0x4db): undefined reference to `rosidl_typesupport_c__get_message_type_support_handle__robot_msgs__msg__GameState'
[1.677s] /usr/bin/ld: CMakeFiles/robot_msgs__rosidl_typesupport_introspection_c__pyext.dir/rosidl_generator_py/robot_msgs/_robot_msgs_s.ep.rosidl_typesupport_introspection_c.c.o: in function `robot_msgs__msg__game_state__create_ros_message':
[1.677s] _robot_msgs_s.ep.rosidl_typesupport_introspection_c.c:(.text+0x2db): undefined reference to `robot_msgs__msg__GameState__create'
[1.677s] /usr/bin/ld: CMakeFiles/robot_msgs__rosidl_typesupport_introspection_c__pyext.dir/rosidl_generator_py/robot_msgs/_robot_msgs_s.ep.rosidl_typesupport_introspection_c.c.o: in function `robot_msgs__msg__game_state__destroy_ros_message':
[1.677s] _robot_msgs_s.ep.rosidl_typesupport_introspection_c.c:(.text+0x301): undefined reference to `robot_msgs__msg__GameState__destroy'
[1.677s] /usr/bin/ld: CMakeFiles/robot_msgs__rosidl_typesupport_introspection_c__pyext.dir/rosidl_generator_py/robot_msgs/_robot_msgs_s.ep.rosidl_typesupport_introspection_c.c.o: in function `_register_msg_type__msg__game_state':
[1.677s] _robot_msgs_s.ep.rosidl_typesupport_introspection_c.c:(.text+0x409): undefined reference to `robot_msgs__msg__game_state__convert_from_py'
[1.677s] /usr/bin/ld: _robot_msgs_s.ep.rosidl_typesupport_introspection_c.c:(.text+0x477): undefined reference to `robot_msgs__msg__game_state__convert_to_py'
[1.678s] /usr/bin/ld: _robot_msgs_s.ep.rosidl_typesupport_introspection_c.c:(.text+0x4db): undefined reference to `rosidl_typesupport_c__get_message_type_support_handle__robot_msgs__msg__GameState'
[1.678s] collect2: error: ld returned 1 exit status
[1.678s] /usr/bin/ld: CMakeFiles/robot_msgs__rosidl_typesupport_fastrtps_c__pyext.dir/rosidl_generator_py/robot_msgs/_robot_msgs_s.ep.rosidl_typesupport_fastrtps_c.c.o: in function `robot_msgs__msg__game_state__create_ros_message':
[1.678s] _robot_msgs_s.ep.rosidl_typesupport_fastrtps_c.c:(.text+0x2db): undefined reference to `robot_msgs__msg__GameState__create'
[1.678s] /usr/bin/ld: CMakeFiles/robot_msgs__rosidl_typesupport_fastrtps_c__pyext.dir/rosidl_generator_py/robot_msgs/_robot_msgs_s.ep.rosidl_typesupport_fastrtps_c.c.o: in function `robot_msgs__msg__game_state__destroy_ros_message':
[1.678s] _robot_msgs_s.ep.rosidl_typesupport_fastrtps_c.c:(.text+0x301): undefined reference to `robot_msgs__msg__GameState__destroy'
[1.678s] /usr/bin/ld: CMakeFiles/robot_msgs__rosidl_typesupport_fastrtps_c__pyext.dir/rosidl_generator_py/robot_msgs/_robot_msgs_s.ep.rosidl_typesupport_fastrtps_c.c.o: in function `_register_msg_type__msg__game_state':
[1.678s] _robot_msgs_s.ep.rosidl_typesupport_fastrtps_c.c:(.text+0x409): undefined reference to `robot_msgs__msg__game_state__convert_from_py'
[1.678s] /usr/bin/ld: _robot_msgs_s.ep.rosidl_typesupport_fastrtps_c.c:(.text+0x477): undefined reference to `robot_msgs__msg__game_state__convert_to_py'
[1.678s] /usr/bin/ld: _robot_msgs_s.ep.rosidl_typesupport_fastrtps_c.c:(.text+0x4db): undefined reference to `rosidl_typesupport_c__get_message_type_support_handle__robot_msgs__msg__GameState'
[1.678s] collect2: error: ld returned 1 exit status
[1.678s] collect2: error: ld returned 1 exit status
[1.679s] gmake[2]: *** [CMakeFiles/robot_msgs__rosidl_typesupport_c__pyext.dir/build.make:105: rosidl_generator_py/robot_msgs/robot_msgs_s__rosidl_typesupport_c.cpython-310-x86_64-linux-gnu.so] Error 1
[1.679s] gmake[1]: *** [CMakeFiles/Makefile2:583: CMakeFiles/robot_msgs__rosidl_typesupport_c__pyext.dir/all] Error 2
[1.679s] gmake[1]: *** Waiting for unfinished jobs....
[1.679s] gmake[2]: *** [CMakeFiles/robot_msgs__rosidl_typesupport_introspection_c__pyext.dir/build.make:107: rosidl_generator_py/robot_msgs/robot_msgs_s__rosidl_typesupport_introspection_c.cpython-310-x86_64-linux-gnu.so] Error 1
[1.680s] gmake[1]: *** [CMakeFiles/Makefile2:554: CMakeFiles/robot_msgs__rosidl_typesupport_introspection_c__pyext.dir/all] Error 2
[1.680s] gmake[2]: *** [CMakeFiles/robot_msgs__rosidl_typesupport_fastrtps_c__pyext.dir/build.make:110: rosidl_generator_py/robot_msgs/robot_msgs_s__rosidl_typesupport_fastrtps_c.cpython-310-x86_64-linux-gnu.so] Error 1
[1.680s] gmake[1]: *** [CMakeFiles/Makefile2:524: CMakeFiles/robot_msgs__rosidl_typesupport_fastrtps_c__pyext.dir/all] Error 2
[1.680s] gmake: *** [Makefile:146: all] Error 2
[1.682s] Invoked command in '/home/bruithwirr/uni/ros2_ws/build/robot_msgs' returned '2': CMAKE_PREFIX_PATH=${CMAKE_PREFIX_PATH}:/opt/ros/humble /usr/bin/cmake --build /home/bruithwirr/uni/ros2_ws/build/robot_msgs -- -j12 -l12
