-- Found ament_cmake: 1.3.14 (/opt/ros/humble/share/ament_cmake/cmake)
-- Found rosidl_default_generators: 1.2.1 (/opt/ros/humble/share/rosidl_default_generators/cmake)
-- Using all available rosidl_typesupport_c: rosidl_typesupport_fastrtps_c;rosidl_typesupport_introspection_c
-- Found rosidl_adapter: 3.1.8 (/opt/ros/humble/share/rosidl_adapter/cmake)
-- Using all available rosidl_typesupport_cpp: rosidl_typesupport_fastrtps_cpp;rosidl_typesupport_introspection_cpp
-- Found ament_cmake_ros: 0.10.0 (/opt/ros/humble/share/ament_cmake_ros/cmake)
-- Using all available rosidl_typesupport_c: rosidl_typesupport_fastrtps_c;rosidl_typesupport_introspection_c
-- Using all available rosidl_typesupport_cpp: rosidl_typesupport_fastrtps_cpp;rosidl_typesupport_introspection_cpp
-- Found python_cmake_module: 0.10.0 (/opt/ros/humble/share/python_cmake_module/cmake)
-- Using PYTHON_EXECUTABLE: /usr/bin/python3
-- Using PYTHON_INCLUDE_DIRS: /usr/include/python3.10
-- Using PYTHON_LIBRARIES: /usr/lib/x86_64-linux-gnu/libpython3.10.so
-- Found ament_lint_auto: 0.12.15 (/opt/ros/humble/share/ament_lint_auto/cmake)
-- Added test 'lint_cmake' to check CMake code style
-- Added test 'xmllint' to check XML markup files
-- Configuring done
-- Generating done
-- Build files have been written to: /home/bruithwirr/uni/ros2_ws/build/robot_msgs
[35m[1mConsolidate compiler generated dependencies of target robot_msgs__rosidl_generator_c[0m
[  6%] Built target robot_msgs__rs
[  6%] Built target robot_msgs__cpp
[ 15%] Built target robot_msgs__rosidl_generator_c
[ 15%] Built target ament_cmake_python_copy_robot_msgs
[35m[1mConsolidate compiler generated dependencies of target robot_msgs__rosidl_typesupport_cpp[0m
[35m[1mConsolidate compiler generated dependencies of target robot_msgs__rosidl_typesupport_fastrtps_cpp[0m
[35m[1mConsolidate compiler generated dependencies of target robot_msgs__rosidl_typesupport_introspection_cpp[0m
[35m[1mConsolidate compiler generated dependencies of target robot_msgs__rosidl_typesupport_c[0m
[35m[1mConsolidate compiler generated dependencies of target robot_msgs__rosidl_typesupport_introspection_c[0m
[ 25%] Built target robot_msgs__rosidl_typesupport_cpp
[35m[1mConsolidate compiler generated dependencies of target robot_msgs__rosidl_typesupport_fastrtps_c[0m
[ 34%] Built target robot_msgs__rosidl_typesupport_fastrtps_cpp
[ 43%] Built target robot_msgs__rosidl_typesupport_introspection_cpp
[ 53%] Built target robot_msgs__rosidl_typesupport_c
[ 62%] Built target robot_msgs__rosidl_typesupport_introspection_c
[ 71%] Built target robot_msgs__rosidl_typesupport_fastrtps_c
[ 71%] Built target robot_msgs
[ 75%] Built target robot_msgs__py
[35m[1mConsolidate compiler generated dependencies of target robot_msgs__rosidl_generator_py[0m
[ 81%] Built target robot_msgs__rosidl_generator_py
[35m[1mConsolidate compiler generated dependencies of target robot_msgs__rosidl_typesupport_c__pyext[0m
[35m[1mConsolidate compiler generated dependencies of target robot_msgs__rosidl_typesupport_introspection_c__pyext[0m
[35m[1mConsolidate compiler generated dependencies of target robot_msgs__rosidl_typesupport_fastrtps_c__pyext[0m
[100%] Built target robot_msgs__rosidl_typesupport_fastrtps_c__pyext
[100%] Built target robot_msgs__rosidl_typesupport_introspection_c__pyext
[100%] Built target robot_msgs__rosidl_typesupport_c__pyext
running egg_info
writing robot_msgs.egg-info/PKG-INFO
writing dependency_links to robot_msgs.egg-info/dependency_links.txt
writing top-level names to robot_msgs.egg-info/top_level.txt
reading manifest file 'robot_msgs.egg-info/SOURCES.txt'
writing manifest file 'robot_msgs.egg-info/SOURCES.txt'
[100%] Built target ament_cmake_python_build_robot_msgs_egg
-- Install configuration: ""
-- Up-to-date: /home/bruithwirr/uni/ros2_ws/install/robot_msgs/share/ament_index/resource_index/rosidl_interfaces/robot_msgs
-- Up-to-date: /home/bruithwirr/uni/ros2_ws/install/robot_msgs/include/robot_msgs/robot_msgs
-- Up-to-date: /home/bruithwirr/uni/ros2_ws/install/robot_msgs/include/robot_msgs/robot_msgs/msg
-- Up-to-date: /home/bruithwirr/uni/ros2_ws/install/robot_msgs/include/robot_msgs/robot_msgs/msg/detail
-- Up-to-date: /home/bruithwirr/uni/ros2_ws/install/robot_msgs/include/robot_msgs/robot_msgs/msg/detail/robot_state__type_support.h
-- Up-to-date: /home/bruithwirr/uni/ros2_ws/install/robot_msgs/include/robot_msgs/robot_msgs/msg/detail/robot_state__struct.h
-- Up-to-date: /home/bruithwirr/uni/ros2_ws/install/robot_msgs/include/robot_msgs/robot_msgs/msg/detail/robot_state__functions.h
-- Up-to-date: /home/bruithwirr/uni/ros2_ws/install/robot_msgs/include/robot_msgs/robot_msgs/msg/detail/robot_state__functions.c
-- Up-to-date: /home/bruithwirr/uni/ros2_ws/install/robot_msgs/include/robot_msgs/robot_msgs/msg/robot_state.h
-- Up-to-date: /home/bruithwirr/uni/ros2_ws/install/robot_msgs/include/robot_msgs/robot_msgs/msg/rosidl_generator_c__visibility_control.h
-- Up-to-date: /home/bruithwirr/uni/ros2_ws/install/robot_msgs/share/robot_msgs/environment/library_path.sh
-- Installing: /home/bruithwirr/uni/ros2_ws/install/robot_msgs/share/robot_msgs/environment/library_path.dsv
-- Up-to-date: /home/bruithwirr/uni/ros2_ws/install/robot_msgs/lib/librobot_msgs__rosidl_generator_c.so
-- Up-to-date: /home/bruithwirr/uni/ros2_ws/install/robot_msgs/include/robot_msgs/robot_msgs
-- Up-to-date: /home/bruithwirr/uni/ros2_ws/install/robot_msgs/include/robot_msgs/robot_msgs/msg
-- Up-to-date: /home/bruithwirr/uni/ros2_ws/install/robot_msgs/include/robot_msgs/robot_msgs/msg/detail
-- Up-to-date: /home/bruithwirr/uni/ros2_ws/install/robot_msgs/include/robot_msgs/robot_msgs/msg/detail/robot_state__rosidl_typesupport_fastrtps_c.h
-- Up-to-date: /home/bruithwirr/uni/ros2_ws/install/robot_msgs/include/robot_msgs/robot_msgs/msg/rosidl_typesupport_fastrtps_c__visibility_control.h
-- Up-to-date: /home/bruithwirr/uni/ros2_ws/install/robot_msgs/lib/librobot_msgs__rosidl_typesupport_fastrtps_c.so
-- Up-to-date: /home/bruithwirr/uni/ros2_ws/install/robot_msgs/include/robot_msgs/robot_msgs
-- Up-to-date: /home/bruithwirr/uni/ros2_ws/install/robot_msgs/include/robot_msgs/robot_msgs/msg
-- Up-to-date: /home/bruithwirr/uni/ros2_ws/install/robot_msgs/include/robot_msgs/robot_msgs/msg/detail
-- Up-to-date: /home/bruithwirr/uni/ros2_ws/install/robot_msgs/include/robot_msgs/robot_msgs/msg/detail/robot_state__rosidl_typesupport_introspection_c.h
-- Up-to-date: /home/bruithwirr/uni/ros2_ws/install/robot_msgs/include/robot_msgs/robot_msgs/msg/detail/robot_state__type_support.c
-- Up-to-date: /home/bruithwirr/uni/ros2_ws/install/robot_msgs/include/robot_msgs/robot_msgs/msg/rosidl_typesupport_introspection_c__visibility_control.h
-- Up-to-date: /home/bruithwirr/uni/ros2_ws/install/robot_msgs/lib/librobot_msgs__rosidl_typesupport_introspection_c.so
-- Up-to-date: /home/bruithwirr/uni/ros2_ws/install/robot_msgs/lib/librobot_msgs__rosidl_typesupport_c.so
-- Up-to-date: /home/bruithwirr/uni/ros2_ws/install/robot_msgs/include/robot_msgs/robot_msgs
-- Up-to-date: /home/bruithwirr/uni/ros2_ws/install/robot_msgs/include/robot_msgs/robot_msgs/msg
-- Up-to-date: /home/bruithwirr/uni/ros2_ws/install/robot_msgs/include/robot_msgs/robot_msgs/msg/detail
-- Up-to-date: /home/bruithwirr/uni/ros2_ws/install/robot_msgs/include/robot_msgs/robot_msgs/msg/detail/robot_state__builder.hpp
-- Up-to-date: /home/bruithwirr/uni/ros2_ws/install/robot_msgs/include/robot_msgs/robot_msgs/msg/detail/robot_state__traits.hpp
-- Up-to-date: /home/bruithwirr/uni/ros2_ws/install/robot_msgs/include/robot_msgs/robot_msgs/msg/detail/robot_state__type_support.hpp
-- Up-to-date: /home/bruithwirr/uni/ros2_ws/install/robot_msgs/include/robot_msgs/robot_msgs/msg/detail/robot_state__struct.hpp
-- Up-to-date: /home/bruithwirr/uni/ros2_ws/install/robot_msgs/include/robot_msgs/robot_msgs/msg/rosidl_generator_cpp__visibility_control.hpp
-- Up-to-date: /home/bruithwirr/uni/ros2_ws/install/robot_msgs/include/robot_msgs/robot_msgs/msg/robot_state.hpp
-- Up-to-date: /home/bruithwirr/uni/ros2_ws/install/robot_msgs/include/robot_msgs/robot_msgs
-- Up-to-date: /home/bruithwirr/uni/ros2_ws/install/robot_msgs/include/robot_msgs/robot_msgs/msg
-- Up-to-date: /home/bruithwirr/uni/ros2_ws/install/robot_msgs/include/robot_msgs/robot_msgs/msg/detail
-- Up-to-date: /home/bruithwirr/uni/ros2_ws/install/robot_msgs/include/robot_msgs/robot_msgs/msg/detail/robot_state__rosidl_typesupport_fastrtps_cpp.hpp
-- Up-to-date: /home/bruithwirr/uni/ros2_ws/install/robot_msgs/include/robot_msgs/robot_msgs/msg/detail/dds_fastrtps
-- Up-to-date: /home/bruithwirr/uni/ros2_ws/install/robot_msgs/include/robot_msgs/robot_msgs/msg/rosidl_typesupport_fastrtps_cpp__visibility_control.h
-- Up-to-date: /home/bruithwirr/uni/ros2_ws/install/robot_msgs/lib/librobot_msgs__rosidl_typesupport_fastrtps_cpp.so
-- Up-to-date: /home/bruithwirr/uni/ros2_ws/install/robot_msgs/include/robot_msgs/robot_msgs
-- Up-to-date: /home/bruithwirr/uni/ros2_ws/install/robot_msgs/include/robot_msgs/robot_msgs/msg
-- Up-to-date: /home/bruithwirr/uni/ros2_ws/install/robot_msgs/include/robot_msgs/robot_msgs/msg/detail
-- Up-to-date: /home/bruithwirr/uni/ros2_ws/install/robot_msgs/include/robot_msgs/robot_msgs/msg/detail/robot_state__type_support.cpp
-- Up-to-date: /home/bruithwirr/uni/ros2_ws/install/robot_msgs/include/robot_msgs/robot_msgs/msg/detail/robot_state__rosidl_typesupport_introspection_cpp.hpp
-- Up-to-date: /home/bruithwirr/uni/ros2_ws/install/robot_msgs/lib/librobot_msgs__rosidl_typesupport_introspection_cpp.so
-- Up-to-date: /home/bruithwirr/uni/ros2_ws/install/robot_msgs/lib/librobot_msgs__rosidl_typesupport_cpp.so
-- Up-to-date: /home/bruithwirr/uni/ros2_ws/install/robot_msgs/share/robot_msgs/environment/pythonpath.sh
-- Installing: /home/bruithwirr/uni/ros2_ws/install/robot_msgs/share/robot_msgs/environment/pythonpath.dsv
-- Up-to-date: /home/bruithwirr/uni/ros2_ws/install/robot_msgs/local/lib/python3.10/dist-packages/robot_msgs-0.0.0-py3.10.egg-info
-- Installing: /home/bruithwirr/uni/ros2_ws/install/robot_msgs/local/lib/python3.10/dist-packages/robot_msgs-0.0.0-py3.10.egg-info/top_level.txt
-- Installing: /home/bruithwirr/uni/ros2_ws/install/robot_msgs/local/lib/python3.10/dist-packages/robot_msgs-0.0.0-py3.10.egg-info/dependency_links.txt
-- Installing: /home/bruithwirr/uni/ros2_ws/install/robot_msgs/local/lib/python3.10/dist-packages/robot_msgs-0.0.0-py3.10.egg-info/SOURCES.txt
-- Installing: /home/bruithwirr/uni/ros2_ws/install/robot_msgs/local/lib/python3.10/dist-packages/robot_msgs-0.0.0-py3.10.egg-info/PKG-INFO
-- Up-to-date: /home/bruithwirr/uni/ros2_ws/install/robot_msgs/local/lib/python3.10/dist-packages/robot_msgs
-- Up-to-date: /home/bruithwirr/uni/ros2_ws/install/robot_msgs/local/lib/python3.10/dist-packages/robot_msgs/robot_msgs_s__rosidl_typesupport_fastrtps_c.cpython-310-x86_64-linux-gnu.so
-- Up-to-date: /home/bruithwirr/uni/ros2_ws/install/robot_msgs/local/lib/python3.10/dist-packages/robot_msgs/robot_msgs_s__rosidl_typesupport_introspection_c.cpython-310-x86_64-linux-gnu.so
-- Up-to-date: /home/bruithwirr/uni/ros2_ws/install/robot_msgs/local/lib/python3.10/dist-packages/robot_msgs/_robot_msgs_s.ep.rosidl_typesupport_c.c
-- Installing: /home/bruithwirr/uni/ros2_ws/install/robot_msgs/local/lib/python3.10/dist-packages/robot_msgs/__init__.py
-- Up-to-date: /home/bruithwirr/uni/ros2_ws/install/robot_msgs/local/lib/python3.10/dist-packages/robot_msgs/robot_msgs_s__rosidl_typesupport_c.cpython-310-x86_64-linux-gnu.so
-- Up-to-date: /home/bruithwirr/uni/ros2_ws/install/robot_msgs/local/lib/python3.10/dist-packages/robot_msgs/_robot_msgs_s.ep.rosidl_typesupport_introspection_c.c
-- Up-to-date: /home/bruithwirr/uni/ros2_ws/install/robot_msgs/local/lib/python3.10/dist-packages/robot_msgs/msg
-- Up-to-date: /home/bruithwirr/uni/ros2_ws/install/robot_msgs/local/lib/python3.10/dist-packages/robot_msgs/msg/_robot_state.py
-- Up-to-date: /home/bruithwirr/uni/ros2_ws/install/robot_msgs/local/lib/python3.10/dist-packages/robot_msgs/msg/_robot_state_s.c
-- Up-to-date: /home/bruithwirr/uni/ros2_ws/install/robot_msgs/local/lib/python3.10/dist-packages/robot_msgs/msg/__init__.py
-- Up-to-date: /home/bruithwirr/uni/ros2_ws/install/robot_msgs/local/lib/python3.10/dist-packages/robot_msgs/_robot_msgs_s.ep.rosidl_typesupport_fastrtps_c.c
-- Up-to-date: /home/bruithwirr/uni/ros2_ws/install/robot_msgs/local/lib/python3.10/dist-packages/robot_msgs/librobot_msgs__rosidl_generator_py.so
Listing '/home/bruithwirr/uni/ros2_ws/install/robot_msgs/local/lib/python3.10/dist-packages/robot_msgs'...
Compiling '/home/bruithwirr/uni/ros2_ws/install/robot_msgs/local/lib/python3.10/dist-packages/robot_msgs/__init__.py'...
Listing '/home/bruithwirr/uni/ros2_ws/install/robot_msgs/local/lib/python3.10/dist-packages/robot_msgs/msg'...
-- Up-to-date: /home/bruithwirr/uni/ros2_ws/install/robot_msgs/local/lib/python3.10/dist-packages/robot_msgs/robot_msgs_s__rosidl_typesupport_fastrtps_c.cpython-310-x86_64-linux-gnu.so
-- Up-to-date: /home/bruithwirr/uni/ros2_ws/install/robot_msgs/local/lib/python3.10/dist-packages/robot_msgs/robot_msgs_s__rosidl_typesupport_introspection_c.cpython-310-x86_64-linux-gnu.so
-- Up-to-date: /home/bruithwirr/uni/ros2_ws/install/robot_msgs/local/lib/python3.10/dist-packages/robot_msgs/robot_msgs_s__rosidl_typesupport_c.cpython-310-x86_64-linux-gnu.so
-- Up-to-date: /home/bruithwirr/uni/ros2_ws/install/robot_msgs/lib/librobot_msgs__rosidl_generator_py.so
-- Up-to-date: /home/bruithwirr/uni/ros2_ws/install/robot_msgs/share/ament_index/resource_index/rust_packages/robot_msgs
-- Up-to-date: /home/bruithwirr/uni/ros2_ws/install/robot_msgs/share/robot_msgs/rust
-- Up-to-date: /home/bruithwirr/uni/ros2_ws/install/robot_msgs/share/robot_msgs/rust/build.rs
-- Up-to-date: /home/bruithwirr/uni/ros2_ws/install/robot_msgs/share/robot_msgs/rust/Cargo.toml
-- Up-to-date: /home/bruithwirr/uni/ros2_ws/install/robot_msgs/share/robot_msgs/rust/src
-- Up-to-date: /home/bruithwirr/uni/ros2_ws/install/robot_msgs/share/robot_msgs/rust/src/lib.rs
-- Up-to-date: /home/bruithwirr/uni/ros2_ws/install/robot_msgs/share/robot_msgs/rust/src/msg.rs
-- Up-to-date: /home/bruithwirr/uni/ros2_ws/install/robot_msgs/share/robot_msgs/rust/src/msg
-- Up-to-date: /home/bruithwirr/uni/ros2_ws/install/robot_msgs/share/robot_msgs/rust/src/msg/rmw.rs
-- Up-to-date: /home/bruithwirr/uni/ros2_ws/install/robot_msgs/share/robot_msgs/msg/RobotState.idl
-- Installing: /home/bruithwirr/uni/ros2_ws/install/robot_msgs/share/robot_msgs/msg/RobotState.msg
-- Up-to-date: /home/bruithwirr/uni/ros2_ws/install/robot_msgs/share/ament_index/resource_index/package_run_dependencies/robot_msgs
-- Up-to-date: /home/bruithwirr/uni/ros2_ws/install/robot_msgs/share/ament_index/resource_index/parent_prefix_path/robot_msgs
-- Up-to-date: /home/bruithwirr/uni/ros2_ws/install/robot_msgs/share/robot_msgs/environment/ament_prefix_path.sh
-- Installing: /home/bruithwirr/uni/ros2_ws/install/robot_msgs/share/robot_msgs/environment/ament_prefix_path.dsv
-- Up-to-date: /home/bruithwirr/uni/ros2_ws/install/robot_msgs/share/robot_msgs/environment/path.sh
-- Installing: /home/bruithwirr/uni/ros2_ws/install/robot_msgs/share/robot_msgs/environment/path.dsv
-- Up-to-date: /home/bruithwirr/uni/ros2_ws/install/robot_msgs/share/robot_msgs/local_setup.bash
-- Up-to-date: /home/bruithwirr/uni/ros2_ws/install/robot_msgs/share/robot_msgs/local_setup.sh
-- Up-to-date: /home/bruithwirr/uni/ros2_ws/install/robot_msgs/share/robot_msgs/local_setup.zsh
-- Installing: /home/bruithwirr/uni/ros2_ws/install/robot_msgs/share/robot_msgs/local_setup.dsv
-- Installing: /home/bruithwirr/uni/ros2_ws/install/robot_msgs/share/robot_msgs/package.dsv
-- Up-to-date: /home/bruithwirr/uni/ros2_ws/install/robot_msgs/share/ament_index/resource_index/packages/robot_msgs
-- Up-to-date: /home/bruithwirr/uni/ros2_ws/install/robot_msgs/share/robot_msgs/cmake/export_robot_msgs__rosidl_generator_cExport.cmake
-- Up-to-date: /home/bruithwirr/uni/ros2_ws/install/robot_msgs/share/robot_msgs/cmake/export_robot_msgs__rosidl_generator_cExport-noconfig.cmake
-- Up-to-date: /home/bruithwirr/uni/ros2_ws/install/robot_msgs/share/robot_msgs/cmake/export_robot_msgs__rosidl_typesupport_fastrtps_cExport.cmake
-- Up-to-date: /home/bruithwirr/uni/ros2_ws/install/robot_msgs/share/robot_msgs/cmake/export_robot_msgs__rosidl_typesupport_fastrtps_cExport-noconfig.cmake
-- Up-to-date: /home/bruithwirr/uni/ros2_ws/install/robot_msgs/share/robot_msgs/cmake/robot_msgs__rosidl_typesupport_introspection_cExport.cmake
-- Up-to-date: /home/bruithwirr/uni/ros2_ws/install/robot_msgs/share/robot_msgs/cmake/robot_msgs__rosidl_typesupport_introspection_cExport-noconfig.cmake
-- Up-to-date: /home/bruithwirr/uni/ros2_ws/install/robot_msgs/share/robot_msgs/cmake/robot_msgs__rosidl_typesupport_cExport.cmake
-- Up-to-date: /home/bruithwirr/uni/ros2_ws/install/robot_msgs/share/robot_msgs/cmake/robot_msgs__rosidl_typesupport_cExport-noconfig.cmake
-- Up-to-date: /home/bruithwirr/uni/ros2_ws/install/robot_msgs/share/robot_msgs/cmake/export_robot_msgs__rosidl_generator_cppExport.cmake
-- Up-to-date: /home/bruithwirr/uni/ros2_ws/install/robot_msgs/share/robot_msgs/cmake/export_robot_msgs__rosidl_typesupport_fastrtps_cppExport.cmake
-- Up-to-date: /home/bruithwirr/uni/ros2_ws/install/robot_msgs/share/robot_msgs/cmake/export_robot_msgs__rosidl_typesupport_fastrtps_cppExport-noconfig.cmake
-- Up-to-date: /home/bruithwirr/uni/ros2_ws/install/robot_msgs/share/robot_msgs/cmake/robot_msgs__rosidl_typesupport_introspection_cppExport.cmake
-- Up-to-date: /home/bruithwirr/uni/ros2_ws/install/robot_msgs/share/robot_msgs/cmake/robot_msgs__rosidl_typesupport_introspection_cppExport-noconfig.cmake
-- Up-to-date: /home/bruithwirr/uni/ros2_ws/install/robot_msgs/share/robot_msgs/cmake/robot_msgs__rosidl_typesupport_cppExport.cmake
-- Up-to-date: /home/bruithwirr/uni/ros2_ws/install/robot_msgs/share/robot_msgs/cmake/robot_msgs__rosidl_typesupport_cppExport-noconfig.cmake
-- Up-to-date: /home/bruithwirr/uni/ros2_ws/install/robot_msgs/share/robot_msgs/cmake/export_robot_msgs__rosidl_generator_pyExport.cmake
-- Up-to-date: /home/bruithwirr/uni/ros2_ws/install/robot_msgs/share/robot_msgs/cmake/export_robot_msgs__rosidl_generator_pyExport-noconfig.cmake
-- Up-to-date: /home/bruithwirr/uni/ros2_ws/install/robot_msgs/share/robot_msgs/cmake/rosidl_cmake-extras.cmake
-- Up-to-date: /home/bruithwirr/uni/ros2_ws/install/robot_msgs/share/robot_msgs/cmake/ament_cmake_export_include_directories-extras.cmake
-- Up-to-date: /home/bruithwirr/uni/ros2_ws/install/robot_msgs/share/robot_msgs/cmake/ament_cmake_export_libraries-extras.cmake
-- Up-to-date: /home/bruithwirr/uni/ros2_ws/install/robot_msgs/share/robot_msgs/cmake/ament_cmake_export_targets-extras.cmake
-- Up-to-date: /home/bruithwirr/uni/ros2_ws/install/robot_msgs/share/robot_msgs/cmake/rosidl_cmake_export_typesupport_targets-extras.cmake
-- Up-to-date: /home/bruithwirr/uni/ros2_ws/install/robot_msgs/share/robot_msgs/cmake/ament_cmake_export_dependencies-extras.cmake
-- Up-to-date: /home/bruithwirr/uni/ros2_ws/install/robot_msgs/share/robot_msgs/cmake/rosidl_cmake_export_typesupport_libraries-extras.cmake
-- Up-to-date: /home/bruithwirr/uni/ros2_ws/install/robot_msgs/share/robot_msgs/cmake/robot_msgsConfig.cmake
-- Up-to-date: /home/bruithwirr/uni/ros2_ws/install/robot_msgs/share/robot_msgs/cmake/robot_msgsConfig-version.cmake
-- Installing: /home/bruithwirr/uni/ros2_ws/install/robot_msgs/share/robot_msgs/package.xml
